Archive member included because of file (symbol)

d:/fpga/nios2eds/bin/gnu/h-i686-mingw32/bin/../lib/gcc/nios2-elf/4.1.2\libgcc.a(_si_to_sf.o)
                              obj/default/media_interrupt_HAL.o (__floatsisf)
d:/fpga/nios2eds/bin/gnu/h-i686-mingw32/bin/../lib/gcc/nios2-elf/4.1.2\libgcc.a(_sf_to_si.o)
                              obj/default/media_interrupt_HAL.o (__fixsfsi)
d:/fpga/nios2eds/bin/gnu/h-i686-mingw32/bin/../lib/gcc/nios2-elf/4.1.2\libgcc.a(_sf_to_df.o)
                              obj/default/media_interrupt_HAL.o (__extendsfdf2)
d:/fpga/nios2eds/bin/gnu/h-i686-mingw32/bin/../lib/gcc/nios2-elf/4.1.2\libgcc.a(_usi_to_sf.o)
                              obj/default/media_interrupt_HAL.o (__floatunsisf)
d:/fpga/nios2eds/bin/gnu/h-i686-mingw32/bin/../lib/gcc/nios2-elf/4.1.2\libgcc.a(_make_df.o)
                              d:/fpga/nios2eds/bin/gnu/h-i686-mingw32/bin/../lib/gcc/nios2-elf/4.1.2\libgcc.a(_sf_to_df.o) (__make_dp)
d:/fpga/nios2eds/bin/gnu/h-i686-mingw32/bin/../lib/gcc/nios2-elf/4.1.2\libgcc.a(_clzsi2.o)
                              d:/fpga/nios2eds/bin/gnu/h-i686-mingw32/bin/../lib/gcc/nios2-elf/4.1.2\libgcc.a(_si_to_sf.o) (__clzsi2)
d:/fpga/nios2eds/bin/gnu/h-i686-mingw32/bin/../lib/gcc/nios2-elf/4.1.2\libgcc.a(_pack_sf.o)
                              d:/fpga/nios2eds/bin/gnu/h-i686-mingw32/bin/../lib/gcc/nios2-elf/4.1.2\libgcc.a(_si_to_sf.o) (__pack_f)
d:/fpga/nios2eds/bin/gnu/h-i686-mingw32/bin/../lib/gcc/nios2-elf/4.1.2\libgcc.a(_unpack_sf.o)
                              d:/fpga/nios2eds/bin/gnu/h-i686-mingw32/bin/../lib/gcc/nios2-elf/4.1.2\libgcc.a(_sf_to_si.o) (__unpack_f)
d:/fpga/nios2eds/bin/gnu/h-i686-mingw32/bin/../lib/gcc/nios2-elf/4.1.2\libgcc.a(_pack_df.o)
                              d:/fpga/nios2eds/bin/gnu/h-i686-mingw32/bin/../lib/gcc/nios2-elf/4.1.2\libgcc.a(_make_df.o) (__pack_d)
d:/fpga/nios2eds/bin/gnu/h-i686-mingw32/bin/../lib/gcc/nios2-elf/4.1.2\libgcc.a(_clz.o)
                              d:/fpga/nios2eds/bin/gnu/h-i686-mingw32/bin/../lib/gcc/nios2-elf/4.1.2\libgcc.a(_clzsi2.o) (__clz_tab)
d:/fpga/nios2eds/bin/gnu/h-i686-mingw32/bin/../lib/gcc/nios2-elf/4.1.2/../../../../nios2-elf/lib\libc.a(lib_a-memcpy.o)
                              obj/default/media_interrupt_HAL.o (memcpy)
d:/fpga/nios2eds/bin/gnu/h-i686-mingw32/bin/../lib/gcc/nios2-elf/4.1.2/../../../../nios2-elf/lib\libc.a(lib_a-memset.o)
                              obj/default/media_interrupt_HAL.o (memset)
d:/fpga/nios2eds/bin/gnu/h-i686-mingw32/bin/../lib/gcc/nios2-elf/4.1.2/../../../../nios2-elf/lib\libc.a(lib_a-printf.o)
                              obj/default/audio_ISR.o (printf)
d:/fpga/nios2eds/bin/gnu/h-i686-mingw32/bin/../lib/gcc/nios2-elf/4.1.2/../../../../nios2-elf/lib\libc.a(lib_a-vfprintf.o)
                              d:/fpga/nios2eds/bin/gnu/h-i686-mingw32/bin/../lib/gcc/nios2-elf/4.1.2/../../../../nios2-elf/lib\libc.a(lib_a-printf.o) (___vfprintf_internal_r)
d:/fpga/nios2eds/bin/gnu/h-i686-mingw32/bin/../lib/gcc/nios2-elf/4.1.2/../../../../nios2-elf/lib\libc.a(lib_a-wsetup.o)
                              d:/fpga/nios2eds/bin/gnu/h-i686-mingw32/bin/../lib/gcc/nios2-elf/4.1.2/../../../../nios2-elf/lib\libc.a(lib_a-vfprintf.o) (__swsetup_r)
d:/fpga/nios2eds/bin/gnu/h-i686-mingw32/bin/../lib/gcc/nios2-elf/4.1.2/../../../../nios2-elf/lib\libc.a(lib_a-dtoa.o)
                              d:/fpga/nios2eds/bin/gnu/h-i686-mingw32/bin/../lib/gcc/nios2-elf/4.1.2/../../../../nios2-elf/lib\libc.a(lib_a-vfprintf.o) (_dtoa_r)
d:/fpga/nios2eds/bin/gnu/h-i686-mingw32/bin/../lib/gcc/nios2-elf/4.1.2/../../../../nios2-elf/lib\libc.a(lib_a-fflush.o)
                              d:/fpga/nios2eds/bin/gnu/h-i686-mingw32/bin/../lib/gcc/nios2-elf/4.1.2/../../../../nios2-elf/lib\libc.a(lib_a-vfprintf.o) (_fflush_r)
d:/fpga/nios2eds/bin/gnu/h-i686-mingw32/bin/../lib/gcc/nios2-elf/4.1.2/../../../../nios2-elf/lib\libc.a(lib_a-findfp.o)
                              d:/fpga/nios2eds/bin/gnu/h-i686-mingw32/bin/../lib/gcc/nios2-elf/4.1.2/../../../../nios2-elf/lib\libc.a(lib_a-vfprintf.o) (__sinit)
d:/fpga/nios2eds/bin/gnu/h-i686-mingw32/bin/../lib/gcc/nios2-elf/4.1.2/../../../../nios2-elf/lib\libc.a(lib_a-freer.o)
                              d:/fpga/nios2eds/bin/gnu/h-i686-mingw32/bin/../lib/gcc/nios2-elf/4.1.2/../../../../nios2-elf/lib\libc.a(lib_a-wsetup.o) (_free_r)
d:/fpga/nios2eds/bin/gnu/h-i686-mingw32/bin/../lib/gcc/nios2-elf/4.1.2/../../../../nios2-elf/lib\libc.a(lib_a-fvwrite.o)
                              d:/fpga/nios2eds/bin/gnu/h-i686-mingw32/bin/../lib/gcc/nios2-elf/4.1.2/../../../../nios2-elf/lib\libc.a(lib_a-vfprintf.o) (__sfvwrite_r)
d:/fpga/nios2eds/bin/gnu/h-i686-mingw32/bin/../lib/gcc/nios2-elf/4.1.2/../../../../nios2-elf/lib\libc.a(lib_a-fwalk.o)
                              d:/fpga/nios2eds/bin/gnu/h-i686-mingw32/bin/../lib/gcc/nios2-elf/4.1.2/../../../../nios2-elf/lib\libc.a(lib_a-fflush.o) (_fwalk_reent)
[...]
Memory Configuration

Name             Origin             Length             Attributes
reset            0x00000000         0x00000020
SDRAM            0x00000020         0x007fffe0
Flash_flash_data 0x0c000000         0x00400000
*default*        0x00000000         0xffffffff

Linker script and memory map

LOAD ../lab4_software_bsp//obj/HAL/src/crt0.o
LOAD obj/default/PS2_ISR.o
LOAD obj/default/audio_ISR.o
LOAD obj/default/globals.o
LOAD obj/default/interval_timer_ISR.o
LOAD obj/default/media_interrupt_HAL.o
LOAD obj/default/pushbutton_ISR.o
LOAD d:/fpga/nios2eds/bin/gnu/h-i686-mingw32/bin/../lib/gcc/nios2-elf/4.1.2/../../../../nios2-elf/lib\libstdc++.a
LOAD d:/fpga/nios2eds/bin/gnu/h-i686-mingw32/bin/../lib/gcc/nios2-elf/4.1.2/../../../../nios2-elf/lib\libm.a
LOAD d:/fpga/nios2eds/bin/gnu/h-i686-mingw32/bin/../lib/gcc/nios2-elf/4.1.2\libgcc.a
START GROUP
LOAD d:/fpga/nios2eds/bin/gnu/h-i686-mingw32/bin/../lib/gcc/nios2-elf/4.1.2/../../../../nios2-elf/lib\libc.a
LOAD d:/fpga/nios2eds/bin/gnu/h-i686-mingw32/bin/../lib/gcc/nios2-elf/4.1.2\libgcc.a
LOAD ../lab4_software_bsp/\libhal_bsp.a
END GROUP
LOAD d:/fpga/nios2eds/bin/gnu/h-i686-mingw32/bin/../lib/gcc/nios2-elf/4.1.2\libgcc.a
                0x00000000                __alt_mem_SDRAM = 0x0
                0x0c000000                __alt_mem_Flash_flash_data = 0xc000000

.entry          0x00000000       0x20
 *(.entry)
 .entry         0x00000000       0x20 ../lab4_software_bsp//obj/HAL/src/crt0.o
                0x00000000                __reset

.exceptions     0x00000020      0x198
                0x00000020                PROVIDE (__ram_exceptions_start, ABSOLUTE (.))
                0x00000020                . = ALIGN (0x20)
 *(.irq)
 *(.exceptions.entry.label)
 .exceptions.entry.label
                0x00000020        0x0 ../lab4_software_bsp/\libhal_bsp.a(alt_irq_entry.o)
                0x00000020                alt_irq_entry
 .exceptions.entry.label
                0x00000020        0x0 ../lab4_software_bsp/\libhal_bsp.a(alt_exception_entry.o)
                0x00000020                alt_exception
 *(.exceptions.entry.user)
 *(.exceptions.entry)
 .exceptions.entry
                0x00000020       0x54 ../lab4_software_bsp/\libhal_bsp.a(alt_exception_entry.o)
 *(.exceptions.irqtest.user)
 *(.exceptions.irqtest)
 .exceptions.irqtest
                0x00000074       0x10 ../lab4_software_bsp/\libhal_bsp.a(alt_irq_entry.o)
 *(.exceptions.irqhandler.user)
 *(.exceptions.irqhandler)
 .exceptions.irqhandler
                0x00000084        0x4 ../lab4_software_bsp/\libhal_bsp.a(alt_irq_entry.o)
 *(.exceptions.irqreturn.user)
 *(.exceptions.irqreturn)
 .exceptions.irqreturn
                0x00000088        0x4 ../lab4_software_bsp/\libhal_bsp.a(alt_irq_entry.o)
 *(.exceptions.notirq.label)
 .exceptions.notirq.label
                0x0000008c        0x0 ../lab4_software_bsp/\libhal_bsp.a(alt_irq_entry.o)
 *(.exceptions.notirq.user)
 *(.exceptions.notirq)
 .exceptions.notirq
                0x0000008c        0x8 ../lab4_software_bsp/\libhal_bsp.a(alt_exception_entry.o)
 *(.exceptions.soft.user)
 *(.exceptions.soft)
 *(.exceptions.unknown.user)
 *(.exceptions.unknown)
 .exceptions.unknown
                0x00000094        0x4 ../lab4_software_bsp/\libhal_bsp.a(alt_exception_entry.o)
 *(.exceptions.exit.label)
 .exceptions.exit.label
                0x00000098        0x0 ../lab4_software_bsp/\libhal_bsp.a(alt_irq_entry.o)
 .exceptions.exit.label
                0x00000098        0x0 ../lab4_software_bsp/\libhal_bsp.a(alt_exception_entry.o)
 *(.exceptions.exit.user)
 *(.exceptions.exit)
 .exceptions.exit
                0x00000098       0x54 ../lab4_software_bsp/\libhal_bsp.a(alt_exception_entry.o)
 *(.exceptions)
 .exceptions    0x000000ec       0xcc ../lab4_software_bsp/\libhal_bsp.a(alt_irq_handler.o)
                0x000000ec                alt_irq_handler
                0x000001b8                PROVIDE (__ram_exceptions_end, ABSOLUTE (.))
                0x00000020                PROVIDE (__flash_exceptions_start, LOADADDR (.exceptions))

.text           0x000001b8    0x13028
                0x000001b8                PROVIDE (stext, ABSOLUTE (.))
 *(.interp)
 *(.hash)
 *(.dynsym)
 *(.dynstr)
 *(.gnu.version)
 *(.gnu.version_d)
 *(.gnu.version_r)
 *(.rel.init)
 *(.rela.init)
 *(.rel.text .rel.text.* .rel.gnu.linkonce.t.*)
 *(.rela.text .rela.text.* .rela.gnu.linkonce.t.*)
 *(.rel.fini)
 *(.rela.fini)
 *(.rel.rodata .rel.rodata.* .rel.gnu.linkonce.r.*)
 *(.rela.rodata .rela.rodata.* .rela.gnu.linkonce.r.*)
 *(.rel.data .rel.data.* .rel.gnu.linkonce.d.*)
 *(.rela.data .rela.data.* .rela.gnu.linkonce.d.*)
 *(.rel.tdata .rel.tdata.* .rel.gnu.linkonce.td.*)
 *(.rela.tdata .rela.tdata.* .rela.gnu.linkonce.td.*)
 *(.rel.tbss .rel.tbss.* .rel.gnu.linkonce.tb.*)
 *(.rela.tbss .rela.tbss.* .rela.gnu.linkonce.tb.*)
 *(.rel.ctors)
 *(.rela.ctors)
 *(.rel.dtors)
 *(.rela.dtors)
 *(.rel.got)
 *(.rela.got)
 *(.rel.sdata .rel.sdata.* .rel.gnu.linkonce.s.*)
 *(.rela.sdata .rela.sdata.* .rela.gnu.linkonce.s.*)
 *(.rel.sbss .rel.sbss.* .rel.gnu.linkonce.sb.*)
 *(.rela.sbss .rela.sbss.* .rela.gnu.linkonce.sb.*)
 *(.rel.sdata2 .rel.sdata2.* .rel.gnu.linkonce.s2.*)
 *(.rela.sdata2 .rela.sdata2.* .rela.gnu.linkonce.s2.*)
 *(.rel.sbss2 .rel.sbss2.* .rel.gnu.linkonce.sb2.*)
 *(.rela.sbss2 .rela.sbss2.* .rela.gnu.linkonce.sb2.*)
 *(.rel.bss .rel.bss.* .rel.gnu.linkonce.b.*)
 *(.rela.bss .rela.bss.* .rela.gnu.linkonce.b.*)
 *(.rel.plt)
 *(.rela.plt)
 *(.rel.dyn)
 *(.init)
 *(.plt)
 *(.text .stub .text.* .gnu.linkonce.t.*)
 .text          0x000001b8       0x3c ../lab4_software_bsp//obj/HAL/src/crt0.o
                0x000001b8                _start
 .text          0x000001f4      0x150 obj/default/PS2_ISR.o
                0x000001f4                PS2_ISR
 .text          0x00000344      0x4ec obj/default/audio_ISR.o
                0x00000344                audio_ISR
 .text          0x00000830        0x0 obj/default/globals.o
 .text          0x00000830       0x60 obj/default/interval_timer_ISR.o
                0x00000830                interval_timer_ISR
 .text          0x00000890     0x2128 obj/default/media_interrupt_HAL.o
                0x00000890                main
                0x000013ac                HEX_PS2
                0x000014d0                PS2_Init
                0x00001588                show_mouse_buttons_states_on_Red_LEDs
                0x00001680                check_for_click
                0x0000170c                check_KEYs
                0x000018fc                print_mouse_on_given_position
                0x000019a0                erase_previous_mouse_position
                0x00001ce4                setMouseBounds
                0x00001d18                getMouseState
                0x00001ef4                print_screen
                0x0000210c                denoise_the_noisy_sound
                0x00002264                echo_maker
                0x000024d4                plot_audio
                0x000027b8                amplitude_circute_stop
                0x000027d4                amplitude_circute_set_size
                0x0000281c                amplitude_circute_set_num
                0x00002860                amplitude_circute_set_rbuff_addr
                0x00002890                amplitude_circute_set_lbuff_addr
                0x000028c0                amplitude_circute_set_dest_addr
                0x000028f0                amplitude_circute_start
                0x00002920                amplitude_circute_get_status
                0x00002948                amplitude_operation
 .text          0x000029b8       0xb8 obj/default/pushbutton_ISR.o
                0x000029b8                pushbutton_ISR
 .text          0x00002a70       0x98 d:/fpga/nios2eds/bin/gnu/h-i686-mingw32/bin/../lib/gcc/nios2-elf/4.1.2\libgcc.a(_si_to_sf.o)
                0x00002a70                __floatsisf
 .text          0x00002b08       0x94 d:/fpga/nios2eds/bin/gnu/h-i686-mingw32/bin/../lib/gcc/nios2-elf/4.1.2\libgcc.a(_sf_to_si.o)
                0x00002b08                __fixsfsi
 .text          0x00002b9c       0x54 d:/fpga/nios2eds/bin/gnu/h-i686-mingw32/bin/../lib/gcc/nios2-elf/4.1.2\libgcc.a(_sf_to_df.o)
                0x00002b9c                __extendsfdf2
 .text          0x00002bf0       0xc0 d:/fpga/nios2eds/bin/gnu/h-i686-mingw32/bin/../lib/gcc/nios2-elf/4.1.2\libgcc.a(_usi_to_sf.o)
                0x00002bf0                __floatunsisf
 .text          0x00002cb0       0x38 d:/fpga/nios2eds/bin/gnu/h-i686-mingw32/bin/../lib/gcc/nios2-elf/4.1.2\libgcc.a(_make_df.o)
                0x00002cb0                __make_dp
 .text          0x00002ce8       0x80 d:/fpga/nios2eds/bin/gnu/h-i686-mingw32/bin/../lib/gcc/nios2-elf/4.1.2\libgcc.a(_clzsi2.o)
                0x00002ce8                __clzsi2
 .text          0x00002d68      0x160 d:/fpga/nios2eds/bin/gnu/h-i686-mingw32/bin/../lib/gcc/nios2-elf/4.1.2\libgcc.a(_pack_sf.o)
                0x00002d68                __pack_f
 .text          0x00002ec8       0xc8 d:/fpga/nios2eds/bin/gnu/h-i686-mingw32/bin/../lib/gcc/nios2-elf/4.1.2\libgcc.a(_unpack_sf.o)
                0x00002ec8                __unpack_f
 .text          0x00002f90      0x314 d:/fpga/nios2eds/bin/gnu/h-i686-mingw32/bin/../lib/gcc/nios2-elf/4.1.2\libgcc.a(_pack_df.o)
                0x00002f90                __pack_d
 .text          0x000032a4        0x0 d:/fpga/nios2eds/bin/gnu/h-i686-mingw32/bin/../lib/gcc/nios2-elf/4.1.2\libgcc.a(_clz.o)
 .text          0x000032a4       0xa0 d:/fpga/nios2eds/bin/gnu/h-i686-mingw32/bin/../lib/gcc/nios2-elf/4.1.2/../../../../nios2-elf/lib\libc.a(lib_a-memcpy.o)
                0x000032a4                memcpy
 .text          0x00003344       0x98 d:/fpga/nios2eds/bin/gnu/h-i686-mingw32/bin/../lib/gcc/nios2-elf/4.1.2/../../../../nios2-elf/lib\libc.a(lib_a-memset.o)
                0x00003344                memset
 .text          0x000033dc       0x78 d:/fpga/nios2eds/bin/gnu/h-i686-mingw32/bin/../lib/gcc/nios2-elf/4.1.2/../../../../nios2-elf/lib\libc.a(lib_a-printf.o)
                0x000033dc                printf
                0x00003420                _printf_r
 .text          0x00003454     0x1f28 d:/fpga/nios2eds/bin/gnu/h-i686-mingw32/bin/../lib/gcc/nios2-elf/4.1.2/../../../../nios2-elf/lib\libc.a(lib_a-vfprintf.o)
                0x000034ac                ___vfprintf_internal_r
                0x00005358                __vfprintf_internal
 .text          0x0000537c      0x13c d:/fpga/nios2eds/bin/gnu/h-i686-mingw32/bin/../lib/gcc/nios2-elf/4.1.2/../../../../nios2-elf/lib\libc.a(lib_a-wsetup.o)
                0x0000537c                __swsetup_r
 .text          0x000054b8     0x17cc d:/fpga/nios2eds/bin/gnu/h-i686-mingw32/bin/../lib/gcc/nios2-elf/4.1.2/../../../../nios2-elf/lib\libc.a(lib_a-dtoa.o)
                0x000056d0                _dtoa_r
 .text          0x00006c84      0x230 d:/fpga/nios2eds/bin/gnu/h-i686-mingw32/bin/../lib/gcc/nios2-elf/4.1.2/../../../../nios2-elf/lib\libc.a(lib_a-fflush.o)
                0x00006c84                _fflush_r
                0x00006e80                fflush
 .text          0x00006eb4      0x2c0 d:/fpga/nios2eds/bin/gnu/h-i686-mingw32/bin/../lib/gcc/nios2-elf/4.1.2/../../../../nios2-elf/lib\libc.a(lib_a-findfp.o)
                0x00006f0c                __sfp_lock_acquire
                0x00006f10                __sfp_lock_release
                0x00006f14                __sinit_lock_acquire
                0x00006f18                __sinit_lock_release
                0x00006f1c                __sinit
                0x00006fd0                __fp_unlock_all
                0x00006fe8                __fp_lock_all
                0x00007000                _cleanup_r
                0x0000700c                _cleanup
                0x0000701c                __sfmoreglue
                0x00007084                __sfp
 .text          0x00007174      0x440 d:/fpga/nios2eds/bin/gnu/h-i686-mingw32/bin/../lib/gcc/nios2-elf/4.1.2/../../../../nios2-elf/lib\libc.a(lib_a-freer.o)
                0x00007174                _malloc_trim_r
                0x000072a0                _free_r
 .text          0x000075b4      0x49c d:/fpga/nios2eds/bin/gnu/h-i686-mingw32/bin/../lib/gcc/nios2-elf/4.1.2/../../../../nios2-elf/lib\libc.a(lib_a-fvwrite.o)
                0x000075b4                __sfvwrite_r
 .text          0x00007a50      0x180 d:/fpga/nios2eds/bin/gnu/h-i686-mingw32/bin/../lib/gcc/nios2-elf/4.1.2/../../../../nios2-elf/lib\libc.a(lib_a-fwalk.o)
                0x00007a50                _fwalk_reent
                0x00007b18                _fwalk
 .text          0x00007bd0        0x0 d:/fpga/nios2eds/bin/gnu/h-i686-mingw32/bin/../lib/gcc/nios2-elf/4.1.2/../../../../nios2-elf/lib\libc.a(lib_a-impure.o)
 .text          0x00007bd0       0xc4 d:/fpga/nios2eds/bin/gnu/h-i686-mingw32/bin/../lib/gcc/nios2-elf/4.1.2/../../../../nios2-elf/lib\libc.a(lib_a-locale.o)
                0x00007bd0                __locale_charset
                0x00007bd8                _localeconv_r
                0x00007be4                localeconv
                0x00007bf4                _setlocale_r
                0x00007c78                setlocale
 .text          0x00007c94      0x194 d:/fpga/nios2eds/bin/gnu/h-i686-mingw32/bin/../lib/gcc/nios2-elf/4.1.2/../../../../nios2-elf/lib\libc.a(lib_a-makebuf.o)
                0x00007c94                __smakebuf_r
 .text          0x00007e28      0x740 d:/fpga/nios2eds/bin/gnu/h-i686-mingw32/bin/../lib/gcc/nios2-elf/4.1.2/../../../../nios2-elf/lib\libc.a(lib_a-mallocr.o)
                0x00007e28                _malloc_r
 .text          0x00008568       0xe4 d:/fpga/nios2eds/bin/gnu/h-i686-mingw32/bin/../lib/gcc/nios2-elf/4.1.2/../../../../nios2-elf/lib\libc.a(lib_a-memchr.o)
                0x00008568                memchr
 .text          0x0000864c       0xe0 d:/fpga/nios2eds/bin/gnu/h-i686-mingw32/bin/../lib/gcc/nios2-elf/4.1.2/../../../../nios2-elf/lib\libc.a(lib_a-memmove.o)
                0x0000864c                memmove
 .text          0x0000872c      0xff4 d:/fpga/nios2eds/bin/gnu/h-i686-mingw32/bin/../lib/gcc/nios2-elf/4.1.2/../../../../nios2-elf/lib\libc.a(lib_a-mprec.o)
                0x0000872c                _Bfree
                0x00008754                __hi0bits
                0x000087c4                __lo0bits
                0x00008888                __mcmp
                0x000088e8                __ulp
                0x00008968                __b2d
                0x00008a88                __ratio
                0x00008b38                _mprec_log10
                0x00008bcc                __copybits
                0x00008c24                __any_on
                0x00008cac                _Balloc
                0x00008d68                __d2b
                0x00008ee4                __mdiff
                0x00009070                __lshift
                0x000091bc                __multiply
                0x000093a4                __i2b
                0x000093e0                __multadd
                0x000094e0                __pow5mult
                0x00009600                __s2b
 .text          0x00009720      0x5f4 d:/fpga/nios2eds/bin/gnu/h-i686-mingw32/bin/../lib/gcc/nios2-elf/4.1.2/../../../../nios2-elf/lib\libc.a(lib_a-reallocr.o)
                0x00009720                _realloc_r
 .text          0x00009d14       0x40 d:/fpga/nios2eds/bin/gnu/h-i686-mingw32/bin/../lib/gcc/nios2-elf/4.1.2/../../../../nios2-elf/lib\libc.a(lib_a-s_isinfd.o)
                0x00009d14                __isinfd
 .text          0x00009d54       0x30 d:/fpga/nios2eds/bin/gnu/h-i686-mingw32/bin/../lib/gcc/nios2-elf/4.1.2/../../../../nios2-elf/lib\libc.a(lib_a-s_isnand.o)
                0x00009d54                __isnand
 .text          0x00009d84       0x70 d:/fpga/nios2eds/bin/gnu/h-i686-mingw32/bin/../lib/gcc/nios2-elf/4.1.2/../../../../nios2-elf/lib\libc.a(lib_a-sbrkr.o)
                0x00009d84                _sbrk_r
 .text          0x00009df4      0x14c d:/fpga/nios2eds/bin/gnu/h-i686-mingw32/bin/../lib/gcc/nios2-elf/4.1.2/../../../../nios2-elf/lib\libc.a(lib_a-stdio.o)
                0x00009df4                __sclose
                0x00009dfc                __sseek
                0x00009e64                __swrite
                0x00009ee0                __sread
 .text          0x00009f40       0xbc d:/fpga/nios2eds/bin/gnu/h-i686-mingw32/bin/../lib/gcc/nios2-elf/4.1.2/../../../../nios2-elf/lib\libc.a(lib_a-strcmp.o)
                0x00009f40                strcmp
 .text          0x00009ffc       0x74 d:/fpga/nios2eds/bin/gnu/h-i686-mingw32/bin/../lib/gcc/nios2-elf/4.1.2/../../../../nios2-elf/lib\libc.a(lib_a-strlen.o)
                0x00009ffc                strlen
 .text          0x0000a070       0x78 d:/fpga/nios2eds/bin/gnu/h-i686-mingw32/bin/../lib/gcc/nios2-elf/4.1.2/../../../../nios2-elf/lib\libc.a(lib_a-writer.o)
                0x0000a070                _write_r
 .text          0x0000a0e8       0xb4 d:/fpga/nios2eds/bin/gnu/h-i686-mingw32/bin/../lib/gcc/nios2-elf/4.1.2/../../../../nios2-elf/lib\libc.a(lib_a-callocr.o)
                0x0000a0e8                _calloc_r
 .text          0x0000a19c       0x70 d:/fpga/nios2eds/bin/gnu/h-i686-mingw32/bin/../lib/gcc/nios2-elf/4.1.2/../../../../nios2-elf/lib\libc.a(lib_a-closer.o)
                0x0000a19c                _close_r
 .text          0x0000a20c      0x124 d:/fpga/nios2eds/bin/gnu/h-i686-mingw32/bin/../lib/gcc/nios2-elf/4.1.2/../../../../nios2-elf/lib\libc.a(lib_a-fclose.o)
                0x0000a20c                _fclose_r
                0x0000a31c                fclose
 .text          0x0000a330       0x74 d:/fpga/nios2eds/bin/gnu/h-i686-mingw32/bin/../lib/gcc/nios2-elf/4.1.2/../../../../nios2-elf/lib\libc.a(lib_a-fstatr.o)
                0x0000a330                _fstat_r
 .text          0x0000a3a4        0x0 d:/fpga/nios2eds/bin/gnu/h-i686-mingw32/bin/../lib/gcc/nios2-elf/4.1.2/../../../../nios2-elf/lib\libc.a(lib_a-int_errno.o)
 .text          0x0000a3a4       0x70 d:/fpga/nios2eds/bin/gnu/h-i686-mingw32/bin/../lib/gcc/nios2-elf/4.1.2/../../../../nios2-elf/lib\libc.a(lib_a-isattyr.o)
                0x0000a3a4                _isatty_r
 .text          0x0000a414       0x78 d:/fpga/nios2eds/bin/gnu/h-i686-mingw32/bin/../lib/gcc/nios2-elf/4.1.2/../../../../nios2-elf/lib\libc.a(lib_a-lseekr.o)
                0x0000a414                _lseek_r
 .text          0x0000a48c       0x78 d:/fpga/nios2eds/bin/gnu/h-i686-mingw32/bin/../lib/gcc/nios2-elf/4.1.2/../../../../nios2-elf/lib\libc.a(lib_a-readr.o)
                0x0000a48c                _read_r
 .text          0x0000a504      0x5dc d:/fpga/nios2eds/bin/gnu/h-i686-mingw32/bin/../lib/gcc/nios2-elf/4.1.2\libgcc.a(_udivdi3.o)
                0x0000a504                __udivdi3
 .text          0x0000aae0      0x5b0 d:/fpga/nios2eds/bin/gnu/h-i686-mingw32/bin/../lib/gcc/nios2-elf/4.1.2\libgcc.a(_umoddi3.o)
                0x0000aae0                __umoddi3
 .text          0x0000b090      0x504 d:/fpga/nios2eds/bin/gnu/h-i686-mingw32/bin/../lib/gcc/nios2-elf/4.1.2\libgcc.a(_addsub_df.o)
                0x0000b4a0                __subdf3
                0x0000b520                __adddf3
 .text          0x0000b594      0x3c4 d:/fpga/nios2eds/bin/gnu/h-i686-mingw32/bin/../lib/gcc/nios2-elf/4.1.2\libgcc.a(_mul_df.o)
                0x0000b594                __muldf3
 .text          0x0000b958      0x258 d:/fpga/nios2eds/bin/gnu/h-i686-mingw32/bin/../lib/gcc/nios2-elf/4.1.2\libgcc.a(_div_df.o)
                0x0000b958                __divdf3
 .text          0x0000bbb0       0x88 d:/fpga/nios2eds/bin/gnu/h-i686-mingw32/bin/../lib/gcc/nios2-elf/4.1.2\libgcc.a(_eq_df.o)
                0x0000bbb0                __eqdf2
 .text          0x0000bc38       0x88 d:/fpga/nios2eds/bin/gnu/h-i686-mingw32/bin/../lib/gcc/nios2-elf/4.1.2\libgcc.a(_ne_df.o)
                0x0000bc38                __nedf2
 .text          0x0000bcc0       0x88 d:/fpga/nios2eds/bin/gnu/h-i686-mingw32/bin/../lib/gcc/nios2-elf/4.1.2\libgcc.a(_gt_df.o)
                0x0000bcc0                __gtdf2
 .text          0x0000bd48       0x88 d:/fpga/nios2eds/bin/gnu/h-i686-mingw32/bin/../lib/gcc/nios2-elf/4.1.2\libgcc.a(_ge_df.o)
                0x0000bd48                __gedf2
 .text          0x0000bdd0       0x88 d:/fpga/nios2eds/bin/gnu/h-i686-mingw32/bin/../lib/gcc/nios2-elf/4.1.2\libgcc.a(_lt_df.o)
                0x0000bdd0                __ltdf2
 .text          0x0000be58       0xf8 d:/fpga/nios2eds/bin/gnu/h-i686-mingw32/bin/../lib/gcc/nios2-elf/4.1.2\libgcc.a(_si_to_df.o)
                0x0000be58                __floatsidf
 .text          0x0000bf50       0xd8 d:/fpga/nios2eds/bin/gnu/h-i686-mingw32/bin/../lib/gcc/nios2-elf/4.1.2\libgcc.a(_df_to_si.o)
                0x0000bf50                __fixdfsi
 .text          0x0000c028        0x0 d:/fpga/nios2eds/bin/gnu/h-i686-mingw32/bin/../lib/gcc/nios2-elf/4.1.2\libgcc.a(_thenan_df.o)
 .text          0x0000c028      0x194 d:/fpga/nios2eds/bin/gnu/h-i686-mingw32/bin/../lib/gcc/nios2-elf/4.1.2\libgcc.a(_usi_to_df.o)
                0x0000c028                __floatunsidf
 .text          0x0000c1bc      0x14c d:/fpga/nios2eds/bin/gnu/h-i686-mingw32/bin/../lib/gcc/nios2-elf/4.1.2\libgcc.a(lib2-divmod.o)
                0x0000c238                __divsi3
                0x0000c298                __modsi3
                0x0000c2f8                __udivsi3
                0x0000c300                __umodsi3
 .text          0x0000c308       0x98 d:/fpga/nios2eds/bin/gnu/h-i686-mingw32/bin/../lib/gcc/nios2-elf/4.1.2\libgcc.a(_muldi3.o)
                0x0000c308                __muldi3
 .text          0x0000c3a0      0x138 d:/fpga/nios2eds/bin/gnu/h-i686-mingw32/bin/../lib/gcc/nios2-elf/4.1.2\libgcc.a(_unpack_df.o)
                0x0000c3a0                __unpack_d
 .text          0x0000c4d8       0xc8 d:/fpga/nios2eds/bin/gnu/h-i686-mingw32/bin/../lib/gcc/nios2-elf/4.1.2\libgcc.a(_fpcmp_parts_df.o)
                0x0000c4d8                __fpcmp_parts_d
 .text          0x0000c5a0      0x15c ../lab4_software_bsp/\libhal_bsp.a(alt_close.o)
                0x0000c5a0                close
 .text          0x0000c6fc       0x2c ../lab4_software_bsp/\libhal_bsp.a(alt_dev.o)
 .text          0x0000c728        0x0 ../lab4_software_bsp/\libhal_bsp.a(alt_errno.o)
 .text          0x0000c728      0x134 ../lab4_software_bsp/\libhal_bsp.a(alt_fstat.o)
                0x0000c728                fstat
 .text          0x0000c85c      0x1c0 ../lab4_software_bsp/\libhal_bsp.a(alt_irq_register.o)
                0x0000c85c                alt_irq_register
 .text          0x0000ca1c        0x0 ../lab4_software_bsp/\libhal_bsp.a(alt_irq_vars.o)
 .text          0x0000ca1c      0x120 ../lab4_software_bsp/\libhal_bsp.a(alt_isatty.o)
                0x0000ca1c                isatty
 .text          0x0000cb3c       0xec ../lab4_software_bsp/\libhal_bsp.a(alt_load.o)
                0x0000cb3c                alt_load
 .text          0x0000cc28      0x150 ../lab4_software_bsp/\libhal_bsp.a(alt_lseek.o)
                0x0000cc28                lseek
 .text          0x0000cd78       0x6c ../lab4_software_bsp/\libhal_bsp.a(alt_main.o)
                0x0000cd78                alt_main
 .text          0x0000cde4       0x40 ../lab4_software_bsp/\libhal_bsp.a(alt_malloc_lock.o)
                0x0000cde4                __malloc_lock
                0x0000ce04                __malloc_unlock
 .text          0x0000ce24      0x258 ../lab4_software_bsp/\libhal_bsp.a(alt_printf.o)
                0x0000ce24                alt_printf
 .text          0x0000d07c       0x40 ../lab4_software_bsp/\libhal_bsp.a(alt_putchar.o)
                0x0000d07c                alt_putchar
 .text          0x0000d0bc      0x180 ../lab4_software_bsp/\libhal_bsp.a(alt_read.o)
                0x0000d0bc                read
 .text          0x0000d23c       0x60 ../lab4_software_bsp/\libhal_bsp.a(alt_release_fd.o)
                0x0000d23c                alt_release_fd
 .text          0x0000d29c       0xbc ../lab4_software_bsp/\libhal_bsp.a(alt_sbrk.o)
                0x0000d29c                sbrk
 .text          0x0000d358      0x180 ../lab4_software_bsp/\libhal_bsp.a(alt_write.o)
                0x0000d358                write
 .text          0x0000d4d8      0x47c ../lab4_software_bsp/\libhal_bsp.a(alt_sys_init.o)
                0x0000d4d8                alt_irq_init
                0x0000d50c                alt_sys_init
 .text          0x0000d954      0x148 ../lab4_software_bsp/\libhal_bsp.a(altera_avalon_jtag_uart_fd.o)
                0x0000d954                altera_avalon_jtag_uart_read_fd
                0x0000d9ac                altera_avalon_jtag_uart_write_fd
                0x0000da04                altera_avalon_jtag_uart_close_fd
                0x0000da4c                altera_avalon_jtag_uart_ioctl_fd
 .text          0x0000da9c      0x408 ../lab4_software_bsp/\libhal_bsp.a(altera_avalon_jtag_uart_init.o)
                0x0000da9c                altera_avalon_jtag_uart_init
                0x0000de30                altera_avalon_jtag_uart_close
 .text          0x0000dea4       0xf4 ../lab4_software_bsp/\libhal_bsp.a(altera_avalon_jtag_uart_ioctl.o)
                0x0000dea4                altera_avalon_jtag_uart_ioctl
 .text          0x0000df98      0x224 ../lab4_software_bsp/\libhal_bsp.a(altera_avalon_jtag_uart_read.o)
                0x0000df98                altera_avalon_jtag_uart_read
 .text          0x0000e1bc      0x240 ../lab4_software_bsp/\libhal_bsp.a(altera_avalon_jtag_uart_write.o)
                0x0000e1bc                altera_avalon_jtag_uart_write
 .text          0x0000e3fc      0x168 ../lab4_software_bsp/\libhal_bsp.a(altera_avalon_timer_ts.o)
                0x0000e3fc                alt_timestamp_start
                0x0000e4a0                alt_timestamp
                0x0000e53c                alt_timestamp_freq
 .text          0x0000e564        0x0 ../lab4_software_bsp/\libhal_bsp.a(altera_avalon_timer_vars.o)
 .text          0x0000e564      0x80c ../lab4_software_bsp/\libhal_bsp.a(altera_up_avalon_audio.o)
                0x0000e564                alt_up_audio_open_dev
                0x0000e5a4                alt_up_audio_enable_read_interrupt
                0x0000e5f0                alt_up_audio_disable_read_interrupt
                0x0000e640                alt_up_audio_enable_write_interrupt
                0x0000e68c                alt_up_audio_disable_write_interrupt
                0x0000e6dc                alt_up_audio_read_interrupt_pending
                0x0000e718                alt_up_audio_write_interrupt_pending
                0x0000e754                alt_up_audio_reset_audio_core
                0x0000e7dc                alt_up_audio_read_fifo_avail
                0x0000e84c                alt_up_audio_record_r
                0x0000e8bc                alt_up_audio_record_l
                0x0000e92c                alt_up_audio_write_fifo_space
                0x0000e9a0                alt_up_audio_play_r
                0x0000ea10                alt_up_audio_play_l
                0x0000ea80                alt_up_audio_read_fifo
                0x0000eb84                alt_up_audio_write_fifo
                0x0000ecb0                alt_up_audio_read_fifo_head
                0x0000ed10                alt_up_audio_write_fifo_head
 .text          0x0000ed70      0x530 ../lab4_software_bsp/\libhal_bsp.a(altera_up_avalon_character_lcd.o)
                0x0000ed70                get_DDRAM_addr
                0x0000edec                alt_up_character_lcd_send_cmd
                0x0000ee20                alt_up_character_lcd_init
                0x0000ee54                alt_up_character_lcd_open_dev
                0x0000ee94                alt_up_character_lcd_write
                0x0000ef0c                alt_up_character_lcd_string
                0x0000ef84                alt_up_character_lcd_write_fd
                0x0000efd0                alt_up_character_lcd_set_cursor_pos
                0x0000f048                alt_up_character_lcd_shift_cursor
                0x0000f0f8                alt_up_character_lcd_shift_display
                0x0000f1a8                alt_up_character_lcd_erase_pos
                0x0000f238                alt_up_character_lcd_cursor_off
                0x0000f26c                alt_up_character_lcd_cursor_blink_on
 .text          0x0000f2a0      0x150 ../lab4_software_bsp/\libhal_bsp.a(altera_up_avalon_ethernet.o)
                0x0000f2a0                alt_up_ethernet_init
                0x0000f3b0                alt_up_ethernet_open_dev
 .text          0x0000f3f0      0x238 ../lab4_software_bsp/\libhal_bsp.a(altera_up_avalon_ethernet_low_level_driver.o)
                0x0000f3f0                alt_up_ethernet_reg_read
                0x0000f42c                alt_up_ethernet_reg_write
                0x0000f470                alt_up_ethernet_phy_reg_read
                0x0000f550                alt_up_ethernet_phy_reg_write
 .text          0x0000f628      0x394 ../lab4_software_bsp/\libhal_bsp.a(altera_up_avalon_irda.o)
                0x0000f628                alt_up_irda_enable_read_interrupt
                0x0000f67c                alt_up_irda_disable_read_interrupt
                0x0000f6d4                alt_up_irda_get_used_space_in_read_FIFO
                0x0000f710                alt_up_irda_get_available_space_in_write_FIFO
                0x0000f750                alt_up_irda_check_parity
                0x0000f7a0                alt_up_irda_write_data
                0x0000f7e8                alt_up_irda_read_data
                0x0000f85c                alt_up_irda_read_fd
                0x0000f8ec                alt_up_irda_write_fd
                0x0000f97c                alt_up_irda_open_dev
 .text          0x0000f9bc       0x40 ../lab4_software_bsp/\libhal_bsp.a(altera_up_avalon_parallel_port.o)
                0x0000f9bc                alt_up_parallel_port_open_dev
 .text          0x0000f9fc      0x700 ../lab4_software_bsp/\libhal_bsp.a(altera_up_avalon_ps2.o)
                0x0000f9fc                read_RI_bit
                0x0000fa30                read_RE_bit
                0x0000fa60                read_CE_bit
                0x0000fa94                read_num_bytes_available
                0x0000fac8                read_data_valid
                0x0000fafc                read_data_byte
                0x0000fb28                alt_up_ps2_init
                0x0000fbf4                alt_up_ps2_enable_read_interrupt
                0x0000fc48                alt_up_ps2_disable_read_interrupt
                0x0000fca0                alt_up_ps2_write_data_byte
                0x0000fd18                alt_up_ps2_wait_for_ack
                0x0000fd88                alt_up_ps2_write_data_byte_with_ack
                0x0000fdf4                alt_up_ps2_read_data_byte_timeout
                0x0000fea4                alt_up_ps2_read_data_byte
                0x0000ff20                alt_up_ps2_clear_fifo
                0x0000ff78                alt_up_ps2_read_fd
                0x00010014                alt_up_ps2_write_fd
                0x000100bc                alt_up_ps2_open_dev
 .text          0x000100fc      0x398 ../lab4_software_bsp/\libhal_bsp.a(altera_up_avalon_rs232.o)
                0x000100fc                alt_up_rs232_enable_read_interrupt
                0x00010150                alt_up_rs232_disable_read_interrupt
                0x000101a8                alt_up_rs232_get_used_space_in_read_FIFO
                0x000101e4                alt_up_rs232_get_available_space_in_write_FIFO
                0x00010224                alt_up_rs232_check_parity
                0x00010274                alt_up_rs232_write_data
                0x000102bc                alt_up_rs232_read_data
                0x00010330                alt_up_rs232_read_fd
                0x000103c0                alt_up_rs232_write_fd
                0x00010454                alt_up_rs232_open_dev
 .text          0x00010494      0x304 ../lab4_software_bsp/\libhal_bsp.a(altera_up_avalon_video_character_buffer_with_dma.o)
                0x00010494                alt_up_char_buffer_init
                0x00010518                alt_up_char_buffer_open_dev
                0x00010558                alt_up_char_buffer_draw
                0x00010628                alt_up_char_buffer_string
                0x0001073c                alt_up_char_buffer_clear
 .text          0x00010798     0x156c ../lab4_software_bsp/\libhal_bsp.a(altera_up_avalon_video_pixel_buffer_dma.o)
                0x00010798                alt_up_pixel_buffer_dma_open_dev
                0x000107d8                alt_up_pixel_buffer_dma_draw
                0x00010978                alt_up_pixel_buffer_dma_change_back_buffer_address
                0x000109d0                alt_up_pixel_buffer_dma_swap_buffers
                0x00010a28                alt_up_pixel_buffer_dma_check_swap_buffers_status
                0x00010a5c                alt_up_pixel_buffer_dma_clear_screen
                0x00010bc0                alt_up_pixel_buffer_dma_draw_box
                0x000110b4                alt_up_pixel_buffer_dma_draw_hline
                0x00011404                alt_up_pixel_buffer_dma_draw_vline
                0x000117d4                alt_up_pixel_buffer_dma_draw_rectangle
                0x00011898                helper_plot_pixel
                0x00011968                alt_up_pixel_buffer_dma_draw_line
 .text          0x00011d04      0x154 ../lab4_software_bsp/\libhal_bsp.a(alt_alarm_start.o)
                0x00011d04                alt_alarm_start
 .text          0x00011e58       0x1c ../lab4_software_bsp/\libhal_bsp.a(alt_dcache_flush_all.o)
                0x00011e58                alt_dcache_flush_all
 .text          0x00011e74      0x114 ../lab4_software_bsp/\libhal_bsp.a(alt_dev_llist_insert.o)
                0x00011e74                alt_dev_llist_insert
 .text          0x00011f88       0x64 ../lab4_software_bsp/\libhal_bsp.a(alt_do_ctors.o)
                0x00011f88                _do_ctors
 .text          0x00011fec       0x64 ../lab4_software_bsp/\libhal_bsp.a(alt_do_dtors.o)
                0x00011fec                _do_dtors
 .text          0x00012050       0x94 ../lab4_software_bsp/\libhal_bsp.a(alt_find_dev.o)
                0x00012050                alt_find_dev
 .text          0x000120e4       0x30 ../lab4_software_bsp/\libhal_bsp.a(alt_icache_flush_all.o)
                0x000120e4                alt_icache_flush_all
 .text          0x00012114      0x13c ../lab4_software_bsp/\libhal_bsp.a(alt_io_redirect.o)
                0x000121d8                alt_io_redirect
 .text          0x00012250        0x0 ../lab4_software_bsp/\libhal_bsp.a(alt_irq_entry.o)
 .text          0x00012250        0x0 ../lab4_software_bsp/\libhal_bsp.a(alt_irq_handler.o)
 .text          0x00012250      0x2c4 ../lab4_software_bsp/\libhal_bsp.a(alt_open.o)
                0x0001232c                open
 .text          0x00012514      0x1a4 ../lab4_software_bsp/\libhal_bsp.a(alt_tick.o)
                0x00012514                alt_alarm_stop
                0x000125ac                alt_tick
 .text          0x000126b8       0x30 ../lab4_software_bsp/\libhal_bsp.a(alt_usleep.o)
                0x000126b8                usleep
 .text          0x000126e8       0x20 ../lab4_software_bsp/\libhal_bsp.a(altera_nios2_qsys_irq.o)
                0x000126e8                altera_nios2_qsys_irq_init
 .text          0x00012708      0x12c ../lab4_software_bsp/\libhal_bsp.a(alt_busy_sleep.o)
                0x00012708                alt_busy_sleep
 .text          0x00012834        0x0 ../lab4_software_bsp/\libhal_bsp.a(alt_exception_entry.o)
 .text          0x00012834      0x120 ../lab4_software_bsp/\libhal_bsp.a(alt_find_file.o)
                0x00012834                alt_find_file
 .text          0x00012954       0xb8 ../lab4_software_bsp/\libhal_bsp.a(alt_get_fd.o)
                0x00012954                alt_get_fd
 .text          0x00012a0c       0x90 ../lab4_software_bsp/\libhal_bsp.a(alt_icache_flush.o)
                0x00012a0c                alt_icache_flush
 .text          0x00012a9c       0x14 d:/fpga/nios2eds/bin/gnu/h-i686-mingw32/bin/../lib/gcc/nios2-elf/4.1.2/../../../../nios2-elf/lib\libc.a(lib_a-atexit.o)
                0x00012a9c                atexit
 .text          0x00012ab0       0x38 d:/fpga/nios2eds/bin/gnu/h-i686-mingw32/bin/../lib/gcc/nios2-elf/4.1.2/../../../../nios2-elf/lib\libc.a(lib_a-exit.o)
                0x00012ab0                exit
 .text          0x00012ae8       0x74 d:/fpga/nios2eds/bin/gnu/h-i686-mingw32/bin/../lib/gcc/nios2-elf/4.1.2/../../../../nios2-elf/lib\libc.a(lib_a-memcmp.o)
                0x00012ae8                memcmp
 .text          0x00012b5c      0x1ec d:/fpga/nios2eds/bin/gnu/h-i686-mingw32/bin/../lib/gcc/nios2-elf/4.1.2/../../../../nios2-elf/lib\libc.a(lib_a-putc.o)
                0x00012b5c                putc
                0x00012c60                _putc_r
 .text          0x00012d48      0x14c d:/fpga/nios2eds/bin/gnu/h-i686-mingw32/bin/../lib/gcc/nios2-elf/4.1.2/../../../../nios2-elf/lib\libc.a(lib_a-wbuf.o)
                0x00012d48                __swbuf_r
                0x00012e78                __swbuf
 .text          0x00012e94      0x134 d:/fpga/nios2eds/bin/gnu/h-i686-mingw32/bin/../lib/gcc/nios2-elf/4.1.2/../../../../nios2-elf/lib\libc.a(lib_a-__atexit.o)
                0x00012e94                __register_exitproc
 .text          0x00012fc8      0x1b4 d:/fpga/nios2eds/bin/gnu/h-i686-mingw32/bin/../lib/gcc/nios2-elf/4.1.2/../../../../nios2-elf/lib\libc.a(lib_a-__call_atexit.o)
                0x00012fcc                __call_exitprocs
 .text          0x0001317c       0x60 ../lab4_software_bsp/\libhal_bsp.a(alt_exit.o)
                0x000131bc                _exit
 *(.gnu.warning.*)
 *(.fini)
                0x000131dc                PROVIDE (__etext, ABSOLUTE (.))
                0x000131dc                PROVIDE (_etext, ABSOLUTE (.))
                0x000131dc                PROVIDE (etext, ABSOLUTE (.))
 *(.eh_frame_hdr)
                0x000131dc                . = ALIGN (0x4)
                0x000131dc                PROVIDE (__preinit_array_start, ABSOLUTE (.))
 *(.preinit_array)
                0x000131dc                PROVIDE (__preinit_array_end, ABSOLUTE (.))
                0x000131dc                PROVIDE (__init_array_start, ABSOLUTE (.))
 *(.init_array)
                0x000131dc                PROVIDE (__init_array_end, ABSOLUTE (.))
                0x000131dc                PROVIDE (__fini_array_start, ABSOLUTE (.))
 *(.fini_array)
                0x000131dc                PROVIDE (__fini_array_end, ABSOLUTE (.))
 *(.eh_frame)
 *(.gcc_except_table)
 *(.dynamic)
                0x000131dc                PROVIDE (__CTOR_LIST__, ABSOLUTE (.))
 *(.ctors)
 *(SORT(.ctors.*))
 .ctors.65535   0x000131dc        0x4 d:/fpga/nios2eds/bin/gnu/h-i686-mingw32/bin/../lib/gcc/nios2-elf/4.1.2/../../../../nios2-elf/lib\libc.a(lib_a-__call_atexit.o)
                0x000131e0                PROVIDE (__CTOR_END__, ABSOLUTE (.))
                0x000131e0                PROVIDE (__DTOR_LIST__, ABSOLUTE (.))
 *(.dtors)
 *(SORT(.dtors.*))
                0x000131e0                PROVIDE (__DTOR_END__, ABSOLUTE (.))
 *(.jcr)
                0x000131e0                . = ALIGN (0x4)

.rodata         0x000131e0      0x89c
                0x000131e0                PROVIDE (__ram_rodata_start, ABSOLUTE (.))
                0x000131e0                . = ALIGN (0x4)
 *(.rodata .rodata.* .gnu.linkonce.r.*)
 .rodata        0x000131e0       0x1c obj/default/audio_ISR.o
 .rodata        0x000131fc      0x3c0 obj/default/media_interrupt_HAL.o
 .rodata        0x000135bc      0x100 d:/fpga/nios2eds/bin/gnu/h-i686-mingw32/bin/../lib/gcc/nios2-elf/4.1.2\libgcc.a(_clz.o)
                0x000135bc                __clz_tab
 .rodata.str1.4
                0x000136bc       0x5e d:/fpga/nios2eds/bin/gnu/h-i686-mingw32/bin/../lib/gcc/nios2-elf/4.1.2/../../../../nios2-elf/lib\libc.a(lib_a-vfprintf.o)
                                 0x60 (size before relaxing)
 .rodata        0x0001371a       0x20 d:/fpga/nios2eds/bin/gnu/h-i686-mingw32/bin/../lib/gcc/nios2-elf/4.1.2/../../../../nios2-elf/lib\libc.a(lib_a-vfprintf.o)
 *fill*         0x0001373a        0x2 00
 .rodata.str1.4
                0x0001373c       0x10 d:/fpga/nios2eds/bin/gnu/h-i686-mingw32/bin/../lib/gcc/nios2-elf/4.1.2/../../../../nios2-elf/lib\libc.a(lib_a-dtoa.o)
                                 0x14 (size before relaxing)
 .rodata.str1.4
                0x0001374c        0x2 d:/fpga/nios2eds/bin/gnu/h-i686-mingw32/bin/../lib/gcc/nios2-elf/4.1.2/../../../../nios2-elf/lib\libc.a(lib_a-impure.o)
                                  0x4 (size before relaxing)
 *fill*         0x0001374e        0x2 00
 .rodata.str1.4
                0x00013750       0x10 d:/fpga/nios2eds/bin/gnu/h-i686-mingw32/bin/../lib/gcc/nios2-elf/4.1.2/../../../../nios2-elf/lib\libc.a(lib_a-locale.o)
                                 0x18 (size before relaxing)
 .rodata        0x00013760       0x30 d:/fpga/nios2eds/bin/gnu/h-i686-mingw32/bin/../lib/gcc/nios2-elf/4.1.2/../../../../nios2-elf/lib\libc.a(lib_a-locale.o)
 .rodata        0x00013790      0x124 d:/fpga/nios2eds/bin/gnu/h-i686-mingw32/bin/../lib/gcc/nios2-elf/4.1.2/../../../../nios2-elf/lib\libc.a(lib_a-mprec.o)
                0x00013790                __mprec_tens
                0x00013858                __mprec_bigtens
                0x00013880                __mprec_tinytens
 .rodata        0x000138b4       0x14 d:/fpga/nios2eds/bin/gnu/h-i686-mingw32/bin/../lib/gcc/nios2-elf/4.1.2\libgcc.a(_thenan_df.o)
                0x000138b4                __thenan_df
 .rodata        0x000138c8        0xc ../lab4_software_bsp/\libhal_bsp.a(alt_dev.o)
 .rodata        0x000138d4       0x10 ../lab4_software_bsp/\libhal_bsp.a(alt_main.o)
 .rodata        0x000138e4      0x17c ../lab4_software_bsp/\libhal_bsp.a(alt_sys_init.o)
 .rodata        0x00013a60       0x1c ../lab4_software_bsp/\libhal_bsp.a(altera_up_avalon_video_character_buffer_with_dma.o)
 *(.rodata1)
                0x00013a7c                . = ALIGN (0x4)
                0x00013a7c                PROVIDE (__ram_rodata_end, ABSOLUTE (.))
                0x000131e0                PROVIDE (__flash_rodata_start, LOADADDR (.rodata))

.rwdata         0x00013a7c     0x1f2c load address 0x000159a8
                0x00013a7c                PROVIDE (__ram_rwdata_start, ABSOLUTE (.))
                0x00013a7c                . = ALIGN (0x4)
 *(.got.plt)
 *(.got)
 *(.data1)
 *(.data .data.* .gnu.linkonce.d.*)
 .data          0x00013a7c        0x0 ../lab4_software_bsp//obj/HAL/src/crt0.o
 .data          0x00013a7c        0x0 obj/default/PS2_ISR.o
 .data          0x00013a7c        0x0 obj/default/audio_ISR.o
 .data          0x00013a7c        0x0 obj/default/globals.o
 .data          0x00013a7c        0x0 obj/default/interval_timer_ISR.o
 .data          0x00013a7c      0x100 obj/default/media_interrupt_HAL.o
                0x00013a7c                denoise_filter_coefficients
 .data          0x00013b7c        0x0 obj/default/pushbutton_ISR.o
 .data          0x00013b7c        0x0 d:/fpga/nios2eds/bin/gnu/h-i686-mingw32/bin/../lib/gcc/nios2-elf/4.1.2\libgcc.a(_si_to_sf.o)
 .data          0x00013b7c        0x0 d:/fpga/nios2eds/bin/gnu/h-i686-mingw32/bin/../lib/gcc/nios2-elf/4.1.2\libgcc.a(_sf_to_si.o)
 .data          0x00013b7c        0x0 d:/fpga/nios2eds/bin/gnu/h-i686-mingw32/bin/../lib/gcc/nios2-elf/4.1.2\libgcc.a(_sf_to_df.o)
 .data          0x00013b7c        0x0 d:/fpga/nios2eds/bin/gnu/h-i686-mingw32/bin/../lib/gcc/nios2-elf/4.1.2\libgcc.a(_usi_to_sf.o)
 .data          0x00013b7c        0x0 d:/fpga/nios2eds/bin/gnu/h-i686-mingw32/bin/../lib/gcc/nios2-elf/4.1.2\libgcc.a(_make_df.o)
 .data          0x00013b7c        0x0 d:/fpga/nios2eds/bin/gnu/h-i686-mingw32/bin/../lib/gcc/nios2-elf/4.1.2\libgcc.a(_clzsi2.o)
 .data          0x00013b7c        0x0 d:/fpga/nios2eds/bin/gnu/h-i686-mingw32/bin/../lib/gcc/nios2-elf/4.1.2\libgcc.a(_pack_sf.o)
 .data          0x00013b7c        0x0 d:/fpga/nios2eds/bin/gnu/h-i686-mingw32/bin/../lib/gcc/nios2-elf/4.1.2\libgcc.a(_unpack_sf.o)
 .data          0x00013b7c        0x0 d:/fpga/nios2eds/bin/gnu/h-i686-mingw32/bin/../lib/gcc/nios2-elf/4.1.2\libgcc.a(_pack_df.o)
 .data          0x00013b7c        0x0 d:/fpga/nios2eds/bin/gnu/h-i686-mingw32/bin/../lib/gcc/nios2-elf/4.1.2\libgcc.a(_clz.o)
 .data          0x00013b7c        0x0 d:/fpga/nios2eds/bin/gnu/h-i686-mingw32/bin/../lib/gcc/nios2-elf/4.1.2/../../../../nios2-elf/lib\libc.a(lib_a-memcpy.o)
 .data          0x00013b7c        0x0 d:/fpga/nios2eds/bin/gnu/h-i686-mingw32/bin/../lib/gcc/nios2-elf/4.1.2/../../../../nios2-elf/lib\libc.a(lib_a-memset.o)
 .data          0x00013b7c        0x0 d:/fpga/nios2eds/bin/gnu/h-i686-mingw32/bin/../lib/gcc/nios2-elf/4.1.2/../../../../nios2-elf/lib\libc.a(lib_a-printf.o)
 .data          0x00013b7c        0x0 d:/fpga/nios2eds/bin/gnu/h-i686-mingw32/bin/../lib/gcc/nios2-elf/4.1.2/../../../../nios2-elf/lib\libc.a(lib_a-vfprintf.o)
 .data          0x00013b7c        0x0 d:/fpga/nios2eds/bin/gnu/h-i686-mingw32/bin/../lib/gcc/nios2-elf/4.1.2/../../../../nios2-elf/lib\libc.a(lib_a-wsetup.o)
 .data          0x00013b7c        0x0 d:/fpga/nios2eds/bin/gnu/h-i686-mingw32/bin/../lib/gcc/nios2-elf/4.1.2/../../../../nios2-elf/lib\libc.a(lib_a-dtoa.o)
 .data          0x00013b7c        0x0 d:/fpga/nios2eds/bin/gnu/h-i686-mingw32/bin/../lib/gcc/nios2-elf/4.1.2/../../../../nios2-elf/lib\libc.a(lib_a-fflush.o)
 .data          0x00013b7c        0x0 d:/fpga/nios2eds/bin/gnu/h-i686-mingw32/bin/../lib/gcc/nios2-elf/4.1.2/../../../../nios2-elf/lib\libc.a(lib_a-findfp.o)
 .data          0x00013b7c        0x0 d:/fpga/nios2eds/bin/gnu/h-i686-mingw32/bin/../lib/gcc/nios2-elf/4.1.2/../../../../nios2-elf/lib\libc.a(lib_a-freer.o)
 .data          0x00013b7c        0x0 d:/fpga/nios2eds/bin/gnu/h-i686-mingw32/bin/../lib/gcc/nios2-elf/4.1.2/../../../../nios2-elf/lib\libc.a(lib_a-fvwrite.o)
 .data          0x00013b7c        0x0 d:/fpga/nios2eds/bin/gnu/h-i686-mingw32/bin/../lib/gcc/nios2-elf/4.1.2/../../../../nios2-elf/lib\libc.a(lib_a-fwalk.o)
 .data          0x00013b7c      0x400 d:/fpga/nios2eds/bin/gnu/h-i686-mingw32/bin/../lib/gcc/nios2-elf/4.1.2/../../../../nios2-elf/lib\libc.a(lib_a-impure.o)
 .data          0x00013f7c        0xc d:/fpga/nios2eds/bin/gnu/h-i686-mingw32/bin/../lib/gcc/nios2-elf/4.1.2/../../../../nios2-elf/lib\libc.a(lib_a-locale.o)
                0x00013f7c                __lc_ctype
 .data          0x00013f88        0x0 d:/fpga/nios2eds/bin/gnu/h-i686-mingw32/bin/../lib/gcc/nios2-elf/4.1.2/../../../../nios2-elf/lib\libc.a(lib_a-makebuf.o)
 .data          0x00013f88      0x408 d:/fpga/nios2eds/bin/gnu/h-i686-mingw32/bin/../lib/gcc/nios2-elf/4.1.2/../../../../nios2-elf/lib\libc.a(lib_a-mallocr.o)
                0x00013f88                __malloc_av_
 .data          0x00014390        0x0 d:/fpga/nios2eds/bin/gnu/h-i686-mingw32/bin/../lib/gcc/nios2-elf/4.1.2/../../../../nios2-elf/lib\libc.a(lib_a-memchr.o)
 .data          0x00014390        0x0 d:/fpga/nios2eds/bin/gnu/h-i686-mingw32/bin/../lib/gcc/nios2-elf/4.1.2/../../../../nios2-elf/lib\libc.a(lib_a-memmove.o)
 .data          0x00014390        0x0 d:/fpga/nios2eds/bin/gnu/h-i686-mingw32/bin/../lib/gcc/nios2-elf/4.1.2/../../../../nios2-elf/lib\libc.a(lib_a-mprec.o)
 .data          0x00014390        0x0 d:/fpga/nios2eds/bin/gnu/h-i686-mingw32/bin/../lib/gcc/nios2-elf/4.1.2/../../../../nios2-elf/lib\libc.a(lib_a-reallocr.o)
 .data          0x00014390        0x0 d:/fpga/nios2eds/bin/gnu/h-i686-mingw32/bin/../lib/gcc/nios2-elf/4.1.2/../../../../nios2-elf/lib\libc.a(lib_a-s_isinfd.o)
 .data          0x00014390        0x0 d:/fpga/nios2eds/bin/gnu/h-i686-mingw32/bin/../lib/gcc/nios2-elf/4.1.2/../../../../nios2-elf/lib\libc.a(lib_a-s_isnand.o)
 .data          0x00014390        0x0 d:/fpga/nios2eds/bin/gnu/h-i686-mingw32/bin/../lib/gcc/nios2-elf/4.1.2/../../../../nios2-elf/lib\libc.a(lib_a-sbrkr.o)
 .data          0x00014390        0x0 d:/fpga/nios2eds/bin/gnu/h-i686-mingw32/bin/../lib/gcc/nios2-elf/4.1.2/../../../../nios2-elf/lib\libc.a(lib_a-stdio.o)
 .data          0x00014390        0x0 d:/fpga/nios2eds/bin/gnu/h-i686-mingw32/bin/../lib/gcc/nios2-elf/4.1.2/../../../../nios2-elf/lib\libc.a(lib_a-strcmp.o)
 .data          0x00014390        0x0 d:/fpga/nios2eds/bin/gnu/h-i686-mingw32/bin/../lib/gcc/nios2-elf/4.1.2/../../../../nios2-elf/lib\libc.a(lib_a-strlen.o)
 .data          0x00014390        0x0 d:/fpga/nios2eds/bin/gnu/h-i686-mingw32/bin/../lib/gcc/nios2-elf/4.1.2/../../../../nios2-elf/lib\libc.a(lib_a-writer.o)
 .data          0x00014390        0x0 d:/fpga/nios2eds/bin/gnu/h-i686-mingw32/bin/../lib/gcc/nios2-elf/4.1.2/../../../../nios2-elf/lib\libc.a(lib_a-callocr.o)
 .data          0x00014390        0x0 d:/fpga/nios2eds/bin/gnu/h-i686-mingw32/bin/../lib/gcc/nios2-elf/4.1.2/../../../../nios2-elf/lib\libc.a(lib_a-closer.o)
 .data          0x00014390        0x0 d:/fpga/nios2eds/bin/gnu/h-i686-mingw32/bin/../lib/gcc/nios2-elf/4.1.2/../../../../nios2-elf/lib\libc.a(lib_a-fclose.o)
 .data          0x00014390        0x0 d:/fpga/nios2eds/bin/gnu/h-i686-mingw32/bin/../lib/gcc/nios2-elf/4.1.2/../../../../nios2-elf/lib\libc.a(lib_a-fstatr.o)
 .data          0x00014390        0x0 d:/fpga/nios2eds/bin/gnu/h-i686-mingw32/bin/../lib/gcc/nios2-elf/4.1.2/../../../../nios2-elf/lib\libc.a(lib_a-int_errno.o)
 .data          0x00014390        0x0 d:/fpga/nios2eds/bin/gnu/h-i686-mingw32/bin/../lib/gcc/nios2-elf/4.1.2/../../../../nios2-elf/lib\libc.a(lib_a-isattyr.o)
 .data          0x00014390        0x0 d:/fpga/nios2eds/bin/gnu/h-i686-mingw32/bin/../lib/gcc/nios2-elf/4.1.2/../../../../nios2-elf/lib\libc.a(lib_a-lseekr.o)
 .data          0x00014390        0x0 d:/fpga/nios2eds/bin/gnu/h-i686-mingw32/bin/../lib/gcc/nios2-elf/4.1.2/../../../../nios2-elf/lib\libc.a(lib_a-readr.o)
 .data          0x00014390        0x0 d:/fpga/nios2eds/bin/gnu/h-i686-mingw32/bin/../lib/gcc/nios2-elf/4.1.2\libgcc.a(_udivdi3.o)
 .data          0x00014390        0x0 d:/fpga/nios2eds/bin/gnu/h-i686-mingw32/bin/../lib/gcc/nios2-elf/4.1.2\libgcc.a(_umoddi3.o)
 .data          0x00014390        0x0 d:/fpga/nios2eds/bin/gnu/h-i686-mingw32/bin/../lib/gcc/nios2-elf/4.1.2\libgcc.a(_addsub_df.o)
 .data          0x00014390        0x0 d:/fpga/nios2eds/bin/gnu/h-i686-mingw32/bin/../lib/gcc/nios2-elf/4.1.2\libgcc.a(_mul_df.o)
 .data          0x00014390        0x0 d:/fpga/nios2eds/bin/gnu/h-i686-mingw32/bin/../lib/gcc/nios2-elf/4.1.2\libgcc.a(_div_df.o)
 .data          0x00014390        0x0 d:/fpga/nios2eds/bin/gnu/h-i686-mingw32/bin/../lib/gcc/nios2-elf/4.1.2\libgcc.a(_eq_df.o)
 .data          0x00014390        0x0 d:/fpga/nios2eds/bin/gnu/h-i686-mingw32/bin/../lib/gcc/nios2-elf/4.1.2\libgcc.a(_ne_df.o)
 .data          0x00014390        0x0 d:/fpga/nios2eds/bin/gnu/h-i686-mingw32/bin/../lib/gcc/nios2-elf/4.1.2\libgcc.a(_gt_df.o)
 .data          0x00014390        0x0 d:/fpga/nios2eds/bin/gnu/h-i686-mingw32/bin/../lib/gcc/nios2-elf/4.1.2\libgcc.a(_ge_df.o)
 .data          0x00014390        0x0 d:/fpga/nios2eds/bin/gnu/h-i686-mingw32/bin/../lib/gcc/nios2-elf/4.1.2\libgcc.a(_lt_df.o)
 .data          0x00014390        0x0 d:/fpga/nios2eds/bin/gnu/h-i686-mingw32/bin/../lib/gcc/nios2-elf/4.1.2\libgcc.a(_si_to_df.o)
 .data          0x00014390        0x0 d:/fpga/nios2eds/bin/gnu/h-i686-mingw32/bin/../lib/gcc/nios2-elf/4.1.2\libgcc.a(_df_to_si.o)
 .data          0x00014390        0x0 d:/fpga/nios2eds/bin/gnu/h-i686-mingw32/bin/../lib/gcc/nios2-elf/4.1.2\libgcc.a(_thenan_df.o)
 .data          0x00014390        0x0 d:/fpga/nios2eds/bin/gnu/h-i686-mingw32/bin/../lib/gcc/nios2-elf/4.1.2\libgcc.a(_usi_to_df.o)
 .data          0x00014390        0x0 d:/fpga/nios2eds/bin/gnu/h-i686-mingw32/bin/../lib/gcc/nios2-elf/4.1.2\libgcc.a(lib2-divmod.o)
 .data          0x00014390        0x0 d:/fpga/nios2eds/bin/gnu/h-i686-mingw32/bin/../lib/gcc/nios2-elf/4.1.2\libgcc.a(_muldi3.o)
 .data          0x00014390        0x0 d:/fpga/nios2eds/bin/gnu/h-i686-mingw32/bin/../lib/gcc/nios2-elf/4.1.2\libgcc.a(_unpack_df.o)
 .data          0x00014390        0x0 d:/fpga/nios2eds/bin/gnu/h-i686-mingw32/bin/../lib/gcc/nios2-elf/4.1.2\libgcc.a(_fpcmp_parts_df.o)
 .data          0x00014390        0x0 ../lab4_software_bsp/\libhal_bsp.a(alt_close.o)
 .data          0x00014390      0x1a8 ../lab4_software_bsp/\libhal_bsp.a(alt_dev.o)
                0x00014390                alt_dev_null
                0x000143b8                alt_fd_list
 .data          0x00014538        0x0 ../lab4_software_bsp/\libhal_bsp.a(alt_errno.o)
 .data          0x00014538        0x0 ../lab4_software_bsp/\libhal_bsp.a(alt_fstat.o)
 .data          0x00014538        0x0 ../lab4_software_bsp/\libhal_bsp.a(alt_irq_register.o)
 .data          0x00014538        0x0 ../lab4_software_bsp/\libhal_bsp.a(alt_irq_vars.o)
 .data          0x00014538        0x0 ../lab4_software_bsp/\libhal_bsp.a(alt_isatty.o)
 .data          0x00014538        0x0 ../lab4_software_bsp/\libhal_bsp.a(alt_load.o)
 .data          0x00014538        0x0 ../lab4_software_bsp/\libhal_bsp.a(alt_lseek.o)
 .data          0x00014538        0x0 ../lab4_software_bsp/\libhal_bsp.a(alt_main.o)
 .data          0x00014538        0x0 ../lab4_software_bsp/\libhal_bsp.a(alt_malloc_lock.o)
 .data          0x00014538        0x0 ../lab4_software_bsp/\libhal_bsp.a(alt_printf.o)
 .data          0x00014538        0x0 ../lab4_software_bsp/\libhal_bsp.a(alt_putchar.o)
 .data          0x00014538        0x0 ../lab4_software_bsp/\libhal_bsp.a(alt_read.o)
 .data          0x00014538        0x0 ../lab4_software_bsp/\libhal_bsp.a(alt_release_fd.o)
 .data          0x00014538        0x0 ../lab4_software_bsp/\libhal_bsp.a(alt_sbrk.o)
 .data          0x00014538        0x0 ../lab4_software_bsp/\libhal_bsp.a(alt_write.o)
 .data          0x00014538     0x1414 ../lab4_software_bsp/\libhal_bsp.a(alt_sys_init.o)
 .data          0x0001594c        0x0 ../lab4_software_bsp/\libhal_bsp.a(altera_avalon_jtag_uart_fd.o)
 .data          0x0001594c        0x0 ../lab4_software_bsp/\libhal_bsp.a(altera_avalon_jtag_uart_init.o)
 .data          0x0001594c        0x0 ../lab4_software_bsp/\libhal_bsp.a(altera_avalon_jtag_uart_ioctl.o)
 .data          0x0001594c        0x0 ../lab4_software_bsp/\libhal_bsp.a(altera_avalon_jtag_uart_read.o)
 .data          0x0001594c        0x0 ../lab4_software_bsp/\libhal_bsp.a(altera_avalon_jtag_uart_write.o)
 .data          0x0001594c        0x0 ../lab4_software_bsp/\libhal_bsp.a(altera_avalon_timer_ts.o)
 .data          0x0001594c        0x0 ../lab4_software_bsp/\libhal_bsp.a(altera_avalon_timer_vars.o)
 .data          0x0001594c        0x0 ../lab4_software_bsp/\libhal_bsp.a(altera_up_avalon_audio.o)
 .data          0x0001594c        0x0 ../lab4_software_bsp/\libhal_bsp.a(altera_up_avalon_character_lcd.o)
 .data          0x0001594c        0x0 ../lab4_software_bsp/\libhal_bsp.a(altera_up_avalon_ethernet.o)
 .data          0x0001594c        0x0 ../lab4_software_bsp/\libhal_bsp.a(altera_up_avalon_ethernet_low_level_driver.o)
 .data          0x0001594c        0x0 ../lab4_software_bsp/\libhal_bsp.a(altera_up_avalon_irda.o)
 .data          0x0001594c        0x0 ../lab4_software_bsp/\libhal_bsp.a(altera_up_avalon_parallel_port.o)
 .data          0x0001594c        0x0 ../lab4_software_bsp/\libhal_bsp.a(altera_up_avalon_ps2.o)
 .data          0x0001594c        0x0 ../lab4_software_bsp/\libhal_bsp.a(altera_up_avalon_rs232.o)
 .data          0x0001594c        0x0 ../lab4_software_bsp/\libhal_bsp.a(altera_up_avalon_video_character_buffer_with_dma.o)
 .data          0x0001594c        0x0 ../lab4_software_bsp/\libhal_bsp.a(altera_up_avalon_video_pixel_buffer_dma.o)
 .data          0x0001594c        0x0 ../lab4_software_bsp/\libhal_bsp.a(alt_alarm_start.o)
 .data          0x0001594c        0x0 ../lab4_software_bsp/\libhal_bsp.a(alt_dcache_flush_all.o)
 .data          0x0001594c        0x0 ../lab4_software_bsp/\libhal_bsp.a(alt_dev_llist_insert.o)
 .data          0x0001594c        0x0 ../lab4_software_bsp/\libhal_bsp.a(alt_do_ctors.o)
 .data          0x0001594c        0x0 ../lab4_software_bsp/\libhal_bsp.a(alt_do_dtors.o)
 .data          0x0001594c        0x0 ../lab4_software_bsp/\libhal_bsp.a(alt_find_dev.o)
 .data          0x0001594c        0x0 ../lab4_software_bsp/\libhal_bsp.a(alt_icache_flush_all.o)
 .data          0x0001594c        0x0 ../lab4_software_bsp/\libhal_bsp.a(alt_io_redirect.o)
 .data          0x0001594c        0x0 ../lab4_software_bsp/\libhal_bsp.a(alt_irq_entry.o)
 .data          0x0001594c        0x0 ../lab4_software_bsp/\libhal_bsp.a(alt_irq_handler.o)
 .data          0x0001594c        0x0 ../lab4_software_bsp/\libhal_bsp.a(alt_open.o)
 .data          0x0001594c        0x0 ../lab4_software_bsp/\libhal_bsp.a(alt_tick.o)
 .data          0x0001594c        0x0 ../lab4_software_bsp/\libhal_bsp.a(alt_usleep.o)
 .data          0x0001594c        0x0 ../lab4_software_bsp/\libhal_bsp.a(altera_nios2_qsys_irq.o)
 .data          0x0001594c        0x0 ../lab4_software_bsp/\libhal_bsp.a(alt_busy_sleep.o)
 .data          0x0001594c        0x0 ../lab4_software_bsp/\libhal_bsp.a(alt_exception_entry.o)
 .data          0x0001594c        0x0 ../lab4_software_bsp/\libhal_bsp.a(alt_find_file.o)
 .data          0x0001594c        0x0 ../lab4_software_bsp/\libhal_bsp.a(alt_get_fd.o)
 .data          0x0001594c        0x0 ../lab4_software_bsp/\libhal_bsp.a(alt_icache_flush.o)
 .data          0x0001594c        0x0 d:/fpga/nios2eds/bin/gnu/h-i686-mingw32/bin/../lib/gcc/nios2-elf/4.1.2/../../../../nios2-elf/lib\libc.a(lib_a-atexit.o)
 .data          0x0001594c        0x0 d:/fpga/nios2eds/bin/gnu/h-i686-mingw32/bin/../lib/gcc/nios2-elf/4.1.2/../../../../nios2-elf/lib\libc.a(lib_a-exit.o)
 .data          0x0001594c        0x0 d:/fpga/nios2eds/bin/gnu/h-i686-mingw32/bin/../lib/gcc/nios2-elf/4.1.2/../../../../nios2-elf/lib\libc.a(lib_a-memcmp.o)
 .data          0x0001594c        0x0 d:/fpga/nios2eds/bin/gnu/h-i686-mingw32/bin/../lib/gcc/nios2-elf/4.1.2/../../../../nios2-elf/lib\libc.a(lib_a-putc.o)
 .data          0x0001594c        0x0 d:/fpga/nios2eds/bin/gnu/h-i686-mingw32/bin/../lib/gcc/nios2-elf/4.1.2/../../../../nios2-elf/lib\libc.a(lib_a-wbuf.o)
 .data          0x0001594c        0x0 d:/fpga/nios2eds/bin/gnu/h-i686-mingw32/bin/../lib/gcc/nios2-elf/4.1.2/../../../../nios2-elf/lib\libc.a(lib_a-__atexit.o)
 .data          0x0001594c        0x0 d:/fpga/nios2eds/bin/gnu/h-i686-mingw32/bin/../lib/gcc/nios2-elf/4.1.2/../../../../nios2-elf/lib\libc.a(lib_a-__call_atexit.o)
 .data          0x0001594c        0x0 ../lab4_software_bsp/\libhal_bsp.a(alt_exit.o)
                0x0001d94c                _gp = ABSOLUTE ((. + 0x8000))
                0x0001d94c                PROVIDE (gp, _gp)
 *(.rwdata .rwdata.*)
 *(.sdata .sdata.* .gnu.linkonce.s.*)
 .sdata         0x0001594c       0x10 obj/default/audio_ISR.o
                0x0001594c                color
                0x00015950                y_of_each_plot
                0x00015954                width_of_screen
                0x00015958                x_of_current_drawing_plot
 .sdata         0x0001595c        0xc obj/default/media_interrupt_HAL.o
                0x0001595c                Base_Addr
                0x00015960                N
                0x00015964                number_of_coefficients
 .sdata         0x00015968        0x8 d:/fpga/nios2eds/bin/gnu/h-i686-mingw32/bin/../lib/gcc/nios2-elf/4.1.2/../../../../nios2-elf/lib\libc.a(lib_a-impure.o)
                0x00015968                _impure_ptr
                0x0001596c                _global_impure_ptr
 .sdata         0x00015970        0x8 d:/fpga/nios2eds/bin/gnu/h-i686-mingw32/bin/../lib/gcc/nios2-elf/4.1.2/../../../../nios2-elf/lib\libc.a(lib_a-locale.o)
                0x00015970                __mb_cur_max
 .sdata         0x00015978        0x8 d:/fpga/nios2eds/bin/gnu/h-i686-mingw32/bin/../lib/gcc/nios2-elf/4.1.2/../../../../nios2-elf/lib\libc.a(lib_a-mallocr.o)
                0x00015978                __malloc_trim_threshold
                0x0001597c                __malloc_sbrk_base
 .sdata         0x00015980       0x14 ../lab4_software_bsp/\libhal_bsp.a(alt_dev.o)
                0x00015980                alt_fs_list
                0x00015988                alt_dev_list
                0x00015990                alt_max_fd
 .sdata         0x00015994        0x4 ../lab4_software_bsp/\libhal_bsp.a(alt_errno.o)
                0x00015994                alt_errno
 .sdata         0x00015998        0x4 ../lab4_software_bsp/\libhal_bsp.a(alt_irq_vars.o)
                0x00015998                alt_priority_mask
 .sdata         0x0001599c        0x4 ../lab4_software_bsp/\libhal_bsp.a(alt_sbrk.o)
 .sdata         0x000159a0        0x8 ../lab4_software_bsp/\libhal_bsp.a(alt_tick.o)
                0x000159a0                alt_alarm_list
 *(.sdata2 .sdata2.* .gnu.linkonce.s2.*)
                0x000159a8                . = ALIGN (0x4)
                0x000159a8                _edata = ABSOLUTE (.)
                0x000159a8                PROVIDE (edata, ABSOLUTE (.))
                0x000159a8                PROVIDE (__ram_rwdata_end, ABSOLUTE (.))
                0x000159a8                PROVIDE (__flash_rwdata_start, LOADADDR (.rwdata))

.bss            0x000178d4   0x7a1580
                0x000178d4                __bss_start = ABSOLUTE (.)
                0x000178d4                PROVIDE (__sbss_start, ABSOLUTE (.))
                0x000178d4                PROVIDE (___sbss_start, ABSOLUTE (.))
 *(.dynsbss)
 *(.sbss .sbss.* .gnu.linkonce.sb.*)
 .sbss          0x000178d4        0x4 obj/default/PS2_ISR.o
                0x000178d4                count
 .sbss          0x000178d8        0x4 obj/default/PS2_ISR.o
                0x000178d8                flag
 .sbss          0x000178dc        0x4 obj/default/audio_ISR.o
                0x000178dc                k
 .sbss          0x000178e0       0x14 obj/default/globals.o
                0x000178e0                byte2
                0x000178e1                byte3
                0x000178e2                copy_byte3
                0x000178e3                byte1
                0x000178e4                copy_byte1
                0x000178e5                copy_byte2
                0x000178e8                timeout
                0x000178ec                buf_index_play
                0x000178f0                buf_index_record
 .sbss          0x000178f4       0x4c obj/default/media_interrupt_HAL.o
                0x000178f4                flag_plot
                0x000178f8                echo
                0x000178fc                mouse_width
                0x00017900                prev_y_mouse
                0x00017904                y_mouse
                0x00017908                flag_denoise
                0x0001790c                prev_y_mouse_front
                0x00017910                prev_y_mouse_back
                0x00017914                max_y_mouse
                0x00017918                prev_x_mouse
                0x0001791c                max_x_mouse
                0x00017920                flag_play
                0x00017924                right_button_click
                0x00017928                left_button_click
                0x0001792c                prev_x_mouse_back
                0x00017930                pixel_buffer_dev
                0x00017934                x_mouse
                0x00017938                middle_button_click
                0x0001793c                prev_x_mouse_front
 .sbss          0x00017940        0xc d:/fpga/nios2eds/bin/gnu/h-i686-mingw32/bin/../lib/gcc/nios2-elf/4.1.2/../../../../nios2-elf/lib\libc.a(lib_a-locale.o)
                0x00017940                __nlocale_changed
                0x00017944                __mlocale_changed
                0x00017948                _PathLocale
 .sbss          0x0001794c        0xc d:/fpga/nios2eds/bin/gnu/h-i686-mingw32/bin/../lib/gcc/nios2-elf/4.1.2/../../../../nios2-elf/lib\libc.a(lib_a-mallocr.o)
                0x0001794c                __malloc_top_pad
                0x00017950                __malloc_max_sbrked_mem
                0x00017954                __malloc_max_total_mem
 .sbss          0x00017958        0x4 d:/fpga/nios2eds/bin/gnu/h-i686-mingw32/bin/../lib/gcc/nios2-elf/4.1.2/../../../../nios2-elf/lib\libc.a(lib_a-int_errno.o)
                0x00017958                errno
 .sbss          0x0001795c        0x4 ../lab4_software_bsp/\libhal_bsp.a(alt_irq_vars.o)
                0x0001795c                alt_irq_active
 .sbss          0x00017960        0xc ../lab4_software_bsp/\libhal_bsp.a(alt_main.o)
                0x00017960                alt_argc
                0x00017964                alt_argv
                0x00017968                alt_envp
 .sbss          0x0001796c        0x8 ../lab4_software_bsp/\libhal_bsp.a(altera_avalon_timer_vars.o)
                0x0001796c                altera_avalon_timer_ts_base
                0x00017970                altera_avalon_timer_ts_freq
 .sbss          0x00017974        0x8 ../lab4_software_bsp/\libhal_bsp.a(alt_tick.o)
                0x00017974                _alt_tick_rate
                0x00017978                _alt_nticks
 *(.sbss2 .sbss2.* .gnu.linkonce.sb2.*)
 *(.scommon)
                0x0001797c                PROVIDE (__sbss_end, ABSOLUTE (.))
                0x0001797c                PROVIDE (___sbss_end, ABSOLUTE (.))
 *(.dynbss)
 *(.bss .bss.* .gnu.linkonce.b.*)
 .bss           0x0001797c        0x0 ../lab4_software_bsp//obj/HAL/src/crt0.o
 .bss           0x0001797c        0x0 obj/default/PS2_ISR.o
 .bss           0x0001797c        0x0 obj/default/audio_ISR.o
 .bss           0x0001797c        0x0 obj/default/globals.o
 .bss           0x0001797c        0x0 obj/default/interval_timer_ISR.o
 .bss           0x0001797c        0x0 obj/default/media_interrupt_HAL.o
 .bss           0x0001797c        0x0 obj/default/pushbutton_ISR.o
 .bss           0x0001797c        0x0 d:/fpga/nios2eds/bin/gnu/h-i686-mingw32/bin/../lib/gcc/nios2-elf/4.1.2\libgcc.a(_si_to_sf.o)
 .bss           0x0001797c        0x0 d:/fpga/nios2eds/bin/gnu/h-i686-mingw32/bin/../lib/gcc/nios2-elf/4.1.2\libgcc.a(_sf_to_si.o)
 .bss           0x0001797c        0x0 d:/fpga/nios2eds/bin/gnu/h-i686-mingw32/bin/../lib/gcc/nios2-elf/4.1.2\libgcc.a(_sf_to_df.o)
 .bss           0x0001797c        0x0 d:/fpga/nios2eds/bin/gnu/h-i686-mingw32/bin/../lib/gcc/nios2-elf/4.1.2\libgcc.a(_usi_to_sf.o)
 .bss           0x0001797c        0x0 d:/fpga/nios2eds/bin/gnu/h-i686-mingw32/bin/../lib/gcc/nios2-elf/4.1.2\libgcc.a(_make_df.o)
 .bss           0x0001797c        0x0 d:/fpga/nios2eds/bin/gnu/h-i686-mingw32/bin/../lib/gcc/nios2-elf/4.1.2\libgcc.a(_clzsi2.o)
 .bss           0x0001797c        0x0 d:/fpga/nios2eds/bin/gnu/h-i686-mingw32/bin/../lib/gcc/nios2-elf/4.1.2\libgcc.a(_pack_sf.o)
 .bss           0x0001797c        0x0 d:/fpga/nios2eds/bin/gnu/h-i686-mingw32/bin/../lib/gcc/nios2-elf/4.1.2\libgcc.a(_unpack_sf.o)
 .bss           0x0001797c        0x0 d:/fpga/nios2eds/bin/gnu/h-i686-mingw32/bin/../lib/gcc/nios2-elf/4.1.2\libgcc.a(_pack_df.o)
 .bss           0x0001797c        0x0 d:/fpga/nios2eds/bin/gnu/h-i686-mingw32/bin/../lib/gcc/nios2-elf/4.1.2\libgcc.a(_clz.o)
 .bss           0x0001797c        0x0 d:/fpga/nios2eds/bin/gnu/h-i686-mingw32/bin/../lib/gcc/nios2-elf/4.1.2/../../../../nios2-elf/lib\libc.a(lib_a-memcpy.o)
 .bss           0x0001797c        0x0 d:/fpga/nios2eds/bin/gnu/h-i686-mingw32/bin/../lib/gcc/nios2-elf/4.1.2/../../../../nios2-elf/lib\libc.a(lib_a-memset.o)
 .bss           0x0001797c        0x0 d:/fpga/nios2eds/bin/gnu/h-i686-mingw32/bin/../lib/gcc/nios2-elf/4.1.2/../../../../nios2-elf/lib\libc.a(lib_a-printf.o)
 .bss           0x0001797c        0x0 d:/fpga/nios2eds/bin/gnu/h-i686-mingw32/bin/../lib/gcc/nios2-elf/4.1.2/../../../../nios2-elf/lib\libc.a(lib_a-vfprintf.o)
 .bss           0x0001797c        0x0 d:/fpga/nios2eds/bin/gnu/h-i686-mingw32/bin/../lib/gcc/nios2-elf/4.1.2/../../../../nios2-elf/lib\libc.a(lib_a-wsetup.o)
 .bss           0x0001797c        0x0 d:/fpga/nios2eds/bin/gnu/h-i686-mingw32/bin/../lib/gcc/nios2-elf/4.1.2/../../../../nios2-elf/lib\libc.a(lib_a-dtoa.o)
 .bss           0x0001797c        0x0 d:/fpga/nios2eds/bin/gnu/h-i686-mingw32/bin/../lib/gcc/nios2-elf/4.1.2/../../../../nios2-elf/lib\libc.a(lib_a-fflush.o)
 .bss           0x0001797c        0x0 d:/fpga/nios2eds/bin/gnu/h-i686-mingw32/bin/../lib/gcc/nios2-elf/4.1.2/../../../../nios2-elf/lib\libc.a(lib_a-findfp.o)
 .bss           0x0001797c        0x0 d:/fpga/nios2eds/bin/gnu/h-i686-mingw32/bin/../lib/gcc/nios2-elf/4.1.2/../../../../nios2-elf/lib\libc.a(lib_a-freer.o)
 .bss           0x0001797c        0x0 d:/fpga/nios2eds/bin/gnu/h-i686-mingw32/bin/../lib/gcc/nios2-elf/4.1.2/../../../../nios2-elf/lib\libc.a(lib_a-fvwrite.o)
 .bss           0x0001797c        0x0 d:/fpga/nios2eds/bin/gnu/h-i686-mingw32/bin/../lib/gcc/nios2-elf/4.1.2/../../../../nios2-elf/lib\libc.a(lib_a-fwalk.o)
 .bss           0x0001797c        0x0 d:/fpga/nios2eds/bin/gnu/h-i686-mingw32/bin/../lib/gcc/nios2-elf/4.1.2/../../../../nios2-elf/lib\libc.a(lib_a-impure.o)
 .bss           0x0001797c        0x0 d:/fpga/nios2eds/bin/gnu/h-i686-mingw32/bin/../lib/gcc/nios2-elf/4.1.2/../../../../nios2-elf/lib\libc.a(lib_a-locale.o)
 .bss           0x0001797c        0x0 d:/fpga/nios2eds/bin/gnu/h-i686-mingw32/bin/../lib/gcc/nios2-elf/4.1.2/../../../../nios2-elf/lib\libc.a(lib_a-makebuf.o)
 .bss           0x0001797c       0x28 d:/fpga/nios2eds/bin/gnu/h-i686-mingw32/bin/../lib/gcc/nios2-elf/4.1.2/../../../../nios2-elf/lib\libc.a(lib_a-mallocr.o)
                0x0001797c                __malloc_current_mallinfo
 .bss           0x000179a4        0x0 d:/fpga/nios2eds/bin/gnu/h-i686-mingw32/bin/../lib/gcc/nios2-elf/4.1.2/../../../../nios2-elf/lib\libc.a(lib_a-memchr.o)
 .bss           0x000179a4        0x0 d:/fpga/nios2eds/bin/gnu/h-i686-mingw32/bin/../lib/gcc/nios2-elf/4.1.2/../../../../nios2-elf/lib\libc.a(lib_a-memmove.o)
 .bss           0x000179a4        0x0 d:/fpga/nios2eds/bin/gnu/h-i686-mingw32/bin/../lib/gcc/nios2-elf/4.1.2/../../../../nios2-elf/lib\libc.a(lib_a-mprec.o)
 .bss           0x000179a4        0x0 d:/fpga/nios2eds/bin/gnu/h-i686-mingw32/bin/../lib/gcc/nios2-elf/4.1.2/../../../../nios2-elf/lib\libc.a(lib_a-reallocr.o)
 .bss           0x000179a4        0x0 d:/fpga/nios2eds/bin/gnu/h-i686-mingw32/bin/../lib/gcc/nios2-elf/4.1.2/../../../../nios2-elf/lib\libc.a(lib_a-s_isinfd.o)
 .bss           0x000179a4        0x0 d:/fpga/nios2eds/bin/gnu/h-i686-mingw32/bin/../lib/gcc/nios2-elf/4.1.2/../../../../nios2-elf/lib\libc.a(lib_a-s_isnand.o)
 .bss           0x000179a4        0x0 d:/fpga/nios2eds/bin/gnu/h-i686-mingw32/bin/../lib/gcc/nios2-elf/4.1.2/../../../../nios2-elf/lib\libc.a(lib_a-sbrkr.o)
 .bss           0x000179a4        0x0 d:/fpga/nios2eds/bin/gnu/h-i686-mingw32/bin/../lib/gcc/nios2-elf/4.1.2/../../../../nios2-elf/lib\libc.a(lib_a-stdio.o)
 .bss           0x000179a4        0x0 d:/fpga/nios2eds/bin/gnu/h-i686-mingw32/bin/../lib/gcc/nios2-elf/4.1.2/../../../../nios2-elf/lib\libc.a(lib_a-strcmp.o)
 .bss           0x000179a4        0x0 d:/fpga/nios2eds/bin/gnu/h-i686-mingw32/bin/../lib/gcc/nios2-elf/4.1.2/../../../../nios2-elf/lib\libc.a(lib_a-strlen.o)
 .bss           0x000179a4        0x0 d:/fpga/nios2eds/bin/gnu/h-i686-mingw32/bin/../lib/gcc/nios2-elf/4.1.2/../../../../nios2-elf/lib\libc.a(lib_a-writer.o)
 .bss           0x000179a4        0x0 d:/fpga/nios2eds/bin/gnu/h-i686-mingw32/bin/../lib/gcc/nios2-elf/4.1.2/../../../../nios2-elf/lib\libc.a(lib_a-callocr.o)
 .bss           0x000179a4        0x0 d:/fpga/nios2eds/bin/gnu/h-i686-mingw32/bin/../lib/gcc/nios2-elf/4.1.2/../../../../nios2-elf/lib\libc.a(lib_a-closer.o)
 .bss           0x000179a4        0x0 d:/fpga/nios2eds/bin/gnu/h-i686-mingw32/bin/../lib/gcc/nios2-elf/4.1.2/../../../../nios2-elf/lib\libc.a(lib_a-fclose.o)
 .bss           0x000179a4        0x0 d:/fpga/nios2eds/bin/gnu/h-i686-mingw32/bin/../lib/gcc/nios2-elf/4.1.2/../../../../nios2-elf/lib\libc.a(lib_a-fstatr.o)
 .bss           0x000179a4        0x0 d:/fpga/nios2eds/bin/gnu/h-i686-mingw32/bin/../lib/gcc/nios2-elf/4.1.2/../../../../nios2-elf/lib\libc.a(lib_a-int_errno.o)
 .bss           0x000179a4        0x0 d:/fpga/nios2eds/bin/gnu/h-i686-mingw32/bin/../lib/gcc/nios2-elf/4.1.2/../../../../nios2-elf/lib\libc.a(lib_a-isattyr.o)
 .bss           0x000179a4        0x0 d:/fpga/nios2eds/bin/gnu/h-i686-mingw32/bin/../lib/gcc/nios2-elf/4.1.2/../../../../nios2-elf/lib\libc.a(lib_a-lseekr.o)
 .bss           0x000179a4        0x0 d:/fpga/nios2eds/bin/gnu/h-i686-mingw32/bin/../lib/gcc/nios2-elf/4.1.2/../../../../nios2-elf/lib\libc.a(lib_a-readr.o)
 .bss           0x000179a4        0x0 d:/fpga/nios2eds/bin/gnu/h-i686-mingw32/bin/../lib/gcc/nios2-elf/4.1.2\libgcc.a(_udivdi3.o)
 .bss           0x000179a4        0x0 d:/fpga/nios2eds/bin/gnu/h-i686-mingw32/bin/../lib/gcc/nios2-elf/4.1.2\libgcc.a(_umoddi3.o)
 .bss           0x000179a4        0x0 d:/fpga/nios2eds/bin/gnu/h-i686-mingw32/bin/../lib/gcc/nios2-elf/4.1.2\libgcc.a(_addsub_df.o)
 .bss           0x000179a4        0x0 d:/fpga/nios2eds/bin/gnu/h-i686-mingw32/bin/../lib/gcc/nios2-elf/4.1.2\libgcc.a(_mul_df.o)
 .bss           0x000179a4        0x0 d:/fpga/nios2eds/bin/gnu/h-i686-mingw32/bin/../lib/gcc/nios2-elf/4.1.2\libgcc.a(_div_df.o)
 .bss           0x000179a4        0x0 d:/fpga/nios2eds/bin/gnu/h-i686-mingw32/bin/../lib/gcc/nios2-elf/4.1.2\libgcc.a(_eq_df.o)
 .bss           0x000179a4        0x0 d:/fpga/nios2eds/bin/gnu/h-i686-mingw32/bin/../lib/gcc/nios2-elf/4.1.2\libgcc.a(_ne_df.o)
 .bss           0x000179a4        0x0 d:/fpga/nios2eds/bin/gnu/h-i686-mingw32/bin/../lib/gcc/nios2-elf/4.1.2\libgcc.a(_gt_df.o)
 .bss           0x000179a4        0x0 d:/fpga/nios2eds/bin/gnu/h-i686-mingw32/bin/../lib/gcc/nios2-elf/4.1.2\libgcc.a(_ge_df.o)
 .bss           0x000179a4        0x0 d:/fpga/nios2eds/bin/gnu/h-i686-mingw32/bin/../lib/gcc/nios2-elf/4.1.2\libgcc.a(_lt_df.o)
 .bss           0x000179a4        0x0 d:/fpga/nios2eds/bin/gnu/h-i686-mingw32/bin/../lib/gcc/nios2-elf/4.1.2\libgcc.a(_si_to_df.o)
 .bss           0x000179a4        0x0 d:/fpga/nios2eds/bin/gnu/h-i686-mingw32/bin/../lib/gcc/nios2-elf/4.1.2\libgcc.a(_df_to_si.o)
 .bss           0x000179a4        0x0 d:/fpga/nios2eds/bin/gnu/h-i686-mingw32/bin/../lib/gcc/nios2-elf/4.1.2\libgcc.a(_thenan_df.o)
 .bss           0x000179a4        0x0 d:/fpga/nios2eds/bin/gnu/h-i686-mingw32/bin/../lib/gcc/nios2-elf/4.1.2\libgcc.a(_usi_to_df.o)
 .bss           0x000179a4        0x0 d:/fpga/nios2eds/bin/gnu/h-i686-mingw32/bin/../lib/gcc/nios2-elf/4.1.2\libgcc.a(lib2-divmod.o)
 .bss           0x000179a4        0x0 d:/fpga/nios2eds/bin/gnu/h-i686-mingw32/bin/../lib/gcc/nios2-elf/4.1.2\libgcc.a(_muldi3.o)
 .bss           0x000179a4        0x0 d:/fpga/nios2eds/bin/gnu/h-i686-mingw32/bin/../lib/gcc/nios2-elf/4.1.2\libgcc.a(_unpack_df.o)
 .bss           0x000179a4        0x0 d:/fpga/nios2eds/bin/gnu/h-i686-mingw32/bin/../lib/gcc/nios2-elf/4.1.2\libgcc.a(_fpcmp_parts_df.o)
 .bss           0x000179a4        0x0 ../lab4_software_bsp/\libhal_bsp.a(alt_close.o)
 .bss           0x000179a4        0x0 ../lab4_software_bsp/\libhal_bsp.a(alt_dev.o)
 .bss           0x000179a4        0x0 ../lab4_software_bsp/\libhal_bsp.a(alt_errno.o)
 .bss           0x000179a4        0x0 ../lab4_software_bsp/\libhal_bsp.a(alt_fstat.o)
 .bss           0x000179a4        0x0 ../lab4_software_bsp/\libhal_bsp.a(alt_irq_register.o)
 .bss           0x000179a4        0x0 ../lab4_software_bsp/\libhal_bsp.a(alt_irq_vars.o)
 .bss           0x000179a4        0x0 ../lab4_software_bsp/\libhal_bsp.a(alt_isatty.o)
 .bss           0x000179a4        0x0 ../lab4_software_bsp/\libhal_bsp.a(alt_load.o)
 .bss           0x000179a4        0x0 ../lab4_software_bsp/\libhal_bsp.a(alt_lseek.o)
 .bss           0x000179a4        0x0 ../lab4_software_bsp/\libhal_bsp.a(alt_main.o)
 .bss           0x000179a4        0x0 ../lab4_software_bsp/\libhal_bsp.a(alt_malloc_lock.o)
 .bss           0x000179a4        0x0 ../lab4_software_bsp/\libhal_bsp.a(alt_printf.o)
 .bss           0x000179a4        0x0 ../lab4_software_bsp/\libhal_bsp.a(alt_putchar.o)
 .bss           0x000179a4        0x0 ../lab4_software_bsp/\libhal_bsp.a(alt_read.o)
 .bss           0x000179a4        0x0 ../lab4_software_bsp/\libhal_bsp.a(alt_release_fd.o)
 .bss           0x000179a4        0x0 ../lab4_software_bsp/\libhal_bsp.a(alt_sbrk.o)
 .bss           0x000179a4        0x0 ../lab4_software_bsp/\libhal_bsp.a(alt_write.o)
 .bss           0x000179a4        0x0 ../lab4_software_bsp/\libhal_bsp.a(alt_sys_init.o)
 .bss           0x000179a4        0x0 ../lab4_software_bsp/\libhal_bsp.a(altera_avalon_jtag_uart_fd.o)
 .bss           0x000179a4        0x0 ../lab4_software_bsp/\libhal_bsp.a(altera_avalon_jtag_uart_init.o)
 .bss           0x000179a4        0x0 ../lab4_software_bsp/\libhal_bsp.a(altera_avalon_jtag_uart_ioctl.o)
 .bss           0x000179a4        0x0 ../lab4_software_bsp/\libhal_bsp.a(altera_avalon_jtag_uart_read.o)
 .bss           0x000179a4        0x0 ../lab4_software_bsp/\libhal_bsp.a(altera_avalon_jtag_uart_write.o)
 .bss           0x000179a4        0x0 ../lab4_software_bsp/\libhal_bsp.a(altera_avalon_timer_ts.o)
 .bss           0x000179a4        0x0 ../lab4_software_bsp/\libhal_bsp.a(altera_avalon_timer_vars.o)
 .bss           0x000179a4        0x0 ../lab4_software_bsp/\libhal_bsp.a(altera_up_avalon_audio.o)
 .bss           0x000179a4        0x0 ../lab4_software_bsp/\libhal_bsp.a(altera_up_avalon_character_lcd.o)
 .bss           0x000179a4        0x0 ../lab4_software_bsp/\libhal_bsp.a(altera_up_avalon_ethernet.o)
 .bss           0x000179a4        0x0 ../lab4_software_bsp/\libhal_bsp.a(altera_up_avalon_ethernet_low_level_driver.o)
 .bss           0x000179a4        0x0 ../lab4_software_bsp/\libhal_bsp.a(altera_up_avalon_irda.o)
 .bss           0x000179a4        0x0 ../lab4_software_bsp/\libhal_bsp.a(altera_up_avalon_parallel_port.o)
 .bss           0x000179a4        0x0 ../lab4_software_bsp/\libhal_bsp.a(altera_up_avalon_ps2.o)
 .bss           0x000179a4        0x0 ../lab4_software_bsp/\libhal_bsp.a(altera_up_avalon_rs232.o)
 .bss           0x000179a4        0x0 ../lab4_software_bsp/\libhal_bsp.a(altera_up_avalon_video_character_buffer_with_dma.o)
 .bss           0x000179a4        0x0 ../lab4_software_bsp/\libhal_bsp.a(altera_up_avalon_video_pixel_buffer_dma.o)
 .bss           0x000179a4        0x0 ../lab4_software_bsp/\libhal_bsp.a(alt_alarm_start.o)
 .bss           0x000179a4        0x0 ../lab4_software_bsp/\libhal_bsp.a(alt_dcache_flush_all.o)
 .bss           0x000179a4        0x0 ../lab4_software_bsp/\libhal_bsp.a(alt_dev_llist_insert.o)
 .bss           0x000179a4        0x0 ../lab4_software_bsp/\libhal_bsp.a(alt_do_ctors.o)
 .bss           0x000179a4        0x0 ../lab4_software_bsp/\libhal_bsp.a(alt_do_dtors.o)
 .bss           0x000179a4        0x0 ../lab4_software_bsp/\libhal_bsp.a(alt_find_dev.o)
 .bss           0x000179a4        0x0 ../lab4_software_bsp/\libhal_bsp.a(alt_icache_flush_all.o)
 .bss           0x000179a4        0x0 ../lab4_software_bsp/\libhal_bsp.a(alt_io_redirect.o)
 .bss           0x000179a4        0x0 ../lab4_software_bsp/\libhal_bsp.a(alt_irq_entry.o)
 .bss           0x000179a4        0x0 ../lab4_software_bsp/\libhal_bsp.a(alt_irq_handler.o)
 .bss           0x000179a4        0x0 ../lab4_software_bsp/\libhal_bsp.a(alt_open.o)
 .bss           0x000179a4        0x0 ../lab4_software_bsp/\libhal_bsp.a(alt_tick.o)
 .bss           0x000179a4        0x0 ../lab4_software_bsp/\libhal_bsp.a(alt_usleep.o)
 .bss           0x000179a4        0x0 ../lab4_software_bsp/\libhal_bsp.a(altera_nios2_qsys_irq.o)
 .bss           0x000179a4        0x0 ../lab4_software_bsp/\libhal_bsp.a(alt_busy_sleep.o)
 .bss           0x000179a4        0x0 ../lab4_software_bsp/\libhal_bsp.a(alt_exception_entry.o)
 .bss           0x000179a4        0x0 ../lab4_software_bsp/\libhal_bsp.a(alt_find_file.o)
 .bss           0x000179a4        0x0 ../lab4_software_bsp/\libhal_bsp.a(alt_get_fd.o)
 .bss           0x000179a4        0x0 ../lab4_software_bsp/\libhal_bsp.a(alt_icache_flush.o)
 .bss           0x000179a4        0x0 d:/fpga/nios2eds/bin/gnu/h-i686-mingw32/bin/../lib/gcc/nios2-elf/4.1.2/../../../../nios2-elf/lib\libc.a(lib_a-atexit.o)
 .bss           0x000179a4        0x0 d:/fpga/nios2eds/bin/gnu/h-i686-mingw32/bin/../lib/gcc/nios2-elf/4.1.2/../../../../nios2-elf/lib\libc.a(lib_a-exit.o)
 .bss           0x000179a4        0x0 d:/fpga/nios2eds/bin/gnu/h-i686-mingw32/bin/../lib/gcc/nios2-elf/4.1.2/../../../../nios2-elf/lib\libc.a(lib_a-memcmp.o)
 .bss           0x000179a4        0x0 d:/fpga/nios2eds/bin/gnu/h-i686-mingw32/bin/../lib/gcc/nios2-elf/4.1.2/../../../../nios2-elf/lib\libc.a(lib_a-putc.o)
 .bss           0x000179a4        0x0 d:/fpga/nios2eds/bin/gnu/h-i686-mingw32/bin/../lib/gcc/nios2-elf/4.1.2/../../../../nios2-elf/lib\libc.a(lib_a-wbuf.o)
 .bss           0x000179a4        0x0 d:/fpga/nios2eds/bin/gnu/h-i686-mingw32/bin/../lib/gcc/nios2-elf/4.1.2/../../../../nios2-elf/lib\libc.a(lib_a-__atexit.o)
 .bss           0x000179a4        0x0 d:/fpga/nios2eds/bin/gnu/h-i686-mingw32/bin/../lib/gcc/nios2-elf/4.1.2/../../../../nios2-elf/lib\libc.a(lib_a-__call_atexit.o)
 .bss           0x000179a4        0x0 ../lab4_software_bsp/\libhal_bsp.a(alt_exit.o)
 *(COMMON)
 COMMON         0x000179a4   0x7a1200 obj/default/audio_ISR.o
                0x000179a4                record_l_buf
                0x001ffe24                play_l_buf
                0x003e82a4                record_r_buf
                0x005d0724                play_r_buf
 COMMON         0x007b8ba4       0x20 obj/default/globals.o
                0x007b8ba4                up_dev
 COMMON         0x007b8bc4      0x100 ../lab4_software_bsp/\libhal_bsp.a(alt_irq_handler.o)
                0x007b8bc4                alt_irq
 COMMON         0x007b8cc4      0x190 d:/fpga/nios2eds/bin/gnu/h-i686-mingw32/bin/../lib/gcc/nios2-elf/4.1.2/../../../../nios2-elf/lib\libc.a(lib_a-atexit.o)
                0x007b8cc4                _atexit0
                0x007b8e54                . = ALIGN (0x4)
                0x007b8e54                __bss_end = ABSOLUTE (.)

.SDRAM          0x007b8e54        0x0
                0x007b8e54                PROVIDE (_alt_partition_SDRAM_start, ABSOLUTE (.))
 *(.SDRAM. SDRAM.*)
                0x007b8e54                . = ALIGN (0x4)
                0x007b8e54                PROVIDE (_alt_partition_SDRAM_end, ABSOLUTE (.))
                0x007b8e54                _end = ABSOLUTE (.)
                0x007b8e54                end = ABSOLUTE (.)
                0x007b8e54                __alt_stack_base = ABSOLUTE (.)
                0x007b8e54                PROVIDE (_alt_partition_SDRAM_load_addr, LOADADDR (.SDRAM))

.Flash_flash_data
                0x0c000000        0x0 load address 0x007b8e54
                0x0c000000                PROVIDE (_alt_partition_Flash_flash_data_start, ABSOLUTE (.))
 *(.Flash_flash_data. Flash_flash_data.*)
                0x0c000000                . = ALIGN (0x4)
                0x0c000000                PROVIDE (_alt_partition_Flash_flash_data_end, ABSOLUTE (.))
                0x007b8e54                PROVIDE (_alt_partition_Flash_flash_data_load_addr, LOADADDR (.Flash_flash_data))

.stab
 *(.stab)

.stabstr
 *(.stabstr)

.stab.excl
 *(.stab.excl)

.stab.exclstr
 *(.stab.exclstr)

.stab.index
 *(.stab.index)

.stab.indexstr
 *(.stab.indexstr)

.comment        0x00000000       0x26
 *(.comment)
 .comment       0x00000000       0x26 obj/default/PS2_ISR.o
                                 0x27 (size before relaxing)
 .comment       0x00000000       0x27 obj/default/audio_ISR.o
 .comment       0x00000000       0x27 obj/default/globals.o
 .comment       0x00000000       0x27 obj/default/interval_timer_ISR.o
 .comment       0x00000000       0x27 obj/default/media_interrupt_HAL.o
 .comment       0x00000000       0x27 obj/default/pushbutton_ISR.o
 .comment       0x00000000       0x27 d:/fpga/nios2eds/bin/gnu/h-i686-mingw32/bin/../lib/gcc/nios2-elf/4.1.2\libgcc.a(_si_to_sf.o)
 .comment       0x00000000       0x27 d:/fpga/nios2eds/bin/gnu/h-i686-mingw32/bin/../lib/gcc/nios2-elf/4.1.2\libgcc.a(_sf_to_si.o)
 .comment       0x00000000       0x27 d:/fpga/nios2eds/bin/gnu/h-i686-mingw32/bin/../lib/gcc/nios2-elf/4.1.2\libgcc.a(_sf_to_df.o)
 .comment       0x00000000       0x27 d:/fpga/nios2eds/bin/gnu/h-i686-mingw32/bin/../lib/gcc/nios2-elf/4.1.2\libgcc.a(_usi_to_sf.o)
 .comment       0x00000000       0x27 d:/fpga/nios2eds/bin/gnu/h-i686-mingw32/bin/../lib/gcc/nios2-elf/4.1.2\libgcc.a(_make_df.o)
 .comment       0x00000000       0x27 d:/fpga/nios2eds/bin/gnu/h-i686-mingw32/bin/../lib/gcc/nios2-elf/4.1.2\libgcc.a(_clzsi2.o)
 .comment       0x00000000       0x27 d:/fpga/nios2eds/bin/gnu/h-i686-mingw32/bin/../lib/gcc/nios2-elf/4.1.2\libgcc.a(_pack_sf.o)
 .comment       0x00000000       0x27 d:/fpga/nios2eds/bin/gnu/h-i686-mingw32/bin/../lib/gcc/nios2-elf/4.1.2\libgcc.a(_unpack_sf.o)
 .comment       0x00000000       0x27 d:/fpga/nios2eds/bin/gnu/h-i686-mingw32/bin/../lib/gcc/nios2-elf/4.1.2\libgcc.a(_pack_df.o)
 .comment       0x00000000       0x27 d:/fpga/nios2eds/bin/gnu/h-i686-mingw32/bin/../lib/gcc/nios2-elf/4.1.2\libgcc.a(_clz.o)
 .comment       0x00000000       0x27 d:/fpga/nios2eds/bin/gnu/h-i686-mingw32/bin/../lib/gcc/nios2-elf/4.1.2/../../../../nios2-elf/lib\libc.a(lib_a-memcpy.o)
 .comment       0x00000000       0x27 d:/fpga/nios2eds/bin/gnu/h-i686-mingw32/bin/../lib/gcc/nios2-elf/4.1.2/../../../../nios2-elf/lib\libc.a(lib_a-memset.o)
 .comment       0x00000000       0x27 d:/fpga/nios2eds/bin/gnu/h-i686-mingw32/bin/../lib/gcc/nios2-elf/4.1.2/../../../../nios2-elf/lib\libc.a(lib_a-printf.o)
 .comment       0x00000000       0x27 d:/fpga/nios2eds/bin/gnu/h-i686-mingw32/bin/../lib/gcc/nios2-elf/4.1.2/../../../../nios2-elf/lib\libc.a(lib_a-vfprintf.o)
 .comment       0x00000000       0x27 d:/fpga/nios2eds/bin/gnu/h-i686-mingw32/bin/../lib/gcc/nios2-elf/4.1.2/../../../../nios2-elf/lib\libc.a(lib_a-wsetup.o)
 .comment       0x00000000       0x27 d:/fpga/nios2eds/bin/gnu/h-i686-mingw32/bin/../lib/gcc/nios2-elf/4.1.2/../../../../nios2-elf/lib\libc.a(lib_a-dtoa.o)
 .comment       0x00000000       0x27 d:/fpga/nios2eds/bin/gnu/h-i686-mingw32/bin/../lib/gcc/nios2-elf/4.1.2/../../../../nios2-elf/lib\libc.a(lib_a-fflush.o)
 .comment       0x00000000       0x27 d:/fpga/nios2eds/bin/gnu/h-i686-mingw32/bin/../lib/gcc/nios2-elf/4.1.2/../../../../nios2-elf/lib\libc.a(lib_a-findfp.o)
 .comment       0x00000000       0x27 d:/fpga/nios2eds/bin/gnu/h-i686-mingw32/bin/../lib/gcc/nios2-elf/4.1.2/../../../../nios2-elf/lib\libc.a(lib_a-freer.o)
 .comment       0x00000000       0x27 d:/fpga/nios2eds/bin/gnu/h-i686-mingw32/bin/../lib/gcc/nios2-elf/4.1.2/../../../../nios2-elf/lib\libc.a(lib_a-fvwrite.o)
 .comment       0x00000000       0x27 d:/fpga/nios2eds/bin/gnu/h-i686-mingw32/bin/../lib/gcc/nios2-elf/4.1.2/../../../../nios2-elf/lib\libc.a(lib_a-fwalk.o)
 .comment       0x00000000       0x27 d:/fpga/nios2eds/bin/gnu/h-i686-mingw32/bin/../lib/gcc/nios2-elf/4.1.2/../../../../nios2-elf/lib\libc.a(lib_a-impure.o)
 .comment       0x00000000       0x27 d:/fpga/nios2eds/bin/gnu/h-i686-mingw32/bin/../lib/gcc/nios2-elf/4.1.2/../../../../nios2-elf/lib\libc.a(lib_a-locale.o)
 .comment       0x00000000       0x27 d:/fpga/nios2eds/bin/gnu/h-i686-mingw32/bin/../lib/gcc/nios2-elf/4.1.2/../../../../nios2-elf/lib\libc.a(lib_a-makebuf.o)
 .comment       0x00000000       0x27 d:/fpga/nios2eds/bin/gnu/h-i686-mingw32/bin/../lib/gcc/nios2-elf/4.1.2/../../../../nios2-elf/lib\libc.a(lib_a-mallocr.o)
 .comment       0x00000000       0x27 d:/fpga/nios2eds/bin/gnu/h-i686-mingw32/bin/../lib/gcc/nios2-elf/4.1.2/../../../../nios2-elf/lib\libc.a(lib_a-memchr.o)
 .comment       0x00000000       0x27 d:/fpga/nios2eds/bin/gnu/h-i686-mingw32/bin/../lib/gcc/nios2-elf/4.1.2/../../../../nios2-elf/lib\libc.a(lib_a-memmove.o)
 .comment       0x00000000       0x27 d:/fpga/nios2eds/bin/gnu/h-i686-mingw32/bin/../lib/gcc/nios2-elf/4.1.2/../../../../nios2-elf/lib\libc.a(lib_a-mprec.o)
 .comment       0x00000000       0x27 d:/fpga/nios2eds/bin/gnu/h-i686-mingw32/bin/../lib/gcc/nios2-elf/4.1.2/../../../../nios2-elf/lib\libc.a(lib_a-reallocr.o)
 .comment       0x00000000       0x27 d:/fpga/nios2eds/bin/gnu/h-i686-mingw32/bin/../lib/gcc/nios2-elf/4.1.2/../../../../nios2-elf/lib\libc.a(lib_a-s_isinfd.o)
 .comment       0x00000000       0x27 d:/fpga/nios2eds/bin/gnu/h-i686-mingw32/bin/../lib/gcc/nios2-elf/4.1.2/../../../../nios2-elf/lib\libc.a(lib_a-s_isnand.o)
 .comment       0x00000000       0x27 d:/fpga/nios2eds/bin/gnu/h-i686-mingw32/bin/../lib/gcc/nios2-elf/4.1.2/../../../../nios2-elf/lib\libc.a(lib_a-sbrkr.o)
 .comment       0x00000000       0x27 d:/fpga/nios2eds/bin/gnu/h-i686-mingw32/bin/../lib/gcc/nios2-elf/4.1.2/../../../../nios2-elf/lib\libc.a(lib_a-stdio.o)
 .comment       0x00000000       0x27 d:/fpga/nios2eds/bin/gnu/h-i686-mingw32/bin/../lib/gcc/nios2-elf/4.1.2/../../../../nios2-elf/lib\libc.a(lib_a-strcmp.o)
 .comment       0x00000000       0x27 d:/fpga/nios2eds/bin/gnu/h-i686-mingw32/bin/../lib/gcc/nios2-elf/4.1.2/../../../../nios2-elf/lib\libc.a(lib_a-strlen.o)
 .comment       0x00000000       0x27 d:/fpga/nios2eds/bin/gnu/h-i686-mingw32/bin/../lib/gcc/nios2-elf/4.1.2/../../../../nios2-elf/lib\libc.a(lib_a-writer.o)
 .comment       0x00000000       0x27 d:/fpga/nios2eds/bin/gnu/h-i686-mingw32/bin/../lib/gcc/nios2-elf/4.1.2/../../../../nios2-elf/lib\libc.a(lib_a-callocr.o)
 .comment       0x00000000       0x27 d:/fpga/nios2eds/bin/gnu/h-i686-mingw32/bin/../lib/gcc/nios2-elf/4.1.2/../../../../nios2-elf/lib\libc.a(lib_a-closer.o)
 .comment       0x00000000       0x27 d:/fpga/nios2eds/bin/gnu/h-i686-mingw32/bin/../lib/gcc/nios2-elf/4.1.2/../../../../nios2-elf/lib\libc.a(lib_a-fclose.o)
 .comment       0x00000000       0x27 d:/fpga/nios2eds/bin/gnu/h-i686-mingw32/bin/../lib/gcc/nios2-elf/4.1.2/../../../../nios2-elf/lib\libc.a(lib_a-fstatr.o)
 .comment       0x00000000       0x27 d:/fpga/nios2eds/bin/gnu/h-i686-mingw32/bin/../lib/gcc/nios2-elf/4.1.2/../../../../nios2-elf/lib\libc.a(lib_a-int_errno.o)
 .comment       0x00000000       0x27 d:/fpga/nios2eds/bin/gnu/h-i686-mingw32/bin/../lib/gcc/nios2-elf/4.1.2/../../../../nios2-elf/lib\libc.a(lib_a-isattyr.o)
 .comment       0x00000000       0x27 d:/fpga/nios2eds/bin/gnu/h-i686-mingw32/bin/../lib/gcc/nios2-elf/4.1.2/../../../../nios2-elf/lib\libc.a(lib_a-lseekr.o)
 .comment       0x00000000       0x27 d:/fpga/nios2eds/bin/gnu/h-i686-mingw32/bin/../lib/gcc/nios2-elf/4.1.2/../../../../nios2-elf/lib\libc.a(lib_a-readr.o)
 .comment       0x00000000       0x27 d:/fpga/nios2eds/bin/gnu/h-i686-mingw32/bin/../lib/gcc/nios2-elf/4.1.2\libgcc.a(_udivdi3.o)
 .comment       0x00000000       0x27 d:/fpga/nios2eds/bin/gnu/h-i686-mingw32/bin/../lib/gcc/nios2-elf/4.1.2\libgcc.a(_umoddi3.o)
 .comment       0x00000000       0x27 d:/fpga/nios2eds/bin/gnu/h-i686-mingw32/bin/../lib/gcc/nios2-elf/4.1.2\libgcc.a(_addsub_df.o)
 .comment       0x00000000       0x27 d:/fpga/nios2eds/bin/gnu/h-i686-mingw32/bin/../lib/gcc/nios2-elf/4.1.2\libgcc.a(_mul_df.o)
 .comment       0x00000000       0x27 d:/fpga/nios2eds/bin/gnu/h-i686-mingw32/bin/../lib/gcc/nios2-elf/4.1.2\libgcc.a(_div_df.o)
 .comment       0x00000000       0x27 d:/fpga/nios2eds/bin/gnu/h-i686-mingw32/bin/../lib/gcc/nios2-elf/4.1.2\libgcc.a(_eq_df.o)
 .comment       0x00000000       0x27 d:/fpga/nios2eds/bin/gnu/h-i686-mingw32/bin/../lib/gcc/nios2-elf/4.1.2\libgcc.a(_ne_df.o)
 .comment       0x00000000       0x27 d:/fpga/nios2eds/bin/gnu/h-i686-mingw32/bin/../lib/gcc/nios2-elf/4.1.2\libgcc.a(_gt_df.o)
 .comment       0x00000000       0x27 d:/fpga/nios2eds/bin/gnu/h-i686-mingw32/bin/../lib/gcc/nios2-elf/4.1.2\libgcc.a(_ge_df.o)
 .comment       0x00000000       0x27 d:/fpga/nios2eds/bin/gnu/h-i686-mingw32/bin/../lib/gcc/nios2-elf/4.1.2\libgcc.a(_lt_df.o)
 .comment       0x00000000       0x27 d:/fpga/nios2eds/bin/gnu/h-i686-mingw32/bin/../lib/gcc/nios2-elf/4.1.2\libgcc.a(_si_to_df.o)
 .comment       0x00000000       0x27 d:/fpga/nios2eds/bin/gnu/h-i686-mingw32/bin/../lib/gcc/nios2-elf/4.1.2\libgcc.a(_df_to_si.o)
 .comment       0x00000000       0x27 d:/fpga/nios2eds/bin/gnu/h-i686-mingw32/bin/../lib/gcc/nios2-elf/4.1.2\libgcc.a(_thenan_df.o)
 .comment       0x00000000       0x27 d:/fpga/nios2eds/bin/gnu/h-i686-mingw32/bin/../lib/gcc/nios2-elf/4.1.2\libgcc.a(_usi_to_df.o)
 .comment       0x00000000       0x27 d:/fpga/nios2eds/bin/gnu/h-i686-mingw32/bin/../lib/gcc/nios2-elf/4.1.2\libgcc.a(lib2-divmod.o)
 .comment       0x00000000       0x27 d:/fpga/nios2eds/bin/gnu/h-i686-mingw32/bin/../lib/gcc/nios2-elf/4.1.2\libgcc.a(_muldi3.o)
 .comment       0x00000000       0x27 d:/fpga/nios2eds/bin/gnu/h-i686-mingw32/bin/../lib/gcc/nios2-elf/4.1.2\libgcc.a(_unpack_df.o)
 .comment       0x00000000       0x27 d:/fpga/nios2eds/bin/gnu/h-i686-mingw32/bin/../lib/gcc/nios2-elf/4.1.2\libgcc.a(_fpcmp_parts_df.o)
 .comment       0x00000000       0x27 ../lab4_software_bsp/\libhal_bsp.a(alt_close.o)
 .comment       0x00000000       0x27 ../lab4_software_bsp/\libhal_bsp.a(alt_dev.o)
 .comment       0x00000000       0x27 ../lab4_software_bsp/\libhal_bsp.a(alt_errno.o)
 .comment       0x00000000       0x27 ../lab4_software_bsp/\libhal_bsp.a(alt_fstat.o)
 .comment       0x00000000       0x27 ../lab4_software_bsp/\libhal_bsp.a(alt_irq_register.o)
 .comment       0x00000000       0x27 ../lab4_software_bsp/\libhal_bsp.a(alt_irq_vars.o)
 .comment       0x00000000       0x27 ../lab4_software_bsp/\libhal_bsp.a(alt_isatty.o)
 .comment       0x00000000       0x27 ../lab4_software_bsp/\libhal_bsp.a(alt_load.o)
 .comment       0x00000000       0x27 ../lab4_software_bsp/\libhal_bsp.a(alt_lseek.o)
 .comment       0x00000000       0x27 ../lab4_software_bsp/\libhal_bsp.a(alt_main.o)
 .comment       0x00000000       0x27 ../lab4_software_bsp/\libhal_bsp.a(alt_malloc_lock.o)
 .comment       0x00000000       0x27 ../lab4_software_bsp/\libhal_bsp.a(alt_printf.o)
 .comment       0x00000000       0x27 ../lab4_software_bsp/\libhal_bsp.a(alt_putchar.o)
 .comment       0x00000000       0x27 ../lab4_software_bsp/\libhal_bsp.a(alt_read.o)
 .comment       0x00000000       0x27 ../lab4_software_bsp/\libhal_bsp.a(alt_release_fd.o)
 .comment       0x00000000       0x27 ../lab4_software_bsp/\libhal_bsp.a(alt_sbrk.o)