Archive member included because of file (symbol)

d:/modelsim_ase/quartus/quartus cyclone ii/nios2eds/bin/gnu/h-i686-mingw32/bin/../lib/gcc/nios2-elf/4.1.2\libgcc.a(_udivdi3.o)
                              obj/default/media_interrupt_HAL.o (__udivdi3)
d:/modelsim_ase/quartus/quartus cyclone ii/nios2eds/bin/gnu/h-i686-mingw32/bin/../lib/gcc/nios2-elf/4.1.2\libgcc.a(_si_to_sf.o)
                              obj/default/media_interrupt_HAL.o (__floatsisf)
d:/modelsim_ase/quartus/quartus cyclone ii/nios2eds/bin/gnu/h-i686-mingw32/bin/../lib/gcc/nios2-elf/4.1.2\libgcc.a(_sf_to_si.o)
                              obj/default/media_interrupt_HAL.o (__fixsfsi)
d:/modelsim_ase/quartus/quartus cyclone ii/nios2eds/bin/gnu/h-i686-mingw32/bin/../lib/gcc/nios2-elf/4.1.2\libgcc.a(_sf_to_df.o)
                              obj/default/media_interrupt_HAL.o (__extendsfdf2)
d:/modelsim_ase/quartus/quartus cyclone ii/nios2eds/bin/gnu/h-i686-mingw32/bin/../lib/gcc/nios2-elf/4.1.2\libgcc.a(_usi_to_sf.o)
                              obj/default/media_interrupt_HAL.o (__floatunsisf)
d:/modelsim_ase/quartus/quartus cyclone ii/nios2eds/bin/gnu/h-i686-mingw32/bin/../lib/gcc/nios2-elf/4.1.2\libgcc.a(_make_df.o)
                              d:/modelsim_ase/quartus/quartus cyclone ii/nios2eds/bin/gnu/h-i686-mingw32/bin/../lib/gcc/nios2-elf/4.1.2\libgcc.a(_sf_to_df.o) (__make_dp)
d:/modelsim_ase/quartus/quartus cyclone ii/nios2eds/bin/gnu/h-i686-mingw32/bin/../lib/gcc/nios2-elf/4.1.2\libgcc.a(lib2-divmod.o)
                              d:/modelsim_ase/quartus/quartus cyclone ii/nios2eds/bin/gnu/h-i686-mingw32/bin/../lib/gcc/nios2-elf/4.1.2\libgcc.a(_udivdi3.o) (__udivsi3)
d:/modelsim_ase/quartus/quartus cyclone ii/nios2eds/bin/gnu/h-i686-mingw32/bin/../lib/gcc/nios2-elf/4.1.2\libgcc.a(_clz.o)
                              d:/modelsim_ase/quartus/quartus cyclone ii/nios2eds/bin/gnu/h-i686-mingw32/bin/../lib/gcc/nios2-elf/4.1.2\libgcc.a(_udivdi3.o) (__clz_tab)
d:/modelsim_ase/quartus/quartus cyclone ii/nios2eds/bin/gnu/h-i686-mingw32/bin/../lib/gcc/nios2-elf/4.1.2\libgcc.a(_clzsi2.o)
                              d:/modelsim_ase/quartus/quartus cyclone ii/nios2eds/bin/gnu/h-i686-mingw32/bin/../lib/gcc/nios2-elf/4.1.2\libgcc.a(_si_to_sf.o) (__clzsi2)
d:/modelsim_ase/quartus/quartus cyclone ii/nios2eds/bin/gnu/h-i686-mingw32/bin/../lib/gcc/nios2-elf/4.1.2\libgcc.a(_pack_sf.o)
                              d:/modelsim_ase/quartus/quartus cyclone ii/nios2eds/bin/gnu/h-i686-mingw32/bin/../lib/gcc/nios2-elf/4.1.2\libgcc.a(_si_to_sf.o) (__pack_f)
d:/modelsim_ase/quartus/quartus cyclone ii/nios2eds/bin/gnu/h-i686-mingw32/bin/../lib/gcc/nios2-elf/4.1.2\libgcc.a(_unpack_sf.o)
                              d:/modelsim_ase/quartus/quartus cyclone ii/nios2eds/bin/gnu/h-i686-mingw32/bin/../lib/gcc/nios2-elf/4.1.2\libgcc.a(_sf_to_si.o) (__unpack_f)
d:/modelsim_ase/quartus/quartus cyclone ii/nios2eds/bin/gnu/h-i686-mingw32/bin/../lib/gcc/nios2-elf/4.1.2\libgcc.a(_pack_df.o)
                              d:/modelsim_ase/quartus/quartus cyclone ii/nios2eds/bin/gnu/h-i686-mingw32/bin/../lib/gcc/nios2-elf/4.1.2\libgcc.a(_make_df.o) (__pack_d)
d:/modelsim_ase/quartus/quartus cyclone ii/nios2eds/bin/gnu/h-i686-mingw32/bin/../lib/gcc/nios2-elf/4.1.2/../../../../nios2-elf/lib\libc.a(lib_a-memcpy.o)
                              obj/default/media_interrupt_HAL.o (memcpy)
d:/modelsim_ase/quartus/quartus cyclone ii/nios2eds/bin/gnu/h-i686-mingw32/bin/../lib/gcc/nios2-elf/4.1.2/../../../../nios2-elf/lib\libc.a(lib_a-memset.o)
                              obj/default/media_interrupt_HAL.o (memset)
d:/modelsim_ase/quartus/quartus cyclone ii/nios2eds/bin/gnu/h-i686-mingw32/bin/../lib/gcc/nios2-elf/4.1.2/../../../../nios2-elf/lib\libc.a(lib_a-printf.o)
                              obj/default/audio_ISR.o (printf)
d:/modelsim_ase/quartus/quartus cyclone ii/nios2eds/bin/gnu/h-i686-mingw32/bin/../lib/gcc/nios2-elf/4.1.2/../../../../nios2-elf/lib\libc.a(lib_a-vfprintf.o)
                              d:/modelsim_ase/quartus/quartus cyclone ii/nios2eds/bin/gnu/h-i686-mingw32/bin/../lib/gcc/nios2-elf/4.1.2/../../../../nios2-elf/lib\libc.a(lib_a-printf.o) (___vfprintf_internal_r)
d:/modelsim_ase/quartus/quartus cyclone ii/nios2eds/bin/gnu/h-i686-mingw32/bin/../lib/gcc/nios2-elf/4.1.2/../../../../nios2-elf/lib\libc.a(lib_a-wsetup.o)
                              d:/modelsim_ase/quartus/quartus cyclone ii/nios2eds/bin/gnu/h-i686-mingw32/bin/../lib/gcc/nios2-elf/4.1.2/../../../../nios2-elf/lib\libc.a(lib_a-vfprintf.o) (__swsetup_r)
d:/modelsim_ase/quartus/quartus cyclone ii/nios2eds/bin/gnu/h-i686-mingw32/bin/../lib/gcc/nios2-elf/4.1.2/../../../../nios2-elf/lib\libc.a(lib_a-dtoa.o)
                              d:/modelsim_ase/quartus/quartus cyclone ii/nios2eds/bin/gnu/h-i686-mingw32/bin/../lib/gcc/nios2-elf/4.1.2/../../../../nios2-elf/lib\libc.a(lib_a-vfprintf.o) (_dtoa_r)
[...]
Memory Configuration

Name             Origin             Length             Attributes
reset            0x00000000         0x00000020
SDRAM            0x00000020         0x007fffe0
Flash_flash_data 0x0c000000         0x00400000
*default*        0x00000000         0xffffffff

Linker script and memory map

LOAD ../FPGA_Lab4_Software_bsp//obj/HAL/src/crt0.o
LOAD obj/default/PS2_ISR.o
LOAD obj/default/audio_ISR.o
LOAD obj/default/globals.o
LOAD obj/default/interval_timer_ISR.o
LOAD obj/default/media_interrupt_HAL.o
LOAD obj/default/pushbutton_ISR.o
LOAD d:/modelsim_ase/quartus/quartus cyclone ii/nios2eds/bin/gnu/h-i686-mingw32/bin/../lib/gcc/nios2-elf/4.1.2/../../../../nios2-elf/lib\libstdc++.a
LOAD d:/modelsim_ase/quartus/quartus cyclone ii/nios2eds/bin/gnu/h-i686-mingw32/bin/../lib/gcc/nios2-elf/4.1.2/../../../../nios2-elf/lib\libm.a
LOAD d:/modelsim_ase/quartus/quartus cyclone ii/nios2eds/bin/gnu/h-i686-mingw32/bin/../lib/gcc/nios2-elf/4.1.2\libgcc.a
START GROUP
LOAD d:/modelsim_ase/quartus/quartus cyclone ii/nios2eds/bin/gnu/h-i686-mingw32/bin/../lib/gcc/nios2-elf/4.1.2/../../../../nios2-elf/lib\libc.a
LOAD d:/modelsim_ase/quartus/quartus cyclone ii/nios2eds/bin/gnu/h-i686-mingw32/bin/../lib/gcc/nios2-elf/4.1.2\libgcc.a
LOAD ../FPGA_Lab4_Software_bsp/\libhal_bsp.a
END GROUP
LOAD d:/modelsim_ase/quartus/quartus cyclone ii/nios2eds/bin/gnu/h-i686-mingw32/bin/../lib/gcc/nios2-elf/4.1.2\libgcc.a
                0x00000000                __alt_mem_SDRAM = 0x0
                0x0c000000                __alt_mem_Flash_flash_data = 0xc000000

.entry          0x00000000       0x20
 *(.entry)
 .entry         0x00000000       0x20 ../FPGA_Lab4_Software_bsp//obj/HAL/src/crt0.o
                0x00000000                __reset

.exceptions     0x00000020      0x194
                0x00000020                PROVIDE (__ram_exceptions_start, ABSOLUTE (.))
                0x00000020                . = ALIGN (0x20)
 *(.irq)
 *(.exceptions.entry.label)
 .exceptions.entry.label
                0x00000020        0x0 ../FPGA_Lab4_Software_bsp/\libhal_bsp.a(alt_irq_entry.o)
                0x00000020                alt_irq_entry
 .exceptions.entry.label
                0x00000020        0x0 ../FPGA_Lab4_Software_bsp/\libhal_bsp.a(alt_exception_entry.o)
                0x00000020                alt_exception
 *(.exceptions.entry.user)
 *(.exceptions.entry)
 .exceptions.entry
                0x00000020       0x54 ../FPGA_Lab4_Software_bsp/\libhal_bsp.a(alt_exception_entry.o)
 *(.exceptions.irqtest.user)
 *(.exceptions.irqtest)
 .exceptions.irqtest
                0x00000074       0x10 ../FPGA_Lab4_Software_bsp/\libhal_bsp.a(alt_irq_entry.o)
 *(.exceptions.irqhandler.user)
 *(.exceptions.irqhandler)
 .exceptions.irqhandler
                0x00000084        0x4 ../FPGA_Lab4_Software_bsp/\libhal_bsp.a(alt_irq_entry.o)
 *(.exceptions.irqreturn.user)
 *(.exceptions.irqreturn)
 .exceptions.irqreturn
                0x00000088        0x4 ../FPGA_Lab4_Software_bsp/\libhal_bsp.a(alt_irq_entry.o)
 *(.exceptions.notirq.label)
 .exceptions.notirq.label
                0x0000008c        0x0 ../FPGA_Lab4_Software_bsp/\libhal_bsp.a(alt_irq_entry.o)
 *(.exceptions.notirq.user)
 *(.exceptions.notirq)
 .exceptions.notirq
                0x0000008c        0x8 ../FPGA_Lab4_Software_bsp/\libhal_bsp.a(alt_exception_entry.o)
 *(.exceptions.soft.user)
 *(.exceptions.soft)
 *(.exceptions.unknown.user)
 *(.exceptions.unknown)
 .exceptions.unknown
                0x00000094        0x4 ../FPGA_Lab4_Software_bsp/\libhal_bsp.a(alt_exception_entry.o)
 *(.exceptions.exit.label)
 .exceptions.exit.label
                0x00000098        0x0 ../FPGA_Lab4_Software_bsp/\libhal_bsp.a(alt_irq_entry.o)
 .exceptions.exit.label
                0x00000098        0x0 ../FPGA_Lab4_Software_bsp/\libhal_bsp.a(alt_exception_entry.o)
 *(.exceptions.exit.user)
 *(.exceptions.exit)
 .exceptions.exit
                0x00000098       0x54 ../FPGA_Lab4_Software_bsp/\libhal_bsp.a(alt_exception_entry.o)
 *(.exceptions)
 .exceptions    0x000000ec       0xc8 ../FPGA_Lab4_Software_bsp/\libhal_bsp.a(alt_irq_handler.o)
                0x000000ec                alt_irq_handler
                0x000001b4                PROVIDE (__ram_exceptions_end, ABSOLUTE (.))
                0x00000020                PROVIDE (__flash_exceptions_start, LOADADDR (.exceptions))

.text           0x000001b4    0x121d4
                0x000001b4                PROVIDE (stext, ABSOLUTE (.))
 *(.interp)
 *(.hash)
 *(.dynsym)
 *(.dynstr)
 *(.gnu.version)
 *(.gnu.version_d)
 *(.gnu.version_r)
 *(.rel.init)
 *(.rela.init)
 *(.rel.text .rel.text.* .rel.gnu.linkonce.t.*)
 *(.rela.text .rela.text.* .rela.gnu.linkonce.t.*)
 *(.rel.fini)
 *(.rela.fini)
 *(.rel.rodata .rel.rodata.* .rel.gnu.linkonce.r.*)
 *(.rela.rodata .rela.rodata.* .rela.gnu.linkonce.r.*)
 *(.rel.data .rel.data.* .rel.gnu.linkonce.d.*)
 *(.rela.data .rela.data.* .rela.gnu.linkonce.d.*)
 *(.rel.tdata .rel.tdata.* .rel.gnu.linkonce.td.*)
 *(.rela.tdata .rela.tdata.* .rela.gnu.linkonce.td.*)
 *(.rel.tbss .rel.tbss.* .rel.gnu.linkonce.tb.*)
 *(.rela.tbss .rela.tbss.* .rela.gnu.linkonce.tb.*)
 *(.rel.ctors)
 *(.rela.ctors)
 *(.rel.dtors)
 *(.rela.dtors)
 *(.rel.got)
 *(.rela.got)
 *(.rel.sdata .rel.sdata.* .rel.gnu.linkonce.s.*)
 *(.rela.sdata .rela.sdata.* .rela.gnu.linkonce.s.*)
 *(.rel.sbss .rel.sbss.* .rel.gnu.linkonce.sb.*)
 *(.rela.sbss .rela.sbss.* .rela.gnu.linkonce.sb.*)
 *(.rel.sdata2 .rel.sdata2.* .rel.gnu.linkonce.s2.*)
 *(.rela.sdata2 .rela.sdata2.* .rela.gnu.linkonce.s2.*)
 *(.rel.sbss2 .rel.sbss2.* .rel.gnu.linkonce.sb2.*)
 *(.rela.sbss2 .rela.sbss2.* .rela.gnu.linkonce.sb2.*)
 *(.rel.bss .rel.bss.* .rel.gnu.linkonce.b.*)
 *(.rela.bss .rela.bss.* .rela.gnu.linkonce.b.*)
 *(.rel.plt)
 *(.rela.plt)
 *(.rel.dyn)
 *(.init)
 *(.plt)
 *(.text .stub .text.* .gnu.linkonce.t.*)
 .text          0x000001b4       0x3c ../FPGA_Lab4_Software_bsp//obj/HAL/src/crt0.o
                0x000001b4                _start
 .text          0x000001f0      0x150 obj/default/PS2_ISR.o
                0x000001f0                PS2_ISR
 .text          0x00000340      0x4dc obj/default/audio_ISR.o
                0x00000340                audio_ISR
 .text          0x0000081c        0x0 obj/default/globals.o
 .text          0x0000081c       0x60 obj/default/interval_timer_ISR.o
                0x0000081c                interval_timer_ISR
 .text          0x0000087c     0x1fc8 obj/default/media_interrupt_HAL.o
                0x0000087c                main
                0x000013a4                HEX_PS2
                0x000014c8                PS2_Init
                0x00001580                show_mouse_buttons_states_on_Red_LEDs
                0x00001678                check_for_click
                0x00001704                check_KEYs
                0x0000189c                print_mouse_on_given_position
                0x00001940                erase_previous_mouse_position
                0x00001c84                setMouseBounds
                0x00001cb8                getMouseState
                0x00001e94                print_screen
                0x000020ac                denoise_the_noisy_sound
                0x00002204                echo_maker
                0x00002474                plot_audio
 .text          0x00002844       0xb8 obj/default/pushbutton_ISR.o
                0x00002844                pushbutton_ISR
 .text          0x000028fc      0x5dc d:/modelsim_ase/quartus/quartus cyclone ii/nios2eds/bin/gnu/h-i686-mingw32/bin/../lib/gcc/nios2-elf/4.1.2\libgcc.a(_udivdi3.o)
                0x000028fc                __udivdi3
 .text          0x00002ed8       0x98 d:/modelsim_ase/quartus/quartus cyclone ii/nios2eds/bin/gnu/h-i686-mingw32/bin/../lib/gcc/nios2-elf/4.1.2\libgcc.a(_si_to_sf.o)
                0x00002ed8                __floatsisf
 .text          0x00002f70       0x94 d:/modelsim_ase/quartus/quartus cyclone ii/nios2eds/bin/gnu/h-i686-mingw32/bin/../lib/gcc/nios2-elf/4.1.2\libgcc.a(_sf_to_si.o)
                0x00002f70                __fixsfsi
 .text          0x00003004       0x54 d:/modelsim_ase/quartus/quartus cyclone ii/nios2eds/bin/gnu/h-i686-mingw32/bin/../lib/gcc/nios2-elf/4.1.2\libgcc.a(_sf_to_df.o)
                0x00003004                __extendsfdf2
 .text          0x00003058       0xc0 d:/modelsim_ase/quartus/quartus cyclone ii/nios2eds/bin/gnu/h-i686-mingw32/bin/../lib/gcc/nios2-elf/4.1.2\libgcc.a(_usi_to_sf.o)
                0x00003058                __floatunsisf
 .text          0x00003118       0x38 d:/modelsim_ase/quartus/quartus cyclone ii/nios2eds/bin/gnu/h-i686-mingw32/bin/../lib/gcc/nios2-elf/4.1.2\libgcc.a(_make_df.o)
                0x00003118                __make_dp
 .text          0x00003150      0x14c d:/modelsim_ase/quartus/quartus cyclone ii/nios2eds/bin/gnu/h-i686-mingw32/bin/../lib/gcc/nios2-elf/4.1.2\libgcc.a(lib2-divmod.o)
                0x000031cc                __divsi3
                0x0000322c                __modsi3
                0x0000328c                __udivsi3
                0x00003294                __umodsi3
 .text          0x0000329c        0x0 d:/modelsim_ase/quartus/quartus cyclone ii/nios2eds/bin/gnu/h-i686-mingw32/bin/../lib/gcc/nios2-elf/4.1.2\libgcc.a(_clz.o)
 .text          0x0000329c       0x80 d:/modelsim_ase/quartus/quartus cyclone ii/nios2eds/bin/gnu/h-i686-mingw32/bin/../lib/gcc/nios2-elf/4.1.2\libgcc.a(_clzsi2.o)
                0x0000329c                __clzsi2
 .text          0x0000331c      0x160 d:/modelsim_ase/quartus/quartus cyclone ii/nios2eds/bin/gnu/h-i686-mingw32/bin/../lib/gcc/nios2-elf/4.1.2\libgcc.a(_pack_sf.o)
                0x0000331c                __pack_f
 .text          0x0000347c       0xc8 d:/modelsim_ase/quartus/quartus cyclone ii/nios2eds/bin/gnu/h-i686-mingw32/bin/../lib/gcc/nios2-elf/4.1.2\libgcc.a(_unpack_sf.o)
                0x0000347c                __unpack_f
 .text          0x00003544      0x314 d:/modelsim_ase/quartus/quartus cyclone ii/nios2eds/bin/gnu/h-i686-mingw32/bin/../lib/gcc/nios2-elf/4.1.2\libgcc.a(_pack_df.o)
                0x00003544                __pack_d
 .text          0x00003858       0xa0 d:/modelsim_ase/quartus/quartus cyclone ii/nios2eds/bin/gnu/h-i686-mingw32/bin/../lib/gcc/nios2-elf/4.1.2/../../../../nios2-elf/lib\libc.a(lib_a-memcpy.o)
                0x00003858                memcpy
 .text          0x000038f8       0x98 d:/modelsim_ase/quartus/quartus cyclone ii/nios2eds/bin/gnu/h-i686-mingw32/bin/../lib/gcc/nios2-elf/4.1.2/../../../../nios2-elf/lib\libc.a(lib_a-memset.o)
                0x000038f8                memset
 .text          0x00003990       0x78 d:/modelsim_ase/quartus/quartus cyclone ii/nios2eds/bin/gnu/h-i686-mingw32/bin/../lib/gcc/nios2-elf/4.1.2/../../../../nios2-elf/lib\libc.a(lib_a-printf.o)
                0x00003990                printf
                0x000039d4                _printf_r
 .text          0x00003a08     0x1f28 d:/modelsim_ase/quartus/quartus cyclone ii/nios2eds/bin/gnu/h-i686-mingw32/bin/../lib/gcc/nios2-elf/4.1.2/../../../../nios2-elf/lib\libc.a(lib_a-vfprintf.o)
                0x00003a60                ___vfprintf_internal_r
                0x0000590c                __vfprintf_internal
 .text          0x00005930      0x13c d:/modelsim_ase/quartus/quartus cyclone ii/nios2eds/bin/gnu/h-i686-mingw32/bin/../lib/gcc/nios2-elf/4.1.2/../../../../nios2-elf/lib\libc.a(lib_a-wsetup.o)
                0x00005930                __swsetup_r
 .text          0x00005a6c     0x17cc d:/modelsim_ase/quartus/quartus cyclone ii/nios2eds/bin/gnu/h-i686-mingw32/bin/../lib/gcc/nios2-elf/4.1.2/../../../../nios2-elf/lib\libc.a(lib_a-dtoa.o)
                0x00005c84                _dtoa_r
 .text          0x00007238      0x230 d:/modelsim_ase/quartus/quartus cyclone ii/nios2eds/bin/gnu/h-i686-mingw32/bin/../lib/gcc/nios2-elf/4.1.2/../../../../nios2-elf/lib\libc.a(lib_a-fflush.o)
                0x00007238                _fflush_r
                0x00007434                fflush
 .text          0x00007468      0x2c0 d:/modelsim_ase/quartus/quartus cyclone ii/nios2eds/bin/gnu/h-i686-mingw32/bin/../lib/gcc/nios2-elf/4.1.2/../../../../nios2-elf/lib\libc.a(lib_a-findfp.o)
                0x000074c0                __sfp_lock_acquire
                0x000074c4                __sfp_lock_release
                0x000074c8                __sinit_lock_acquire
                0x000074cc                __sinit_lock_release
                0x000074d0                __sinit
                0x00007584                __fp_unlock_all
                0x0000759c                __fp_lock_all
                0x000075b4                _cleanup_r
                0x000075c0                _cleanup
                0x000075d0                __sfmoreglue
                0x00007638                __sfp
 .text          0x00007728      0x440 d:/modelsim_ase/quartus/quartus cyclone ii/nios2eds/bin/gnu/h-i686-mingw32/bin/../lib/gcc/nios2-elf/4.1.2/../../../../nios2-elf/lib\libc.a(lib_a-freer.o)
                0x00007728                _malloc_trim_r
                0x00007854                _free_r
 .text          0x00007b68      0x49c d:/modelsim_ase/quartus/quartus cyclone ii/nios2eds/bin/gnu/h-i686-mingw32/bin/../lib/gcc/nios2-elf/4.1.2/../../../../nios2-elf/lib\libc.a(lib_a-fvwrite.o)
                0x00007b68                __sfvwrite_r
 .text          0x00008004      0x180 d:/modelsim_ase/quartus/quartus cyclone ii/nios2eds/bin/gnu/h-i686-mingw32/bin/../lib/gcc/nios2-elf/4.1.2/../../../../nios2-elf/lib\libc.a(lib_a-fwalk.o)
                0x00008004                _fwalk_reent
                0x000080cc                _fwalk
 .text          0x00008184        0x0 d:/modelsim_ase/quartus/quartus cyclone ii/nios2eds/bin/gnu/h-i686-mingw32/bin/../lib/gcc/nios2-elf/4.1.2/../../../../nios2-elf/lib\libc.a(lib_a-impure.o)
 .text          0x00008184       0xc4 d:/modelsim_ase/quartus/quartus cyclone ii/nios2eds/bin/gnu/h-i686-mingw32/bin/../lib/gcc/nios2-elf/4.1.2/../../../../nios2-elf/lib\libc.a(lib_a-locale.o)
                0x00008184                __locale_charset
                0x0000818c                _localeconv_r
                0x00008198                localeconv
                0x000081a8                _setlocale_r
                0x0000822c                setlocale
 .text          0x00008248      0x194 d:/modelsim_ase/quartus/quartus cyclone ii/nios2eds/bin/gnu/h-i686-mingw32/bin/../lib/gcc/nios2-elf/4.1.2/../../../../nios2-elf/lib\libc.a(lib_a-makebuf.o)
                0x00008248                __smakebuf_r
 .text          0x000083dc      0x740 d:/modelsim_ase/quartus/quartus cyclone ii/nios2eds/bin/gnu/h-i686-mingw32/bin/../lib/gcc/nios2-elf/4.1.2/../../../../nios2-elf/lib\libc.a(lib_a-mallocr.o)
                0x000083dc                _malloc_r
 .text          0x00008b1c       0xe4 d:/modelsim_ase/quartus/quartus cyclone ii/nios2eds/bin/gnu/h-i686-mingw32/bin/../lib/gcc/nios2-elf/4.1.2/../../../../nios2-elf/lib\libc.a(lib_a-memchr.o)
                0x00008b1c                memchr
 .text          0x00008c00       0xe0 d:/modelsim_ase/quartus/quartus cyclone ii/nios2eds/bin/gnu/h-i686-mingw32/bin/../lib/gcc/nios2-elf/4.1.2/../../../../nios2-elf/lib\libc.a(lib_a-memmove.o)
                0x00008c00                memmove
 .text          0x00008ce0      0xff4 d:/modelsim_ase/quartus/quartus cyclone ii/nios2eds/bin/gnu/h-i686-mingw32/bin/../lib/gcc/nios2-elf/4.1.2/../../../../nios2-elf/lib\libc.a(lib_a-mprec.o)
                0x00008ce0                _Bfree
                0x00008d08                __hi0bits
                0x00008d78                __lo0bits
                0x00008e3c                __mcmp
                0x00008e9c                __ulp
                0x00008f1c                __b2d
                0x0000903c                __ratio
                0x000090ec                _mprec_log10
                0x00009180                __copybits
                0x000091d8                __any_on
                0x00009260                _Balloc
                0x0000931c                __d2b
                0x00009498                __mdiff
                0x00009624                __lshift
                0x00009770                __multiply
                0x00009958                __i2b
                0x00009994                __multadd
                0x00009a94                __pow5mult
                0x00009bb4                __s2b
 .text          0x00009cd4      0x5f4 d:/modelsim_ase/quartus/quartus cyclone ii/nios2eds/bin/gnu/h-i686-mingw32/bin/../lib/gcc/nios2-elf/4.1.2/../../../../nios2-elf/lib\libc.a(lib_a-reallocr.o)
                0x00009cd4                _realloc_r
 .text          0x0000a2c8       0x40 d:/modelsim_ase/quartus/quartus cyclone ii/nios2eds/bin/gnu/h-i686-mingw32/bin/../lib/gcc/nios2-elf/4.1.2/../../../../nios2-elf/lib\libc.a(lib_a-s_isinfd.o)
                0x0000a2c8                __isinfd
 .text          0x0000a308       0x30 d:/modelsim_ase/quartus/quartus cyclone ii/nios2eds/bin/gnu/h-i686-mingw32/bin/../lib/gcc/nios2-elf/4.1.2/../../../../nios2-elf/lib\libc.a(lib_a-s_isnand.o)
                0x0000a308                __isnand
 .text          0x0000a338       0x70 d:/modelsim_ase/quartus/quartus cyclone ii/nios2eds/bin/gnu/h-i686-mingw32/bin/../lib/gcc/nios2-elf/4.1.2/../../../../nios2-elf/lib\libc.a(lib_a-sbrkr.o)
                0x0000a338                _sbrk_r
 .text          0x0000a3a8      0x14c d:/modelsim_ase/quartus/quartus cyclone ii/nios2eds/bin/gnu/h-i686-mingw32/bin/../lib/gcc/nios2-elf/4.1.2/../../../../nios2-elf/lib\libc.a(lib_a-stdio.o)
                0x0000a3a8                __sclose
                0x0000a3b0                __sseek
                0x0000a418                __swrite
                0x0000a494                __sread
 .text          0x0000a4f4       0xbc d:/modelsim_ase/quartus/quartus cyclone ii/nios2eds/bin/gnu/h-i686-mingw32/bin/../lib/gcc/nios2-elf/4.1.2/../../../../nios2-elf/lib\libc.a(lib_a-strcmp.o)
                0x0000a4f4                strcmp
 .text          0x0000a5b0       0x74 d:/modelsim_ase/quartus/quartus cyclone ii/nios2eds/bin/gnu/h-i686-mingw32/bin/../lib/gcc/nios2-elf/4.1.2/../../../../nios2-elf/lib\libc.a(lib_a-strlen.o)
                0x0000a5b0                strlen
 .text          0x0000a624       0x78 d:/modelsim_ase/quartus/quartus cyclone ii/nios2eds/bin/gnu/h-i686-mingw32/bin/../lib/gcc/nios2-elf/4.1.2/../../../../nios2-elf/lib\libc.a(lib_a-writer.o)
                0x0000a624                _write_r
 .text          0x0000a69c       0xb4 d:/modelsim_ase/quartus/quartus cyclone ii/nios2eds/bin/gnu/h-i686-mingw32/bin/../lib/gcc/nios2-elf/4.1.2/../../../../nios2-elf/lib\libc.a(lib_a-callocr.o)
                0x0000a69c                _calloc_r
 .text          0x0000a750       0x70 d:/modelsim_ase/quartus/quartus cyclone ii/nios2eds/bin/gnu/h-i686-mingw32/bin/../lib/gcc/nios2-elf/4.1.2/../../../../nios2-elf/lib\libc.a(lib_a-closer.o)
                0x0000a750                _close_r
 .text          0x0000a7c0      0x124 d:/modelsim_ase/quartus/quartus cyclone ii/nios2eds/bin/gnu/h-i686-mingw32/bin/../lib/gcc/nios2-elf/4.1.2/../../../../nios2-elf/lib\libc.a(lib_a-fclose.o)
                0x0000a7c0                _fclose_r
                0x0000a8d0                fclose
 .text          0x0000a8e4       0x74 d:/modelsim_ase/quartus/quartus cyclone ii/nios2eds/bin/gnu/h-i686-mingw32/bin/../lib/gcc/nios2-elf/4.1.2/../../../../nios2-elf/lib\libc.a(lib_a-fstatr.o)
                0x0000a8e4                _fstat_r
 .text          0x0000a958        0x0 d:/modelsim_ase/quartus/quartus cyclone ii/nios2eds/bin/gnu/h-i686-mingw32/bin/../lib/gcc/nios2-elf/4.1.2/../../../../nios2-elf/lib\libc.a(lib_a-int_errno.o)
 .text          0x0000a958       0x70 d:/modelsim_ase/quartus/quartus cyclone ii/nios2eds/bin/gnu/h-i686-mingw32/bin/../lib/gcc/nios2-elf/4.1.2/../../../../nios2-elf/lib\libc.a(lib_a-isattyr.o)
                0x0000a958                _isatty_r
 .text          0x0000a9c8       0x78 d:/modelsim_ase/quartus/quartus cyclone ii/nios2eds/bin/gnu/h-i686-mingw32/bin/../lib/gcc/nios2-elf/4.1.2/../../../../nios2-elf/lib\libc.a(lib_a-lseekr.o)
                0x0000a9c8                _lseek_r
 .text          0x0000aa40       0x78 d:/modelsim_ase/quartus/quartus cyclone ii/nios2eds/bin/gnu/h-i686-mingw32/bin/../lib/gcc/nios2-elf/4.1.2/../../../../nios2-elf/lib\libc.a(lib_a-readr.o)
                0x0000aa40                _read_r
 .text          0x0000aab8      0x5b0 d:/modelsim_ase/quartus/quartus cyclone ii/nios2eds/bin/gnu/h-i686-mingw32/bin/../lib/gcc/nios2-elf/4.1.2\libgcc.a(_umoddi3.o)
                0x0000aab8                __umoddi3
 .text          0x0000b068      0x504 d:/modelsim_ase/quartus/quartus cyclone ii/nios2eds/bin/gnu/h-i686-mingw32/bin/../lib/gcc/nios2-elf/4.1.2\libgcc.a(_addsub_df.o)
                0x0000b478                __subdf3
                0x0000b4f8                __adddf3
 .text          0x0000b56c      0x3c4 d:/modelsim_ase/quartus/quartus cyclone ii/nios2eds/bin/gnu/h-i686-mingw32/bin/../lib/gcc/nios2-elf/4.1.2\libgcc.a(_mul_df.o)
                0x0000b56c                __muldf3
 .text          0x0000b930      0x258 d:/modelsim_ase/quartus/quartus cyclone ii/nios2eds/bin/gnu/h-i686-mingw32/bin/../lib/gcc/nios2-elf/4.1.2\libgcc.a(_div_df.o)
                0x0000b930                __divdf3
 .text          0x0000bb88       0x88 d:/modelsim_ase/quartus/quartus cyclone ii/nios2eds/bin/gnu/h-i686-mingw32/bin/../lib/gcc/nios2-elf/4.1.2\libgcc.a(_eq_df.o)
                0x0000bb88                __eqdf2
 .text          0x0000bc10       0x88 d:/modelsim_ase/quartus/quartus cyclone ii/nios2eds/bin/gnu/h-i686-mingw32/bin/../lib/gcc/nios2-elf/4.1.2\libgcc.a(_ne_df.o)
                0x0000bc10                __nedf2
 .text          0x0000bc98       0x88 d:/modelsim_ase/quartus/quartus cyclone ii/nios2eds/bin/gnu/h-i686-mingw32/bin/../lib/gcc/nios2-elf/4.1.2\libgcc.a(_gt_df.o)
                0x0000bc98                __gtdf2
 .text          0x0000bd20       0x88 d:/modelsim_ase/quartus/quartus cyclone ii/nios2eds/bin/gnu/h-i686-mingw32/bin/../lib/gcc/nios2-elf/4.1.2\libgcc.a(_ge_df.o)
                0x0000bd20                __gedf2
 .text          0x0000bda8       0x88 d:/modelsim_ase/quartus/quartus cyclone ii/nios2eds/bin/gnu/h-i686-mingw32/bin/../lib/gcc/nios2-elf/4.1.2\libgcc.a(_lt_df.o)
                0x0000bda8                __ltdf2
 .text          0x0000be30       0xf8 d:/modelsim_ase/quartus/quartus cyclone ii/nios2eds/bin/gnu/h-i686-mingw32/bin/../lib/gcc/nios2-elf/4.1.2\libgcc.a(_si_to_df.o)
                0x0000be30                __floatsidf
 .text          0x0000bf28       0xd8 d:/modelsim_ase/quartus/quartus cyclone ii/nios2eds/bin/gnu/h-i686-mingw32/bin/../lib/gcc/nios2-elf/4.1.2\libgcc.a(_df_to_si.o)
                0x0000bf28                __fixdfsi
 .text          0x0000c000        0x0 d:/modelsim_ase/quartus/quartus cyclone ii/nios2eds/bin/gnu/h-i686-mingw32/bin/../lib/gcc/nios2-elf/4.1.2\libgcc.a(_thenan_df.o)
 .text          0x0000c000      0x194 d:/modelsim_ase/quartus/quartus cyclone ii/nios2eds/bin/gnu/h-i686-mingw32/bin/../lib/gcc/nios2-elf/4.1.2\libgcc.a(_usi_to_df.o)
                0x0000c000                __floatunsidf
 .text          0x0000c194       0x98 d:/modelsim_ase/quartus/quartus cyclone ii/nios2eds/bin/gnu/h-i686-mingw32/bin/../lib/gcc/nios2-elf/4.1.2\libgcc.a(_muldi3.o)
                0x0000c194                __muldi3
 .text          0x0000c22c      0x138 d:/modelsim_ase/quartus/quartus cyclone ii/nios2eds/bin/gnu/h-i686-mingw32/bin/../lib/gcc/nios2-elf/4.1.2\libgcc.a(_unpack_df.o)
                0x0000c22c                __unpack_d
 .text          0x0000c364       0xc8 d:/modelsim_ase/quartus/quartus cyclone ii/nios2eds/bin/gnu/h-i686-mingw32/bin/../lib/gcc/nios2-elf/4.1.2\libgcc.a(_fpcmp_parts_df.o)
                0x0000c364                __fpcmp_parts_d
 .text          0x0000c42c      0x15c ../FPGA_Lab4_Software_bsp/\libhal_bsp.a(alt_close.o)
                0x0000c42c                close
 .text          0x0000c588       0x2c ../FPGA_Lab4_Software_bsp/\libhal_bsp.a(alt_dev.o)
 .text          0x0000c5b4        0x0 ../FPGA_Lab4_Software_bsp/\libhal_bsp.a(alt_errno.o)
 .text          0x0000c5b4      0x134 ../FPGA_Lab4_Software_bsp/\libhal_bsp.a(alt_fstat.o)
                0x0000c5b4                fstat
 .text          0x0000c6e8      0x1c0 ../FPGA_Lab4_Software_bsp/\libhal_bsp.a(alt_irq_register.o)
                0x0000c6e8                alt_irq_register
 .text          0x0000c8a8        0x0 ../FPGA_Lab4_Software_bsp/\libhal_bsp.a(alt_irq_vars.o)
 .text          0x0000c8a8      0x120 ../FPGA_Lab4_Software_bsp/\libhal_bsp.a(alt_isatty.o)
                0x0000c8a8                isatty
 .text          0x0000c9c8       0xec ../FPGA_Lab4_Software_bsp/\libhal_bsp.a(alt_load.o)
                0x0000c9c8                alt_load
 .text          0x0000cab4      0x150 ../FPGA_Lab4_Software_bsp/\libhal_bsp.a(alt_lseek.o)
                0x0000cab4                lseek
 .text          0x0000cc04       0x6c ../FPGA_Lab4_Software_bsp/\libhal_bsp.a(alt_main.o)
                0x0000cc04                alt_main
 .text          0x0000cc70       0x40 ../FPGA_Lab4_Software_bsp/\libhal_bsp.a(alt_malloc_lock.o)
                0x0000cc70                __malloc_lock
                0x0000cc90                __malloc_unlock
 .text          0x0000ccb0      0x258 ../FPGA_Lab4_Software_bsp/\libhal_bsp.a(alt_printf.o)
                0x0000ccb0                alt_printf
 .text          0x0000cf08       0x40 ../FPGA_Lab4_Software_bsp/\libhal_bsp.a(alt_putchar.o)
                0x0000cf08                alt_putchar
 .text          0x0000cf48      0x180 ../FPGA_Lab4_Software_bsp/\libhal_bsp.a(alt_read.o)
                0x0000cf48                read
 .text          0x0000d0c8       0x60 ../FPGA_Lab4_Software_bsp/\libhal_bsp.a(alt_release_fd.o)
                0x0000d0c8                alt_release_fd
 .text          0x0000d128       0xbc ../FPGA_Lab4_Software_bsp/\libhal_bsp.a(alt_sbrk.o)
                0x0000d128                sbrk
 .text          0x0000d1e4      0x180 ../FPGA_Lab4_Software_bsp/\libhal_bsp.a(alt_write.o)
                0x0000d1e4                write
 .text          0x0000d364       0xd8 ../FPGA_Lab4_Software_bsp/\libhal_bsp.a(alt_sys_init.o)
                0x0000d364                alt_irq_init
                0x0000d398                alt_sys_init
 .text          0x0000d43c      0x148 ../FPGA_Lab4_Software_bsp/\libhal_bsp.a(altera_avalon_jtag_uart_fd.o)
                0x0000d43c                altera_avalon_jtag_uart_read_fd
                0x0000d494                altera_avalon_jtag_uart_write_fd
                0x0000d4ec                altera_avalon_jtag_uart_close_fd
                0x0000d534                altera_avalon_jtag_uart_ioctl_fd
 .text          0x0000d584      0x40c ../FPGA_Lab4_Software_bsp/\libhal_bsp.a(altera_avalon_jtag_uart_init.o)
                0x0000d584                altera_avalon_jtag_uart_init
                0x0000d91c                altera_avalon_jtag_uart_close
 .text          0x0000d990       0xf4 ../FPGA_Lab4_Software_bsp/\libhal_bsp.a(altera_avalon_jtag_uart_ioctl.o)
                0x0000d990                altera_avalon_jtag_uart_ioctl
 .text          0x0000da84      0x224 ../FPGA_Lab4_Software_bsp/\libhal_bsp.a(altera_avalon_jtag_uart_read.o)
                0x0000da84                altera_avalon_jtag_uart_read
 .text          0x0000dca8      0x240 ../FPGA_Lab4_Software_bsp/\libhal_bsp.a(altera_avalon_jtag_uart_write.o)
                0x0000dca8                altera_avalon_jtag_uart_write
 .text          0x0000dee8      0x168 ../FPGA_Lab4_Software_bsp/\libhal_bsp.a(altera_avalon_timer_ts.o)
                0x0000dee8                alt_timestamp_start
                0x0000df8c                alt_timestamp
                0x0000e028                alt_timestamp_freq
 .text          0x0000e050        0x0 ../FPGA_Lab4_Software_bsp/\libhal_bsp.a(altera_avalon_timer_vars.o)
 .text          0x0000e050      0x80c ../FPGA_Lab4_Software_bsp/\libhal_bsp.a(altera_up_avalon_audio.o)
                0x0000e050                alt_up_audio_open_dev
                0x0000e090                alt_up_audio_enable_read_interrupt
                0x0000e0dc                alt_up_audio_disable_read_interrupt
                0x0000e12c                alt_up_audio_enable_write_interrupt
                0x0000e178                alt_up_audio_disable_write_interrupt
                0x0000e1c8                alt_up_audio_read_interrupt_pending
                0x0000e204                alt_up_audio_write_interrupt_pending
                0x0000e240                alt_up_audio_reset_audio_core
                0x0000e2c8                alt_up_audio_read_fifo_avail
                0x0000e338                alt_up_audio_record_r
                0x0000e3a8                alt_up_audio_record_l
                0x0000e418                alt_up_audio_write_fifo_space
                0x0000e48c                alt_up_audio_play_r
                0x0000e4fc                alt_up_audio_play_l
                0x0000e56c                alt_up_audio_read_fifo
                0x0000e670                alt_up_audio_write_fifo
                0x0000e79c                alt_up_audio_read_fifo_head
                0x0000e7fc                alt_up_audio_write_fifo_head
 .text          0x0000e85c      0x530 ../FPGA_Lab4_Software_bsp/\libhal_bsp.a(altera_up_avalon_character_lcd.o)
                0x0000e85c                get_DDRAM_addr
                0x0000e8d8                alt_up_character_lcd_send_cmd
                0x0000e90c                alt_up_character_lcd_init
                0x0000e940                alt_up_character_lcd_open_dev
                0x0000e980                alt_up_character_lcd_write
                0x0000e9f8                alt_up_character_lcd_string
                0x0000ea70                alt_up_character_lcd_write_fd
                0x0000eabc                alt_up_character_lcd_set_cursor_pos
                0x0000eb34                alt_up_character_lcd_shift_cursor
                0x0000ebe4                alt_up_character_lcd_shift_display
                0x0000ec94                alt_up_character_lcd_erase_pos
                0x0000ed24                alt_up_character_lcd_cursor_off
                0x0000ed58                alt_up_character_lcd_cursor_blink_on
 .text          0x0000ed8c       0x40 ../FPGA_Lab4_Software_bsp/\libhal_bsp.a(altera_up_avalon_parallel_port.o)
                0x0000ed8c                alt_up_parallel_port_open_dev
 .text          0x0000edcc      0x700 ../FPGA_Lab4_Software_bsp/\libhal_bsp.a(altera_up_avalon_ps2.o)
                0x0000edcc                read_RI_bit
                0x0000ee00                read_RE_bit
                0x0000ee30                read_CE_bit
                0x0000ee64                read_num_bytes_available
                0x0000ee98                read_data_valid
                0x0000eecc                read_data_byte
                0x0000eef8                alt_up_ps2_init
                0x0000efc4                alt_up_ps2_enable_read_interrupt
                0x0000f018                alt_up_ps2_disable_read_interrupt
                0x0000f070                alt_up_ps2_write_data_byte
                0x0000f0e8                alt_up_ps2_wait_for_ack
                0x0000f158                alt_up_ps2_write_data_byte_with_ack
                0x0000f1c4                alt_up_ps2_read_data_byte_timeout
                0x0000f274                alt_up_ps2_read_data_byte
                0x0000f2f0                alt_up_ps2_clear_fifo
                0x0000f348                alt_up_ps2_read_fd
                0x0000f3e4                alt_up_ps2_write_fd
                0x0000f48c                alt_up_ps2_open_dev
 .text          0x0000f4cc      0x304 ../FPGA_Lab4_Software_bsp/\libhal_bsp.a(altera_up_avalon_video_character_buffer_with_dma.o)
                0x0000f4cc                alt_up_char_buffer_init
                0x0000f550                alt_up_char_buffer_open_dev
                0x0000f590                alt_up_char_buffer_draw
                0x0000f660                alt_up_char_buffer_string
                0x0000f774                alt_up_char_buffer_clear
 .text          0x0000f7d0     0x156c ../FPGA_Lab4_Software_bsp/\libhal_bsp.a(altera_up_avalon_video_pixel_buffer_dma.o)
                0x0000f7d0                alt_up_pixel_buffer_dma_open_dev
                0x0000f810                alt_up_pixel_buffer_dma_draw
                0x0000f9b0                alt_up_pixel_buffer_dma_change_back_buffer_address
                0x0000fa08                alt_up_pixel_buffer_dma_swap_buffers
                0x0000fa60                alt_up_pixel_buffer_dma_check_swap_buffers_status
                0x0000fa94                alt_up_pixel_buffer_dma_clear_screen
                0x0000fbf8                alt_up_pixel_buffer_dma_draw_box
                0x000100ec                alt_up_pixel_buffer_dma_draw_hline
                0x0001043c                alt_up_pixel_buffer_dma_draw_vline
                0x0001080c                alt_up_pixel_buffer_dma_draw_rectangle
                0x000108d0                helper_plot_pixel
                0x000109a0                alt_up_pixel_buffer_dma_draw_line
 .text          0x00010d3c      0x154 ../FPGA_Lab4_Software_bsp/\libhal_bsp.a(alt_alarm_start.o)
                0x00010d3c                alt_alarm_start
 .text          0x00010e90       0x1c ../FPGA_Lab4_Software_bsp/\libhal_bsp.a(alt_dcache_flush_all.o)
                0x00010e90                alt_dcache_flush_all
 .text          0x00010eac      0x114 ../FPGA_Lab4_Software_bsp/\libhal_bsp.a(alt_dev_llist_insert.o)
                0x00010eac                alt_dev_llist_insert
 .text          0x00010fc0       0x64 ../FPGA_Lab4_Software_bsp/\libhal_bsp.a(alt_do_ctors.o)
                0x00010fc0                _do_ctors
 .text          0x00011024       0x64 ../FPGA_Lab4_Software_bsp/\libhal_bsp.a(alt_do_dtors.o)
                0x00011024                _do_dtors
 .text          0x00011088       0x94 ../FPGA_Lab4_Software_bsp/\libhal_bsp.a(alt_find_dev.o)
                0x00011088                alt_find_dev
 .text          0x0001111c       0x30 ../FPGA_Lab4_Software_bsp/\libhal_bsp.a(alt_icache_flush_all.o)
                0x0001111c                alt_icache_flush_all
 .text          0x0001114c      0x1d4 ../FPGA_Lab4_Software_bsp/\libhal_bsp.a(alt_iic.o)
                0x0001114c                alt_ic_isr_register
                0x0001119c                alt_ic_irq_enable
                0x00011238                alt_ic_irq_disable
                0x000112d8                alt_ic_irq_enabled
 .text          0x00011320       0xf8 ../FPGA_Lab4_Software_bsp/\libhal_bsp.a(alt_iic_isr_register.o)
                0x00011320                alt_iic_isr_register
 .text          0x00011418      0x13c ../FPGA_Lab4_Software_bsp/\libhal_bsp.a(alt_io_redirect.o)
                0x000114dc                alt_io_redirect
 .text          0x00011554        0x0 ../FPGA_Lab4_Software_bsp/\libhal_bsp.a(alt_irq_entry.o)
 .text          0x00011554        0x0 ../FPGA_Lab4_Software_bsp/\libhal_bsp.a(alt_irq_handler.o)
 .text          0x00011554      0x2c4 ../FPGA_Lab4_Software_bsp/\libhal_bsp.a(alt_open.o)
                0x00011630                open
 .text          0x00011818      0x1a4 ../FPGA_Lab4_Software_bsp/\libhal_bsp.a(alt_tick.o)
                0x00011818                alt_alarm_stop
                0x000118b0                alt_tick
 .text          0x000119bc       0x20 ../FPGA_Lab4_Software_bsp/\libhal_bsp.a(altera_nios2_qsys_irq.o)
                0x000119bc                altera_nios2_qsys_irq_init
 .text          0x000119dc        0x0 ../FPGA_Lab4_Software_bsp/\libhal_bsp.a(alt_exception_entry.o)
 .text          0x000119dc      0x120 ../FPGA_Lab4_Software_bsp/\libhal_bsp.a(alt_find_file.o)
                0x000119dc                alt_find_file
 .text          0x00011afc       0xb8 ../FPGA_Lab4_Software_bsp/\libhal_bsp.a(alt_get_fd.o)
                0x00011afc                alt_get_fd
 .text          0x00011bb4       0x90 ../FPGA_Lab4_Software_bsp/\libhal_bsp.a(alt_icache_flush.o)
                0x00011bb4                alt_icache_flush
 .text          0x00011c44       0x14 d:/modelsim_ase/quartus/quartus cyclone ii/nios2eds/bin/gnu/h-i686-mingw32/bin/../lib/gcc/nios2-elf/4.1.2/../../../../nios2-elf/lib\libc.a(lib_a-atexit.o)
                0x00011c44                atexit
 .text          0x00011c58       0x38 d:/modelsim_ase/quartus/quartus cyclone ii/nios2eds/bin/gnu/h-i686-mingw32/bin/../lib/gcc/nios2-elf/4.1.2/../../../../nios2-elf/lib\libc.a(lib_a-exit.o)
                0x00011c58                exit
 .text          0x00011c90       0x74 d:/modelsim_ase/quartus/quartus cyclone ii/nios2eds/bin/gnu/h-i686-mingw32/bin/../lib/gcc/nios2-elf/4.1.2/../../../../nios2-elf/lib\libc.a(lib_a-memcmp.o)
                0x00011c90                memcmp
 .text          0x00011d04      0x1ec d:/modelsim_ase/quartus/quartus cyclone ii/nios2eds/bin/gnu/h-i686-mingw32/bin/../lib/gcc/nios2-elf/4.1.2/../../../../nios2-elf/lib\libc.a(lib_a-putc.o)
                0x00011d04                putc
                0x00011e08                _putc_r
 .text          0x00011ef0      0x14c d:/modelsim_ase/quartus/quartus cyclone ii/nios2eds/bin/gnu/h-i686-mingw32/bin/../lib/gcc/nios2-elf/4.1.2/../../../../nios2-elf/lib\libc.a(lib_a-wbuf.o)
                0x00011ef0                __swbuf_r
                0x00012020                __swbuf
 .text          0x0001203c      0x134 d:/modelsim_ase/quartus/quartus cyclone ii/nios2eds/bin/gnu/h-i686-mingw32/bin/../lib/gcc/nios2-elf/4.1.2/../../../../nios2-elf/lib\libc.a(lib_a-__atexit.o)
                0x0001203c                __register_exitproc
 .text          0x00012170      0x1b4 d:/modelsim_ase/quartus/quartus cyclone ii/nios2eds/bin/gnu/h-i686-mingw32/bin/../lib/gcc/nios2-elf/4.1.2/../../../../nios2-elf/lib\libc.a(lib_a-__call_atexit.o)
                0x00012174                __call_exitprocs
 .text          0x00012324       0x60 ../FPGA_Lab4_Software_bsp/\libhal_bsp.a(alt_exit.o)
                0x00012364                _exit
 *(.gnu.warning.*)
 *(.fini)
                0x00012384                PROVIDE (__etext, ABSOLUTE (.))
                0x00012384                PROVIDE (_etext, ABSOLUTE (.))
                0x00012384                PROVIDE (etext, ABSOLUTE (.))
 *(.eh_frame_hdr)
                0x00012384                . = ALIGN (0x4)
                0x00012384                PROVIDE (__preinit_array_start, ABSOLUTE (.))
 *(.preinit_array)
                0x00012384                PROVIDE (__preinit_array_end, ABSOLUTE (.))
                0x00012384                PROVIDE (__init_array_start, ABSOLUTE (.))
 *(.init_array)
                0x00012384                PROVIDE (__init_array_end, ABSOLUTE (.))
                0x00012384                PROVIDE (__fini_array_start, ABSOLUTE (.))
 *(.fini_array)
                0x00012384                PROVIDE (__fini_array_end, ABSOLUTE (.))
 *(.eh_frame)
 *(.gcc_except_table)
 *(.dynamic)
                0x00012384                PROVIDE (__CTOR_LIST__, ABSOLUTE (.))
 *(.ctors)
 *(SORT(.ctors.*))
 .ctors.65535   0x00012384        0x4 d:/modelsim_ase/quartus/quartus cyclone ii/nios2eds/bin/gnu/h-i686-mingw32/bin/../lib/gcc/nios2-elf/4.1.2/../../../../nios2-elf/lib\libc.a(lib_a-__call_atexit.o)
                0x00012388                PROVIDE (__CTOR_END__, ABSOLUTE (.))
                0x00012388                PROVIDE (__DTOR_LIST__, ABSOLUTE (.))
 *(.dtors)
 *(SORT(.dtors.*))
                0x00012388                PROVIDE (__DTOR_END__, ABSOLUTE (.))
 *(.jcr)
                0x00012388                . = ALIGN (0x4)

.rodata         0x00012388      0x730
                0x00012388                PROVIDE (__ram_rodata_start, ABSOLUTE (.))
                0x00012388                . = ALIGN (0x4)
 *(.rodata .rodata.* .gnu.linkonce.r.*)
 .rodata        0x00012388       0x1c obj/default/audio_ISR.o
 .rodata        0x000123a4      0x3c0 obj/default/media_interrupt_HAL.o
 .rodata        0x00012764      0x100 d:/modelsim_ase/quartus/quartus cyclone ii/nios2eds/bin/gnu/h-i686-mingw32/bin/../lib/gcc/nios2-elf/4.1.2\libgcc.a(_clz.o)
                0x00012764                __clz_tab
 .rodata.str1.4
                0x00012864       0x5e d:/modelsim_ase/quartus/quartus cyclone ii/nios2eds/bin/gnu/h-i686-mingw32/bin/../lib/gcc/nios2-elf/4.1.2/../../../../nios2-elf/lib\libc.a(lib_a-vfprintf.o)
                                 0x60 (size before relaxing)
 .rodata        0x000128c2       0x20 d:/modelsim_ase/quartus/quartus cyclone ii/nios2eds/bin/gnu/h-i686-mingw32/bin/../lib/gcc/nios2-elf/4.1.2/../../../../nios2-elf/lib\libc.a(lib_a-vfprintf.o)
 *fill*         0x000128e2        0x2 00
 .rodata.str1.4
                0x000128e4       0x10 d:/modelsim_ase/quartus/quartus cyclone ii/nios2eds/bin/gnu/h-i686-mingw32/bin/../lib/gcc/nios2-elf/4.1.2/../../../../nios2-elf/lib\libc.a(lib_a-dtoa.o)
                                 0x14 (size before relaxing)
 .rodata.str1.4
                0x000128f4        0x2 d:/modelsim_ase/quartus/quartus cyclone ii/nios2eds/bin/gnu/h-i686-mingw32/bin/../lib/gcc/nios2-elf/4.1.2/../../../../nios2-elf/lib\libc.a(lib_a-impure.o)
                                  0x4 (size before relaxing)
 *fill*         0x000128f6        0x2 00
 .rodata.str1.4
                0x000128f8       0x10 d:/modelsim_ase/quartus/quartus cyclone ii/nios2eds/bin/gnu/h-i686-mingw32/bin/../lib/gcc/nios2-elf/4.1.2/../../../../nios2-elf/lib\libc.a(lib_a-locale.o)
                                 0x18 (size before relaxing)
 .rodata        0x00012908       0x30 d:/modelsim_ase/quartus/quartus cyclone ii/nios2eds/bin/gnu/h-i686-mingw32/bin/../lib/gcc/nios2-elf/4.1.2/../../../../nios2-elf/lib\libc.a(lib_a-locale.o)
 .rodata        0x00012938      0x124 d:/modelsim_ase/quartus/quartus cyclone ii/nios2eds/bin/gnu/h-i686-mingw32/bin/../lib/gcc/nios2-elf/4.1.2/../../../../nios2-elf/lib\libc.a(lib_a-mprec.o)
                0x00012938                __mprec_tens
                0x00012a00                __mprec_bigtens
                0x00012a28                __mprec_tinytens
 .rodata        0x00012a5c       0x14 d:/modelsim_ase/quartus/quartus cyclone ii/nios2eds/bin/gnu/h-i686-mingw32/bin/../lib/gcc/nios2-elf/4.1.2\libgcc.a(_thenan_df.o)
                0x00012a5c                __thenan_df
 .rodata        0x00012a70        0xc ../FPGA_Lab4_Software_bsp/\libhal_bsp.a(alt_dev.o)
 .rodata        0x00012a7c       0x10 ../FPGA_Lab4_Software_bsp/\libhal_bsp.a(alt_main.o)
 .rodata        0x00012a8c       0x10 ../FPGA_Lab4_Software_bsp/\libhal_bsp.a(alt_sys_init.o)
 .rodata        0x00012a9c       0x1c ../FPGA_Lab4_Software_bsp/\libhal_bsp.a(altera_up_avalon_video_character_buffer_with_dma.o)
 *(.rodata1)
                0x00012ab8                . = ALIGN (0x4)
                0x00012ab8                PROVIDE (__ram_rodata_end, ABSOLUTE (.))
                0x00012388                PROVIDE (__flash_rodata_start, LOADADDR (.rodata))

.rwdata         0x00012ab8     0x1b74 load address 0x0001462c
                0x00012ab8                PROVIDE (__ram_rwdata_start, ABSOLUTE (.))
                0x00012ab8                . = ALIGN (0x4)
 *(.got.plt)
 *(.got)
 *(.data1)
 *(.data .data.* .gnu.linkonce.d.*)
 .data          0x00012ab8        0x0 ../FPGA_Lab4_Software_bsp//obj/HAL/src/crt0.o
 .data          0x00012ab8        0x0 obj/default/PS2_ISR.o
 .data          0x00012ab8        0x0 obj/default/audio_ISR.o
 .data          0x00012ab8        0x0 obj/default/globals.o
 .data          0x00012ab8        0x0 obj/default/interval_timer_ISR.o
 .data          0x00012ab8      0x100 obj/default/media_interrupt_HAL.o
                0x00012ab8                denoise_filter_coefficients
 .data          0x00012bb8        0x0 obj/default/pushbutton_ISR.o
 .data          0x00012bb8        0x0 d:/modelsim_ase/quartus/quartus cyclone ii/nios2eds/bin/gnu/h-i686-mingw32/bin/../lib/gcc/nios2-elf/4.1.2\libgcc.a(_udivdi3.o)
 .data          0x00012bb8        0x0 d:/modelsim_ase/quartus/quartus cyclone ii/nios2eds/bin/gnu/h-i686-mingw32/bin/../lib/gcc/nios2-elf/4.1.2\libgcc.a(_si_to_sf.o)
 .data          0x00012bb8        0x0 d:/modelsim_ase/quartus/quartus cyclone ii/nios2eds/bin/gnu/h-i686-mingw32/bin/../lib/gcc/nios2-elf/4.1.2\libgcc.a(_sf_to_si.o)
 .data          0x00012bb8        0x0 d:/modelsim_ase/quartus/quartus cyclone ii/nios2eds/bin/gnu/h-i686-mingw32/bin/../lib/gcc/nios2-elf/4.1.2\libgcc.a(_sf_to_df.o)
 .data          0x00012bb8        0x0 d:/modelsim_ase/quartus/quartus cyclone ii/nios2eds/bin/gnu/h-i686-mingw32/bin/../lib/gcc/nios2-elf/4.1.2\libgcc.a(_usi_to_sf.o)
 .data          0x00012bb8        0x0 d:/modelsim_ase/quartus/quartus cyclone ii/nios2eds/bin/gnu/h-i686-mingw32/bin/../lib/gcc/nios2-elf/4.1.2\libgcc.a(_make_df.o)
 .data          0x00012bb8        0x0 d:/modelsim_ase/quartus/quartus cyclone ii/nios2eds/bin/gnu/h-i686-mingw32/bin/../lib/gcc/nios2-elf/4.1.2\libgcc.a(lib2-divmod.o)
 .data          0x00012bb8        0x0 d:/modelsim_ase/quartus/quartus cyclone ii/nios2eds/bin/gnu/h-i686-mingw32/bin/../lib/gcc/nios2-elf/4.1.2\libgcc.a(_clz.o)
 .data          0x00012bb8        0x0 d:/modelsim_ase/quartus/quartus cyclone ii/nios2eds/bin/gnu/h-i686-mingw32/bin/../lib/gcc/nios2-elf/4.1.2\libgcc.a(_clzsi2.o)
 .data          0x00012bb8        0x0 d:/modelsim_ase/quartus/quartus cyclone ii/nios2eds/bin/gnu/h-i686-mingw32/bin/../lib/gcc/nios2-elf/4.1.2\libgcc.a(_pack_sf.o)
 .data          0x00012bb8        0x0 d:/modelsim_ase/quartus/quartus cyclone ii/nios2eds/bin/gnu/h-i686-mingw32/bin/../lib/gcc/nios2-elf/4.1.2\libgcc.a(_unpack_sf.o)
 .data          0x00012bb8        0x0 d:/modelsim_ase/quartus/quartus cyclone ii/nios2eds/bin/gnu/h-i686-mingw32/bin/../lib/gcc/nios2-elf/4.1.2\libgcc.a(_pack_df.o)
 .data          0x00012bb8        0x0 d:/modelsim_ase/quartus/quartus cyclone ii/nios2eds/bin/gnu/h-i686-mingw32/bin/../lib/gcc/nios2-elf/4.1.2/../../../../nios2-elf/lib\libc.a(lib_a-memcpy.o)
 .data          0x00012bb8        0x0 d:/modelsim_ase/quartus/quartus cyclone ii/nios2eds/bin/gnu/h-i686-mingw32/bin/../lib/gcc/nios2-elf/4.1.2/../../../../nios2-elf/lib\libc.a(lib_a-memset.o)
 .data          0x00012bb8        0x0 d:/modelsim_ase/quartus/quartus cyclone ii/nios2eds/bin/gnu/h-i686-mingw32/bin/../lib/gcc/nios2-elf/4.1.2/../../../../nios2-elf/lib\libc.a(lib_a-printf.o)
 .data          0x00012bb8        0x0 d:/modelsim_ase/quartus/quartus cyclone ii/nios2eds/bin/gnu/h-i686-mingw32/bin/../lib/gcc/nios2-elf/4.1.2/../../../../nios2-elf/lib\libc.a(lib_a-vfprintf.o)
 .data          0x00012bb8        0x0 d:/modelsim_ase/quartus/quartus cyclone ii/nios2eds/bin/gnu/h-i686-mingw32/bin/../lib/gcc/nios2-elf/4.1.2/../../../../nios2-elf/lib\libc.a(lib_a-wsetup.o)
 .data          0x00012bb8        0x0 d:/modelsim_ase/quartus/quartus cyclone ii/nios2eds/bin/gnu/h-i686-mingw32/bin/../lib/gcc/nios2-elf/4.1.2/../../../../nios2-elf/lib\libc.a(lib_a-dtoa.o)
 .data          0x00012bb8        0x0 d:/modelsim_ase/quartus/quartus cyclone ii/nios2eds/bin/gnu/h-i686-mingw32/bin/../lib/gcc/nios2-elf/4.1.2/../../../../nios2-elf/lib\libc.a(lib_a-fflush.o)
 .data          0x00012bb8        0x0 d:/modelsim_ase/quartus/quartus cyclone ii/nios2eds/bin/gnu/h-i686-mingw32/bin/../lib/gcc/nios2-elf/4.1.2/../../../../nios2-elf/lib\libc.a(lib_a-findfp.o)
 .data          0x00012bb8        0x0 d:/modelsim_ase/quartus/quartus cyclone ii/nios2eds/bin/gnu/h-i686-mingw32/bin/../lib/gcc/nios2-elf/4.1.2/../../../../nios2-elf/lib\libc.a(lib_a-freer.o)
 .data          0x00012bb8        0x0 d:/modelsim_ase/quartus/quartus cyclone ii/nios2eds/bin/gnu/h-i686-mingw32/bin/../lib/gcc/nios2-elf/4.1.2/../../../../nios2-elf/lib\libc.a(lib_a-fvwrite.o)
 .data          0x00012bb8        0x0 d:/modelsim_ase/quartus/quartus cyclone ii/nios2eds/bin/gnu/h-i686-mingw32/bin/../lib/gcc/nios2-elf/4.1.2/../../../../nios2-elf/lib\libc.a(lib_a-fwalk.o)
 .data          0x00012bb8      0x400 d:/modelsim_ase/quartus/quartus cyclone ii/nios2eds/bin/gnu/h-i686-mingw32/bin/../lib/gcc/nios2-elf/4.1.2/../../../../nios2-elf/lib\libc.a(lib_a-impure.o)
 .data          0x00012fb8        0xc d:/modelsim_ase/quartus/quartus cyclone ii/nios2eds/bin/gnu/h-i686-mingw32/bin/../lib/gcc/nios2-elf/4.1.2/../../../../nios2-elf/lib\libc.a(lib_a-locale.o)
                0x00012fb8                __lc_ctype
 .data          0x00012fc4        0x0 d:/modelsim_ase/quartus/quartus cyclone ii/nios2eds/bin/gnu/h-i686-mingw32/bin/../lib/gcc/nios2-elf/4.1.2/../../../../nios2-elf/lib\libc.a(lib_a-makebuf.o)
 .data          0x00012fc4      0x408 d:/modelsim_ase/quartus/quartus cyclone ii/nios2eds/bin/gnu/h-i686-mingw32/bin/../lib/gcc/nios2-elf/4.1.2/../../../../nios2-elf/lib\libc.a(lib_a-mallocr.o)
                0x00012fc4                __malloc_av_
 .data          0x000133cc        0x0 d:/modelsim_ase/quartus/quartus cyclone ii/nios2eds/bin/gnu/h-i686-mingw32/bin/../lib/gcc/nios2-elf/4.1.2/../../../../nios2-elf/lib\libc.a(lib_a-memchr.o)
 .data          0x000133cc        0x0 d:/modelsim_ase/quartus/quartus cyclone ii/nios2eds/bin/gnu/h-i686-mingw32/bin/../lib/gcc/nios2-elf/4.1.2/../../../../nios2-elf/lib\libc.a(lib_a-memmove.o)
 .data          0x000133cc        0x0 d:/modelsim_ase/quartus/quartus cyclone ii/nios2eds/bin/gnu/h-i686-mingw32/bin/../lib/gcc/nios2-elf/4.1.2/../../../../nios2-elf/lib\libc.a(lib_a-mprec.o)
 .data          0x000133cc        0x0 d:/modelsim_ase/quartus/quartus cyclone ii/nios2eds/bin/gnu/h-i686-mingw32/bin/../lib/gcc/nios2-elf/4.1.2/../../../../nios2-elf/lib\libc.a(lib_a-reallocr.o)
 .data          0x000133cc        0x0 d:/modelsim_ase/quartus/quartus cyclone ii/nios2eds/bin/gnu/h-i686-mingw32/bin/../lib/gcc/nios2-elf/4.1.2/../../../../nios2-elf/lib\libc.a(lib_a-s_isinfd.o)
 .data          0x000133cc        0x0 d:/modelsim_ase/quartus/quartus cyclone ii/nios2eds/bin/gnu/h-i686-mingw32/bin/../lib/gcc/nios2-elf/4.1.2/../../../../nios2-elf/lib\libc.a(lib_a-s_isnand.o)
 .data          0x000133cc        0x0 d:/modelsim_ase/quartus/quartus cyclone ii/nios2eds/bin/gnu/h-i686-mingw32/bin/../lib/gcc/nios2-elf/4.1.2/../../../../nios2-elf/lib\libc.a(lib_a-sbrkr.o)
 .data          0x000133cc        0x0 d:/modelsim_ase/quartus/quartus cyclone ii/nios2eds/bin/gnu/h-i686-mingw32/bin/../lib/gcc/nios2-elf/4.1.2/../../../../nios2-elf/lib\libc.a(lib_a-stdio.o)
 .data          0x000133cc        0x0 d:/modelsim_ase/quartus/quartus cyclone ii/nios2eds/bin/gnu/h-i686-mingw32/bin/../lib/gcc/nios2-elf/4.1.2/../../../../nios2-elf/lib\libc.a(lib_a-strcmp.o)
 .data          0x000133cc        0x0 d:/modelsim_ase/quartus/quartus cyclone ii/nios2eds/bin/gnu/h-i686-mingw32/bin/../lib/gcc/nios2-elf/4.1.2/../../../../nios2-elf/lib\libc.a(lib_a-strlen.o)
 .data          0x000133cc        0x0 d:/modelsim_ase/quartus/quartus cyclone ii/nios2eds/bin/gnu/h-i686-mingw32/bin/../lib/gcc/nios2-elf/4.1.2/../../../../nios2-elf/lib\libc.a(lib_a-writer.o)
 .data          0x000133cc        0x0 d:/modelsim_ase/quartus/quartus cyclone ii/nios2eds/bin/gnu/h-i686-mingw32/bin/../lib/gcc/nios2-elf/4.1.2/../../../../nios2-elf/lib\libc.a(lib_a-callocr.o)
 .data          0x000133cc        0x0 d:/modelsim_ase/quartus/quartus cyclone ii/nios2eds/bin/gnu/h-i686-mingw32/bin/../lib/gcc/nios2-elf/4.1.2/../../../../nios2-elf/lib\libc.a(lib_a-closer.o)
 .data          0x000133cc        0x0 d:/modelsim_ase/quartus/quartus cyclone ii/nios2eds/bin/gnu/h-i686-mingw32/bin/../lib/gcc/nios2-elf/4.1.2/../../../../nios2-elf/lib\libc.a(lib_a-fclose.o)
 .data          0x000133cc        0x0 d:/modelsim_ase/quartus/quartus cyclone ii/nios2eds/bin/gnu/h-i686-mingw32/bin/../lib/gcc/nios2-elf/4.1.2/../../../../nios2-elf/lib\libc.a(lib_a-fstatr.o)
 .data          0x000133cc        0x0 d:/modelsim_ase/quartus/quartus cyclone ii/nios2eds/bin/gnu/h-i686-mingw32/bin/../lib/gcc/nios2-elf/4.1.2/../../../../nios2-elf/lib\libc.a(lib_a-int_errno.o)
 .data          0x000133cc        0x0 d:/modelsim_ase/quartus/quartus cyclone ii/nios2eds/bin/gnu/h-i686-mingw32/bin/../lib/gcc/nios2-elf/4.1.2/../../../../nios2-elf/lib\libc.a(lib_a-isattyr.o)
 .data          0x000133cc        0x0 d:/modelsim_ase/quartus/quartus cyclone ii/nios2eds/bin/gnu/h-i686-mingw32/bin/../lib/gcc/nios2-elf/4.1.2/../../../../nios2-elf/lib\libc.a(lib_a-lseekr.o)
 .data          0x000133cc        0x0 d:/modelsim_ase/quartus/quartus cyclone ii/nios2eds/bin/gnu/h-i686-mingw32/bin/../lib/gcc/nios2-elf/4.1.2/../../../../nios2-elf/lib\libc.a(lib_a-readr.o)
 .data          0x000133cc        0x0 d:/modelsim_ase/quartus/quartus cyclone ii/nios2eds/bin/gnu/h-i686-mingw32/bin/../lib/gcc/nios2-elf/4.1.2\libgcc.a(_umoddi3.o)
 .data          0x000133cc        0x0 d:/modelsim_ase/quartus/quartus cyclone ii/nios2eds/bin/gnu/h-i686-mingw32/bin/../lib/gcc/nios2-elf/4.1.2\libgcc.a(_addsub_df.o)
 .data          0x000133cc        0x0 d:/modelsim_ase/quartus/quartus cyclone ii/nios2eds/bin/gnu/h-i686-mingw32/bin/../lib/gcc/nios2-elf/4.1.2\libgcc.a(_mul_df.o)
 .data          0x000133cc        0x0 d:/modelsim_ase/quartus/quartus cyclone ii/nios2eds/bin/gnu/h-i686-mingw32/bin/../lib/gcc/nios2-elf/4.1.2\libgcc.a(_div_df.o)
 .data          0x000133cc        0x0 d:/modelsim_ase/quartus/quartus cyclone ii/nios2eds/bin/gnu/h-i686-mingw32/bin/../lib/gcc/nios2-elf/4.1.2\libgcc.a(_eq_df.o)
 .data          0x000133cc        0x0 d:/modelsim_ase/quartus/quartus cyclone ii/nios2eds/bin/gnu/h-i686-mingw32/bin/../lib/gcc/nios2-elf/4.1.2\libgcc.a(_ne_df.o)
 .data          0x000133cc        0x0 d:/modelsim_ase/quartus/quartus cyclone ii/nios2eds/bin/gnu/h-i686-mingw32/bin/../lib/gcc/nios2-elf/4.1.2\libgcc.a(_gt_df.o)
 .data          0x000133cc        0x0 d:/modelsim_ase/quartus/quartus cyclone ii/nios2eds/bin/gnu/h-i686-mingw32/bin/../lib/gcc/nios2-elf/4.1.2\libgcc.a(_ge_df.o)
 .data          0x000133cc        0x0 d:/modelsim_ase/quartus/quartus cyclone ii/nios2eds/bin/gnu/h-i686-mingw32/bin/../lib/gcc/nios2-elf/4.1.2\libgcc.a(_lt_df.o)
 .data          0x000133cc        0x0 d:/modelsim_ase/quartus/quartus cyclone ii/nios2eds/bin/gnu/h-i686-mingw32/bin/../lib/gcc/nios2-elf/4.1.2\libgcc.a(_si_to_df.o)
 .data          0x000133cc        0x0 d:/modelsim_ase/quartus/quartus cyclone ii/nios2eds/bin/gnu/h-i686-mingw32/bin/../lib/gcc/nios2-elf/4.1.2\libgcc.a(_df_to_si.o)
 .data          0x000133cc        0x0 d:/modelsim_ase/quartus/quartus cyclone ii/nios2eds/bin/gnu/h-i686-mingw32/bin/../lib/gcc/nios2-elf/4.1.2\libgcc.a(_thenan_df.o)
 .data          0x000133cc        0x0 d:/modelsim_ase/quartus/quartus cyclone ii/nios2eds/bin/gnu/h-i686-mingw32/bin/../lib/gcc/nios2-elf/4.1.2\libgcc.a(_usi_to_df.o)
 .data          0x000133cc        0x0 d:/modelsim_ase/quartus/quartus cyclone ii/nios2eds/bin/gnu/h-i686-mingw32/bin/../lib/gcc/nios2-elf/4.1.2\libgcc.a(_muldi3.o)
 .data          0x000133cc        0x0 d:/modelsim_ase/quartus/quartus cyclone ii/nios2eds/bin/gnu/h-i686-mingw32/bin/../lib/gcc/nios2-elf/4.1.2\libgcc.a(_unpack_df.o)
 .data          0x000133cc        0x0 d:/modelsim_ase/quartus/quartus cyclone ii/nios2eds/bin/gnu/h-i686-mingw32/bin/../lib/gcc/nios2-elf/4.1.2\libgcc.a(_fpcmp_parts_df.o)
 .data          0x000133cc        0x0 ../FPGA_Lab4_Software_bsp/\libhal_bsp.a(alt_close.o)
 .data          0x000133cc      0x1a8 ../FPGA_Lab4_Software_bsp/\libhal_bsp.a(alt_dev.o)
                0x000133cc                alt_dev_null
                0x000133f4                alt_fd_list
 .data          0x00013574        0x0 ../FPGA_Lab4_Software_bsp/\libhal_bsp.a(alt_errno.o)
 .data          0x00013574        0x0 ../FPGA_Lab4_Software_bsp/\libhal_bsp.a(alt_fstat.o)
 .data          0x00013574        0x0 ../FPGA_Lab4_Software_bsp/\libhal_bsp.a(alt_irq_register.o)
 .data          0x00013574        0x0 ../FPGA_Lab4_Software_bsp/\libhal_bsp.a(alt_irq_vars.o)
 .data          0x00013574        0x0 ../FPGA_Lab4_Software_bsp/\libhal_bsp.a(alt_isatty.o)
 .data          0x00013574        0x0 ../FPGA_Lab4_Software_bsp/\libhal_bsp.a(alt_load.o)
 .data          0x00013574        0x0 ../FPGA_Lab4_Software_bsp/\libhal_bsp.a(alt_lseek.o)
 .data          0x00013574        0x0 ../FPGA_Lab4_Software_bsp/\libhal_bsp.a(alt_main.o)
 .data          0x00013574        0x0 ../FPGA_Lab4_Software_bsp/\libhal_bsp.a(alt_malloc_lock.o)
 .data          0x00013574        0x0 ../FPGA_Lab4_Software_bsp/\libhal_bsp.a(alt_printf.o)
 .data          0x00013574        0x0 ../FPGA_Lab4_Software_bsp/\libhal_bsp.a(alt_putchar.o)
 .data          0x00013574        0x0 ../FPGA_Lab4_Software_bsp/\libhal_bsp.a(alt_read.o)
 .data          0x00013574        0x0 ../FPGA_Lab4_Software_bsp/\libhal_bsp.a(alt_release_fd.o)
 .data          0x00013574        0x0 ../FPGA_Lab4_Software_bsp/\libhal_bsp.a(alt_sbrk.o)
 .data          0x00013574        0x0 ../FPGA_Lab4_Software_bsp/\libhal_bsp.a(alt_write.o)
 .data          0x00013574     0x1060 ../FPGA_Lab4_Software_bsp/\libhal_bsp.a(alt_sys_init.o)
 .data          0x000145d4        0x0 ../FPGA_Lab4_Software_bsp/\libhal_bsp.a(altera_avalon_jtag_uart_fd.o)
 .data          0x000145d4        0x0 ../FPGA_Lab4_Software_bsp/\libhal_bsp.a(altera_avalon_jtag_uart_init.o)
 .data          0x000145d4        0x0 ../FPGA_Lab4_Software_bsp/\libhal_bsp.a(altera_avalon_jtag_uart_ioctl.o)
 .data          0x000145d4        0x0 ../FPGA_Lab4_Software_bsp/\libhal_bsp.a(altera_avalon_jtag_uart_read.o)
 .data          0x000145d4        0x0 ../FPGA_Lab4_Software_bsp/\libhal_bsp.a(altera_avalon_jtag_uart_write.o)
 .data          0x000145d4        0x0 ../FPGA_Lab4_Software_bsp/\libhal_bsp.a(altera_avalon_timer_ts.o)
 .data          0x000145d4        0x0 ../FPGA_Lab4_Software_bsp/\libhal_bsp.a(altera_avalon_timer_vars.o)
 .data          0x000145d4        0x0 ../FPGA_Lab4_Software_bsp/\libhal_bsp.a(altera_up_avalon_audio.o)
 .data          0x000145d4        0x0 ../FPGA_Lab4_Software_bsp/\libhal_bsp.a(altera_up_avalon_character_lcd.o)
 .data          0x000145d4        0x0 ../FPGA_Lab4_Software_bsp/\libhal_bsp.a(altera_up_avalon_parallel_port.o)
 .data          0x000145d4        0x0 ../FPGA_Lab4_Software_bsp/\libhal_bsp.a(altera_up_avalon_ps2.o)
 .data          0x000145d4        0x0 ../FPGA_Lab4_Software_bsp/\libhal_bsp.a(altera_up_avalon_video_character_buffer_with_dma.o)
 .data          0x000145d4        0x0 ../FPGA_Lab4_Software_bsp/\libhal_bsp.a(altera_up_avalon_video_pixel_buffer_dma.o)
 .data          0x000145d4        0x0 ../FPGA_Lab4_Software_bsp/\libhal_bsp.a(alt_alarm_start.o)
 .data          0x000145d4        0x0 ../FPGA_Lab4_Software_bsp/\libhal_bsp.a(alt_dcache_flush_all.o)
 .data          0x000145d4        0x0 ../FPGA_Lab4_Software_bsp/\libhal_bsp.a(alt_dev_llist_insert.o)
 .data          0x000145d4        0x0 ../FPGA_Lab4_Software_bsp/\libhal_bsp.a(alt_do_ctors.o)
 .data          0x000145d4        0x0 ../FPGA_Lab4_Software_bsp/\libhal_bsp.a(alt_do_dtors.o)
 .data          0x000145d4        0x0 ../FPGA_Lab4_Software_bsp/\libhal_bsp.a(alt_find_dev.o)
 .data          0x000145d4        0x0 ../FPGA_Lab4_Software_bsp/\libhal_bsp.a(alt_icache_flush_all.o)
 .data          0x000145d4        0x0 ../FPGA_Lab4_Software_bsp/\libhal_bsp.a(alt_iic.o)
 .data          0x000145d4        0x0 ../FPGA_Lab4_Software_bsp/\libhal_bsp.a(alt_iic_isr_register.o)
 .data          0x000145d4        0x0 ../FPGA_Lab4_Software_bsp/\libhal_bsp.a(alt_io_redirect.o)
 .data          0x000145d4        0x0 ../FPGA_Lab4_Software_bsp/\libhal_bsp.a(alt_irq_entry.o)
 .data          0x000145d4        0x0 ../FPGA_Lab4_Software_bsp/\libhal_bsp.a(alt_irq_handler.o)
 .data          0x000145d4        0x0 ../FPGA_Lab4_Software_bsp/\libhal_bsp.a(alt_open.o)
 .data          0x000145d4        0x0 ../FPGA_Lab4_Software_bsp/\libhal_bsp.a(alt_tick.o)
 .data          0x000145d4        0x0 ../FPGA_Lab4_Software_bsp/\libhal_bsp.a(altera_nios2_qsys_irq.o)
 .data          0x000145d4        0x0 ../FPGA_Lab4_Software_bsp/\libhal_bsp.a(alt_exception_entry.o)
 .data          0x000145d4        0x0 ../FPGA_Lab4_Software_bsp/\libhal_bsp.a(alt_find_file.o)
 .data          0x000145d4        0x0 ../FPGA_Lab4_Software_bsp/\libhal_bsp.a(alt_get_fd.o)
 .data          0x000145d4        0x0 ../FPGA_Lab4_Software_bsp/\libhal_bsp.a(alt_icache_flush.o)
 .data          0x000145d4        0x0 d:/modelsim_ase/quartus/quartus cyclone ii/nios2eds/bin/gnu/h-i686-mingw32/bin/../lib/gcc/nios2-elf/4.1.2/../../../../nios2-elf/lib\libc.a(lib_a-atexit.o)
 .data          0x000145d4        0x0 d:/modelsim_ase/quartus/quartus cyclone ii/nios2eds/bin/gnu/h-i686-mingw32/bin/../lib/gcc/nios2-elf/4.1.2/../../../../nios2-elf/lib\libc.a(lib_a-exit.o)
 .data          0x000145d4        0x0 d:/modelsim_ase/quartus/quartus cyclone ii/nios2eds/bin/gnu/h-i686-mingw32/bin/../lib/gcc/nios2-elf/4.1.2/../../../../nios2-elf/lib\libc.a(lib_a-memcmp.o)
 .data          0x000145d4        0x0 d:/modelsim_ase/quartus/quartus cyclone ii/nios2eds/bin/gnu/h-i686-mingw32/bin/../lib/gcc/nios2-elf/4.1.2/../../../../nios2-elf/lib\libc.a(lib_a-putc.o)
 .data          0x000145d4        0x0 d:/modelsim_ase/quartus/quartus cyclone ii/nios2eds/bin/gnu/h-i686-mingw32/bin/../lib/gcc/nios2-elf/4.1.2/../../../../nios2-elf/lib\libc.a(lib_a-wbuf.o)
 .data          0x000145d4        0x0 d:/modelsim_ase/quartus/quartus cyclone ii/nios2eds/bin/gnu/h-i686-mingw32/bin/../lib/gcc/nios2-elf/4.1.2/../../../../nios2-elf/lib\libc.a(lib_a-__atexit.o)
 .data          0x000145d4        0x0 d:/modelsim_ase/quartus/quartus cyclone ii/nios2eds/bin/gnu/h-i686-mingw32/bin/../lib/gcc/nios2-elf/4.1.2/../../../../nios2-elf/lib\libc.a(lib_a-__call_atexit.o)
 .data          0x000145d4        0x0 ../FPGA_Lab4_Software_bsp/\libhal_bsp.a(alt_exit.o)
                0x0001c5d4                _gp = ABSOLUTE ((. + 0x8000))
                0x0001c5d4                PROVIDE (gp, _gp)
 *(.rwdata .rwdata.*)
 *(.sdata .sdata.* .gnu.linkonce.s.*)
 .sdata         0x000145d4       0x10 obj/default/audio_ISR.o
                0x000145d4                color
                0x000145d8                y_of_each_plot
                0x000145dc                width_of_screen
                0x000145e0                x_of_current_drawing_plot
 .sdata         0x000145e4        0x8 obj/default/media_interrupt_HAL.o
                0x000145e4                N
                0x000145e8                number_of_coefficients
 .sdata         0x000145ec        0x8 d:/modelsim_ase/quartus/quartus cyclone ii/nios2eds/bin/gnu/h-i686-mingw32/bin/../lib/gcc/nios2-elf/4.1.2/../../../../nios2-elf/lib\libc.a(lib_a-impure.o)
                0x000145ec                _impure_ptr
                0x000145f0                _global_impure_ptr
 .sdata         0x000145f4        0x8 d:/modelsim_ase/quartus/quartus cyclone ii/nios2eds/bin/gnu/h-i686-mingw32/bin/../lib/gcc/nios2-elf/4.1.2/../../../../nios2-elf/lib\libc.a(lib_a-locale.o)
                0x000145f4                __mb_cur_max
 .sdata         0x000145fc        0x8 d:/modelsim_ase/quartus/quartus cyclone ii/nios2eds/bin/gnu/h-i686-mingw32/bin/../lib/gcc/nios2-elf/4.1.2/../../../../nios2-elf/lib\libc.a(lib_a-mallocr.o)
                0x000145fc                __malloc_trim_threshold
                0x00014600                __malloc_sbrk_base
 .sdata         0x00014604       0x14 ../FPGA_Lab4_Software_bsp/\libhal_bsp.a(alt_dev.o)
                0x00014604                alt_fs_list
                0x0001460c                alt_dev_list
                0x00014614                alt_max_fd
 .sdata         0x00014618        0x4 ../FPGA_Lab4_Software_bsp/\libhal_bsp.a(alt_errno.o)
                0x00014618                alt_errno
 .sdata         0x0001461c        0x4 ../FPGA_Lab4_Software_bsp/\libhal_bsp.a(alt_irq_vars.o)
                0x0001461c                alt_priority_mask
 .sdata         0x00014620        0x4 ../FPGA_Lab4_Software_bsp/\libhal_bsp.a(alt_sbrk.o)
 .sdata         0x00014624        0x8 ../FPGA_Lab4_Software_bsp/\libhal_bsp.a(alt_tick.o)
                0x00014624                alt_alarm_list
 *(.sdata2 .sdata2.* .gnu.linkonce.s2.*)
                0x0001462c                . = ALIGN (0x4)
                0x0001462c                _edata = ABSOLUTE (.)
                0x0001462c                PROVIDE (edata, ABSOLUTE (.))
                0x0001462c                PROVIDE (__ram_rwdata_end, ABSOLUTE (.))
                0x0001462c                PROVIDE (__flash_rwdata_start, LOADADDR (.rwdata))

.bss            0x000161a0   0x186d7c
                0x000161a0                __bss_start = ABSOLUTE (.)
                0x000161a0                PROVIDE (__sbss_start, ABSOLUTE (.))
                0x000161a0                PROVIDE (___sbss_start, ABSOLUTE (.))
 *(.dynsbss)
 *(.sbss .sbss.* .gnu.linkonce.sb.*)
 .sbss          0x000161a0        0x4 obj/default/PS2_ISR.o
                0x000161a0                count
 .sbss          0x000161a4        0x4 obj/default/PS2_ISR.o
                0x000161a4                flag
 .sbss          0x000161a8        0x4 obj/default/audio_ISR.o
                0x000161a8                k
 .sbss          0x000161ac       0x14 obj/default/globals.o
                0x000161ac                byte2
                0x000161ad                byte3
                0x000161ae                copy_byte3
                0x000161af                byte1
                0x000161b0                copy_byte1
                0x000161b1                copy_byte2
                0x000161b4                timeout
                0x000161b8                buf_index_play
                0x000161bc                buf_index_record
 .sbss          0x000161c0       0x48 obj/default/media_interrupt_HAL.o
                0x000161c0                echo
                0x000161c4                mouse_width
                0x000161c8                prev_y_mouse
                0x000161cc                y_mouse
                0x000161d0                flag_denoise
                0x000161d4                prev_y_mouse_front
                0x000161d8                prev_y_mouse_back
                0x000161dc                max_y_mouse
                0x000161e0                prev_x_mouse
                0x000161e4                max_x_mouse
                0x000161e8                flag_play
                0x000161ec                right_button_click
                0x000161f0                left_button_click
                0x000161f4                prev_x_mouse_back
                0x000161f8                pixel_buffer_dev
                0x000161fc                x_mouse
                0x00016200                middle_button_click
                0x00016204                prev_x_mouse_front
 .sbss          0x00016208        0xc d:/modelsim_ase/quartus/quartus cyclone ii/nios2eds/bin/gnu/h-i686-mingw32/bin/../lib/gcc/nios2-elf/4.1.2/../../../../nios2-elf/lib\libc.a(lib_a-locale.o)
                0x00016208                __nlocale_changed
                0x0001620c                __mlocale_changed
                0x00016210                _PathLocale
 .sbss          0x00016214        0xc d:/modelsim_ase/quartus/quartus cyclone ii/nios2eds/bin/gnu/h-i686-mingw32/bin/../lib/gcc/nios2-elf/4.1.2/../../../../nios2-elf/lib\libc.a(lib_a-mallocr.o)
                0x00016214                __malloc_top_pad
                0x00016218                __malloc_max_sbrked_mem
                0x0001621c                __malloc_max_total_mem
 .sbss          0x00016220        0x4 d:/modelsim_ase/quartus/quartus cyclone ii/nios2eds/bin/gnu/h-i686-mingw32/bin/../lib/gcc/nios2-elf/4.1.2/../../../../nios2-elf/lib\libc.a(lib_a-int_errno.o)
                0x00016220                errno
 .sbss          0x00016224        0x4 ../FPGA_Lab4_Software_bsp/\libhal_bsp.a(alt_irq_vars.o)
                0x00016224                alt_irq_active
 .sbss          0x00016228        0xc ../FPGA_Lab4_Software_bsp/\libhal_bsp.a(alt_main.o)
                0x00016228                alt_argc
                0x0001622c                alt_argv
                0x00016230                alt_envp
 .sbss          0x00016234        0x8 ../FPGA_Lab4_Software_bsp/\libhal_bsp.a(altera_avalon_timer_vars.o)
                0x00016234                altera_avalon_timer_ts_base
                0x00016238                altera_avalon_timer_ts_freq
 .sbss          0x0001623c        0x8 ../FPGA_Lab4_Software_bsp/\libhal_bsp.a(alt_tick.o)
                0x0001623c                _alt_tick_rate
                0x00016240                _alt_nticks
 *(.sbss2 .sbss2.* .gnu.linkonce.sb2.*)
 *(.scommon)
                0x00016244                PROVIDE (__sbss_end, ABSOLUTE (.))
                0x00016244                PROVIDE (___sbss_end, ABSOLUTE (.))
 *(.dynbss)
 *(.bss .bss.* .gnu.linkonce.b.*)
 .bss           0x00016244        0x0 ../FPGA_Lab4_Software_bsp//obj/HAL/src/crt0.o
 .bss           0x00016244        0x0 obj/default/PS2_ISR.o
 .bss           0x00016244        0x0 obj/default/audio_ISR.o
 .bss           0x00016244        0x0 obj/default/globals.o
 .bss           0x00016244        0x0 obj/default/interval_timer_ISR.o
 .bss           0x00016244        0x0 obj/default/media_interrupt_HAL.o
 .bss           0x00016244        0x0 obj/default/pushbutton_ISR.o
 .bss           0x00016244        0x0 d:/modelsim_ase/quartus/quartus cyclone ii/nios2eds/bin/gnu/h-i686-mingw32/bin/../lib/gcc/nios2-elf/4.1.2\libgcc.a(_udivdi3.o)
 .bss           0x00016244        0x0 d:/modelsim_ase/quartus/quartus cyclone ii/nios2eds/bin/gnu/h-i686-mingw32/bin/../lib/gcc/nios2-elf/4.1.2\libgcc.a(_si_to_sf.o)
 .bss           0x00016244        0x0 d:/modelsim_ase/quartus/quartus cyclone ii/nios2eds/bin/gnu/h-i686-mingw32/bin/../lib/gcc/nios2-elf/4.1.2\libgcc.a(_sf_to_si.o)
 .bss           0x00016244        0x0 d:/modelsim_ase/quartus/quartus cyclone ii/nios2eds/bin/gnu/h-i686-mingw32/bin/../lib/gcc/nios2-elf/4.1.2\libgcc.a(_sf_to_df.o)
 .bss           0x00016244        0x0 d:/modelsim_ase/quartus/quartus cyclone ii/nios2eds/bin/gnu/h-i686-mingw32/bin/../lib/gcc/nios2-elf/4.1.2\libgcc.a(_usi_to_sf.o)
 .bss           0x00016244        0x0 d:/modelsim_ase/quartus/quartus cyclone ii/nios2eds/bin/gnu/h-i686-mingw32/bin/../lib/gcc/nios2-elf/4.1.2\libgcc.a(_make_df.o)
 .bss           0x00016244        0x0 d:/modelsim_ase/quartus/quartus cyclone ii/nios2eds/bin/gnu/h-i686-mingw32/bin/../lib/gcc/nios2-elf/4.1.2\libgcc.a(lib2-divmod.o)
 .bss           0x00016244        0x0 d:/modelsim_ase/quartus/quartus cyclone ii/nios2eds/bin/gnu/h-i686-mingw32/bin/../lib/gcc/nios2-elf/4.1.2\libgcc.a(_clz.o)
 .bss           0x00016244        0x0 d:/modelsim_ase/quartus/quartus cyclone ii/nios2eds/bin/gnu/h-i686-mingw32/bin/../lib/gcc/nios2-elf/4.1.2\libgcc.a(_clzsi2.o)
 .bss           0x00016244        0x0 d:/modelsim_ase/quartus/quartus cyclone ii/nios2eds/bin/gnu/h-i686-mingw32/bin/../lib/gcc/nios2-elf/4.1.2\libgcc.a(_pack_sf.o)
 .bss           0x00016244        0x0 d:/modelsim_ase/quartus/quartus cyclone ii/nios2eds/bin/gnu/h-i686-mingw32/bin/../lib/gcc/nios2-elf/4.1.2\libgcc.a(_unpack_sf.o)
 .bss           0x00016244        0x0 d:/modelsim_ase/quartus/quartus cyclone ii/nios2eds/bin/gnu/h-i686-mingw32/bin/../lib/gcc/nios2-elf/4.1.2\libgcc.a(_pack_df.o)
 .bss           0x00016244        0x0 d:/modelsim_ase/quartus/quartus cyclone ii/nios2eds/bin/gnu/h-i686-mingw32/bin/../lib/gcc/nios2-elf/4.1.2/../../../../nios2-elf/lib\libc.a(lib_a-memcpy.o)
 .bss           0x00016244        0x0 d:/modelsim_ase/quartus/quartus cyclone ii/nios2eds/bin/gnu/h-i686-mingw32/bin/../lib/gcc/nios2-elf/4.1.2/../../../../nios2-elf/lib\libc.a(lib_a-memset.o)
 .bss           0x00016244        0x0 d:/modelsim_ase/quartus/quartus cyclone ii/nios2eds/bin/gnu/h-i686-mingw32/bin/../lib/gcc/nios2-elf/4.1.2/../../../../nios2-elf/lib\libc.a(lib_a-printf.o)
 .bss           0x00016244        0x0 d:/modelsim_ase/quartus/quartus cyclone ii/nios2eds/bin/gnu/h-i686-mingw32/bin/../lib/gcc/nios2-elf/4.1.2/../../../../nios2-elf/lib\libc.a(lib_a-vfprintf.o)
 .bss           0x00016244        0x0 d:/modelsim_ase/quartus/quartus cyclone ii/nios2eds/bin/gnu/h-i686-mingw32/bin/../lib/gcc/nios2-elf/4.1.2/../../../../nios2-elf/lib\libc.a(lib_a-wsetup.o)
 .bss           0x00016244        0x0 d:/modelsim_ase/quartus/quartus cyclone ii/nios2eds/bin/gnu/h-i686-mingw32/bin/../lib/gcc/nios2-elf/4.1.2/../../../../nios2-elf/lib\libc.a(lib_a-dtoa.o)
 .bss           0x00016244        0x0 d:/modelsim_ase/quartus/quartus cyclone ii/nios2eds/bin/gnu/h-i686-mingw32/bin/../lib/gcc/nios2-elf/4.1.2/../../../../nios2-elf/lib\libc.a(lib_a-fflush.o)
 .bss           0x00016244        0x0 d:/modelsim_ase/quartus/quartus cyclone ii/nios2eds/bin/gnu/h-i686-mingw32/bin/../lib/gcc/nios2-elf/4.1.2/../../../../nios2-elf/lib\libc.a(lib_a-findfp.o)
 .bss           0x00016244        0x0 d:/modelsim_ase/quartus/quartus cyclone ii/nios2eds/bin/gnu/h-i686-mingw32/bin/../lib/gcc/nios2-elf/4.1.2/../../../../nios2-elf/lib\libc.a(lib_a-freer.o)
 .bss           0x00016244        0x0 d:/modelsim_ase/quartus/quartus cyclone ii/nios2eds/bin/gnu/h-i686-mingw32/bin/../lib/gcc/nios2-elf/4.1.2/../../../../nios2-elf/lib\libc.a(lib_a-fvwrite.o)
 .bss           0x00016244        0x0 d:/modelsim_ase/quartus/quartus cyclone ii/nios2eds/bin/gnu/h-i686-mingw32/bin/../lib/gcc/nios2-elf/4.1.2/../../../../nios2-elf/lib\libc.a(lib_a-fwalk.o)
 .bss           0x00016244        0x0 d:/modelsim_ase/quartus/quartus cyclone ii/nios2eds/bin/gnu/h-i686-mingw32/bin/../lib/gcc/nios2-elf/4.1.2/../../../../nios2-elf/lib\libc.a(lib_a-impure.o)
 .bss           0x00016244        0x0 d:/modelsim_ase/quartus/quartus cyclone ii/nios2eds/bin/gnu/h-i686-mingw32/bin/../lib/gcc/nios2-elf/4.1.2/../../../../nios2-elf/lib\libc.a(lib_a-locale.o)
 .bss           0x00016244        0x0 d:/modelsim_ase/quartus/quartus cyclone ii/nios2eds/bin/gnu/h-i686-mingw32/bin/../lib/gcc/nios2-elf/4.1.2/../../../../nios2-elf/lib\libc.a(lib_a-makebuf.o)
 .bss           0x00016244       0x28 d:/modelsim_ase/quartus/quartus cyclone ii/nios2eds/bin/gnu/h-i686-mingw32/bin/../lib/gcc/nios2-elf/4.1.2/../../../../nios2-elf/lib\libc.a(lib_a-mallocr.o)
                0x00016244                __malloc_current_mallinfo
 .bss           0x0001626c        0x0 d:/modelsim_ase/quartus/quartus cyclone ii/nios2eds/bin/gnu/h-i686-mingw32/bin/../lib/gcc/nios2-elf/4.1.2/../../../../nios2-elf/lib\libc.a(lib_a-memchr.o)
 .bss           0x0001626c        0x0 d:/modelsim_ase/quartus/quartus cyclone ii/nios2eds/bin/gnu/h-i686-mingw32/bin/../lib/gcc/nios2-elf/4.1.2/../../../../nios2-elf/lib\libc.a(lib_a-memmove.o)
 .bss           0x0001626c        0x0 d:/modelsim_ase/quartus/quartus cyclone ii/nios2eds/bin/gnu/h-i686-mingw32/bin/../lib/gcc/nios2-elf/4.1.2/../../../../nios2-elf/lib\libc.a(lib_a-mprec.o)
 .bss           0x0001626c        0x0 d:/modelsim_ase/quartus/quartus cyclone ii/nios2eds/bin/gnu/h-i686-mingw32/bin/../lib/gcc/nios2-elf/4.1.2/../../../../nios2-elf/lib\libc.a(lib_a-reallocr.o)
 .bss           0x0001626c        0x0 d:/modelsim_ase/quartus/quartus cyclone ii/nios2eds/bin/gnu/h-i686-mingw32/bin/../lib/gcc/nios2-elf/4.1.2/../../../../nios2-elf/lib\libc.a(lib_a-s_isinfd.o)
 .bss           0x0001626c        0x0 d:/modelsim_ase/quartus/quartus cyclone ii/nios2eds/bin/gnu/h-i686-mingw32/bin/../lib/gcc/nios2-elf/4.1.2/../../../../nios2-elf/lib\libc.a(lib_a-s_isnand.o)
 .bss           0x0001626c        0x0 d:/modelsim_ase/quartus/quartus cyclone ii/nios2eds/bin/gnu/h-i686-mingw32/bin/../lib/gcc/nios2-elf/4.1.2/../../../../nios2-elf/lib\libc.a(lib_a-sbrkr.o)
 .bss           0x0001626c        0x0 d:/modelsim_ase/quartus/quartus cyclone ii/nios2eds/bin/gnu/h-i686-mingw32/bin/../lib/gcc/nios2-elf/4.1.2/../../../../nios2-elf/lib\libc.a(lib_a-stdio.o)
 .bss           0x0001626c        0x0 d:/modelsim_ase/quartus/quartus cyclone ii/nios2eds/bin/gnu/h-i686-mingw32/bin/../lib/gcc/nios2-elf/4.1.2/../../../../nios2-elf/lib\libc.a(lib_a-strcmp.o)
 .bss           0x0001626c        0x0 d:/modelsim_ase/quartus/quartus cyclone ii/nios2eds/bin/gnu/h-i686-mingw32/bin/../lib/gcc/nios2-elf/4.1.2/../../../../nios2-elf/lib\libc.a(lib_a-strlen.o)
 .bss           0x0001626c        0x0 d:/modelsim_ase/quartus/quartus cyclone ii/nios2eds/bin/gnu/h-i686-mingw32/bin/../lib/gcc/nios2-elf/4.1.2/../../../../nios2-elf/lib\libc.a(lib_a-writer.o)
 .bss           0x0001626c        0x0 d:/modelsim_ase/quartus/quartus cyclone ii/nios2eds/bin/gnu/h-i686-mingw32/bin/../lib/gcc/nios2-elf/4.1.2/../../../../nios2-elf/lib\libc.a(lib_a-callocr.o)
 .bss           0x0001626c        0x0 d:/modelsim_ase/quartus/quartus cyclone ii/nios2eds/bin/gnu/h-i686-mingw32/bin/../lib/gcc/nios2-elf/4.1.2/../../../../nios2-elf/lib\libc.a(lib_a-closer.o)
 .bss           0x0001626c        0x0 d:/modelsim_ase/quartus/quartus cyclone ii/nios2eds/bin/gnu/h-i686-mingw32/bin/../lib/gcc/nios2-elf/4.1.2/../../../../nios2-elf/lib\libc.a(lib_a-fclose.o)
 .bss           0x0001626c        0x0 d:/modelsim_ase/quartus/quartus cyclone ii/nios2eds/bin/gnu/h-i686-mingw32/bin/../lib/gcc/nios2-elf/4.1.2/../../../../nios2-elf/lib\libc.a(lib_a-fstatr.o)
 .bss           0x0001626c        0x0 d:/modelsim_ase/quartus/quartus cyclone ii/nios2eds/bin/gnu/h-i686-mingw32/bin/../lib/gcc/nios2-elf/4.1.2/../../../../nios2-elf/lib\libc.a(lib_a-int_errno.o)
 .bss           0x0001626c        0x0 d:/modelsim_ase/quartus/quartus cyclone ii/nios2eds/bin/gnu/h-i686-mingw32/bin/../lib/gcc/nios2-elf/4.1.2/../../../../nios2-elf/lib\libc.a(lib_a-isattyr.o)
 .bss           0x0001626c        0x0 d:/modelsim_ase/quartus/quartus cyclone ii/nios2eds/bin/gnu/h-i686-mingw32/bin/../lib/gcc/nios2-elf/4.1.2/../../../../nios2-elf/lib\libc.a(lib_a-lseekr.o)
 .bss           0x0001626c        0x0 d:/modelsim_ase/quartus/quartus cyclone ii/nios2eds/bin/gnu/h-i686-mingw32/bin/../lib/gcc/nios2-elf/4.1.2/../../../../nios2-elf/lib\libc.a(lib_a-readr.o)
 .bss           0x0001626c        0x0 d:/modelsim_ase/quartus/quartus cyclone ii/nios2eds/bin/gnu/h-i686-mingw32/bin/../lib/gcc/nios2-elf/4.1.2\libgcc.a(_umoddi3.o)
 .bss           0x0001626c        0x0 d:/modelsim_ase/quartus/quartus cyclone ii/nios2eds/bin/gnu/h-i686-mingw32/bin/../lib/gcc/nios2-elf/4.1.2\libgcc.a(_addsub_df.o)
 .bss           0x0001626c        0x0 d:/modelsim_ase/quartus/quartus cyclone ii/nios2eds/bin/gnu/h-i686-mingw32/bin/../lib/gcc/nios2-elf/4.1.2\libgcc.a(_mul_df.o)
 .bss           0x0001626c        0x0 d:/modelsim_ase/quartus/quartus cyclone ii/nios2eds/bin/gnu/h-i686-mingw32/bin/../lib/gcc/nios2-elf/4.1.2\libgcc.a(_div_df.o)
 .bss           0x0001626c        0x0 d:/modelsim_ase/quartus/quartus cyclone ii/nios2eds/bin/gnu/h-i686-mingw32/bin/../lib/gcc/nios2-elf/4.1.2\libgcc.a(_eq_df.o)
 .bss           0x0001626c        0x0 d:/modelsim_ase/quartus/quartus cyclone ii/nios2eds/bin/gnu/h-i686-mingw32/bin/../lib/gcc/nios2-elf/4.1.2\libgcc.a(_ne_df.o)
 .bss           0x0001626c        0x0 d:/modelsim_ase/quartus/quartus cyclone ii/nios2eds/bin/gnu/h-i686-mingw32/bin/../lib/gcc/nios2-elf/4.1.2\libgcc.a(_gt_df.o)
 .bss           0x0001626c        0x0 d:/modelsim_ase/quartus/quartus cyclone ii/nios2eds/bin/gnu/h-i686-mingw32/bin/../lib/gcc/nios2-elf/4.1.2\libgcc.a(_ge_df.o)
 .bss           0x0001626c        0x0 d:/modelsim_ase/quartus/quartus cyclone ii/nios2eds/bin/gnu/h-i686-mingw32/bin/../lib/gcc/nios2-elf/4.1.2\libgcc.a(_lt_df.o)
 .bss           0x0001626c        0x0 d:/modelsim_ase/quartus/quartus cyclone ii/nios2eds/bin/gnu/h-i686-mingw32/bin/../lib/gcc/nios2-elf/4.1.2\libgcc.a(_si_to_df.o)
 .bss           0x0001626c        0x0 d:/modelsim_ase/quartus/quartus cyclone ii/nios2eds/bin/gnu/h-i686-mingw32/bin/../lib/gcc/nios2-elf/4.1.2\libgcc.a(_df_to_si.o)
 .bss           0x0001626c        0x0 d:/modelsim_ase/quartus/quartus cyclone ii/nios2eds/bin/gnu/h-i686-mingw32/bin/../lib/gcc/nios2-elf/4.1.2\libgcc.a(_thenan_df.o)
 .bss           0x0001626c        0x0 d:/modelsim_ase/quartus/quartus cyclone ii/nios2eds/bin/gnu/h-i686-mingw32/bin/../lib/gcc/nios2-elf/4.1.2\libgcc.a(_usi_to_df.o)
 .bss           0x0001626c        0x0 d:/modelsim_ase/quartus/quartus cyclone ii/nios2eds/bin/gnu/h-i686-mingw32/bin/../lib/gcc/nios2-elf/4.1.2\libgcc.a(_muldi3.o)
 .bss           0x0001626c        0x0 d:/modelsim_ase/quartus/quartus cyclone ii/nios2eds/bin/gnu/h-i686-mingw32/bin/../lib/gcc/nios2-elf/4.1.2\libgcc.a(_unpack_df.o)
 .bss           0x0001626c        0x0 d:/modelsim_ase/quartus/quartus cyclone ii/nios2eds/bin/gnu/h-i686-mingw32/bin/../lib/gcc/nios2-elf/4.1.2\libgcc.a(_fpcmp_parts_df.o)
 .bss           0x0001626c        0x0 ../FPGA_Lab4_Software_bsp/\libhal_bsp.a(alt_close.o)
 .bss           0x0001626c        0x0 ../FPGA_Lab4_Software_bsp/\libhal_bsp.a(alt_dev.o)
 .bss           0x0001626c        0x0 ../FPGA_Lab4_Software_bsp/\libhal_bsp.a(alt_errno.o)
 .bss           0x0001626c        0x0 ../FPGA_Lab4_Software_bsp/\libhal_bsp.a(alt_fstat.o)
 .bss           0x0001626c        0x0 ../FPGA_Lab4_Software_bsp/\libhal_bsp.a(alt_irq_register.o)
 .bss           0x0001626c        0x0 ../FPGA_Lab4_Software_bsp/\libhal_bsp.a(alt_irq_vars.o)
 .bss           0x0001626c        0x0 ../FPGA_Lab4_Software_bsp/\libhal_bsp.a(alt_isatty.o)
 .bss           0x0001626c        0x0 ../FPGA_Lab4_Software_bsp/\libhal_bsp.a(alt_load.o)
 .bss           0x0001626c        0x0 ../FPGA_Lab4_Software_bsp/\libhal_bsp.a(alt_lseek.o)
 .bss           0x0001626c        0x0 ../FPGA_Lab4_Software_bsp/\libhal_bsp.a(alt_main.o)
 .bss           0x0001626c        0x0 ../FPGA_Lab4_Software_bsp/\libhal_bsp.a(alt_malloc_lock.o)
 .bss           0x0001626c        0x0 ../FPGA_Lab4_Software_bsp/\libhal_bsp.a(alt_printf.o)
 .bss           0x0001626c        0x0 ../FPGA_Lab4_Software_bsp/\libhal_bsp.a(alt_putchar.o)
 .bss           0x0001626c        0x0 ../FPGA_Lab4_Software_bsp/\libhal_bsp.a(alt_read.o)
 .bss           0x0001626c        0x0 ../FPGA_Lab4_Software_bsp/\libhal_bsp.a(alt_release_fd.o)
 .bss           0x0001626c        0x0 ../FPGA_Lab4_Software_bsp/\libhal_bsp.a(alt_sbrk.o)
 .bss           0x0001626c        0x0 ../FPGA_Lab4_Software_bsp/\libhal_bsp.a(alt_write.o)
 .bss           0x0001626c        0x0 ../FPGA_Lab4_Software_bsp/\libhal_bsp.a(alt_sys_init.o)
 .bss           0x0001626c        0x0 ../FPGA_Lab4_Software_bsp/\libhal_bsp.a(altera_avalon_jtag_uart_fd.o)
 .bss           0x0001626c        0x0 ../FPGA_Lab4_Software_bsp/\libhal_bsp.a(altera_avalon_jtag_uart_init.o)
 .bss           0x0001626c        0x0 ../FPGA_Lab4_Software_bsp/\libhal_bsp.a(altera_avalon_jtag_uart_ioctl.o)
 .bss           0x0001626c        0x0 ../FPGA_Lab4_Software_bsp/\libhal_bsp.a(altera_avalon_jtag_uart_read.o)
 .bss           0x0001626c        0x0 ../FPGA_Lab4_Software_bsp/\libhal_bsp.a(altera_avalon_jtag_uart_write.o)
 .bss           0x0001626c        0x0 ../FPGA_Lab4_Software_bsp/\libhal_bsp.a(altera_avalon_timer_ts.o)
 .bss           0x0001626c        0x0 ../FPGA_Lab4_Software_bsp/\libhal_bsp.a(altera_avalon_timer_vars.o)
 .bss           0x0001626c        0x0 ../FPGA_Lab4_Software_bsp/\libhal_bsp.a(altera_up_avalon_audio.o)
 .bss           0x0001626c        0x0 ../FPGA_Lab4_Software_bsp/\libhal_bsp.a(altera_up_avalon_character_lcd.o)
 .bss           0x0001626c        0x0 ../FPGA_Lab4_Software_bsp/\libhal_bsp.a(altera_up_avalon_parallel_port.o)
 .bss           0x0001626c        0x0 ../FPGA_Lab4_Software_bsp/\libhal_bsp.a(altera_up_avalon_ps2.o)
 .bss           0x0001626c        0x0 ../FPGA_Lab4_Software_bsp/\libhal_bsp.a(altera_up_avalon_video_character_buffer_with_dma.o)
 .bss           0x0001626c        0x0 ../FPGA_Lab4_Software_bsp/\libhal_bsp.a(altera_up_avalon_video_pixel_buffer_dma.o)
 .bss           0x0001626c        0x0 ../FPGA_Lab4_Software_bsp/\libhal_bsp.a(alt_alarm_start.o)
 .bss           0x0001626c        0x0 ../FPGA_Lab4_Software_bsp/\libhal_bsp.a(alt_dcache_flush_all.o)
 .bss           0x0001626c        0x0 ../FPGA_Lab4_Software_bsp/\libhal_bsp.a(alt_dev_llist_insert.o)
 .bss           0x0001626c        0x0 ../FPGA_Lab4_Software_bsp/\libhal_bsp.a(alt_do_ctors.o)
 .bss           0x0001626c        0x0 ../FPGA_Lab4_Software_bsp/\libhal_bsp.a(alt_do_dtors.o)
 .bss           0x0001626c        0x0 ../FPGA_Lab4_Software_bsp/\libhal_bsp.a(alt_find_dev.o)
 .bss           0x0001626c        0x0 ../FPGA_Lab4_Software_bsp/\libhal_bsp.a(alt_icache_flush_all.o)
 .bss           0x0001626c        0x0 ../FPGA_Lab4_Software_bsp/\libhal_bsp.a(alt_iic.o)
 .bss           0x0001626c        0x0 ../FPGA_Lab4_Software_bsp/\libhal_bsp.a(alt_iic_isr_register.o)
 .bss           0x0001626c        0x0 ../FPGA_Lab4_Software_bsp/\libhal_bsp.a(alt_io_redirect.o)
 .bss           0x0001626c        0x0 ../FPGA_Lab4_Software_bsp/\libhal_bsp.a(alt_irq_entry.o)
 .bss           0x0001626c        0x0 ../FPGA_Lab4_Software_bsp/\libhal_bsp.a(alt_irq_handler.o)
 .bss           0x0001626c        0x0 ../FPGA_Lab4_Software_bsp/\libhal_bsp.a(alt_open.o)
 .bss           0x0001626c        0x0 ../FPGA_Lab4_Software_bsp/\libhal_bsp.a(alt_tick.o)
 .bss           0x0001626c        0x0 ../FPGA_Lab4_Software_bsp/\libhal_bsp.a(altera_nios2_qsys_irq.o)
 .bss           0x0001626c        0x0 ../FPGA_Lab4_Software_bsp/\libhal_bsp.a(alt_exception_entry.o)
 .bss           0x0001626c        0x0 ../FPGA_Lab4_Software_bsp/\libhal_bsp.a(alt_find_file.o)
 .bss           0x0001626c        0x0 ../FPGA_Lab4_Software_bsp/\libhal_bsp.a(alt_get_fd.o)
 .bss           0x0001626c        0x0 ../FPGA_Lab4_Software_bsp/\libhal_bsp.a(alt_icache_flush.o)
 .bss           0x0001626c        0x0 d:/modelsim_ase/quartus/quartus cyclone ii/nios2eds/bin/gnu/h-i686-mingw32/bin/../lib/gcc/nios2-elf/4.1.2/../../../../nios2-elf/lib\libc.a(lib_a-atexit.o)
 .bss           0x0001626c        0x0 d:/modelsim_ase/quartus/quartus cyclone ii/nios2eds/bin/gnu/h-i686-mingw32/bin/../lib/gcc/nios2-elf/4.1.2/../../../../nios2-elf/lib\libc.a(lib_a-exit.o)
 .bss           0x0001626c        0x0 d:/modelsim_ase/quartus/quartus cyclone ii/nios2eds/bin/gnu/h-i686-mingw32/bin/../lib/gcc/nios2-elf/4.1.2/../../../../nios2-elf/lib\libc.a(lib_a-memcmp.o)
 .bss           0x0001626c        0x0 d:/modelsim_ase/quartus/quartus cyclone ii/nios2eds/bin/gnu/h-i686-mingw32/bin/../lib/gcc/nios2-elf/4.1.2/../../../../nios2-elf/lib\libc.a(lib_a-putc.o)
 .bss           0x0001626c        0x0 d:/modelsim_ase/quartus/quartus cyclone ii/nios2eds/bin/gnu/h-i686-mingw32/bin/../lib/gcc/nios2-elf/4.1.2/../../../../nios2-elf/lib\libc.a(lib_a-wbuf.o)
 .bss           0x0001626c        0x0 d:/modelsim_ase/quartus/quartus cyclone ii/nios2eds/bin/gnu/h-i686-mingw32/bin/../lib/gcc/nios2-elf/4.1.2/../../../../nios2-elf/lib\libc.a(lib_a-__atexit.o)
 .bss           0x0001626c        0x0 d:/modelsim_ase/quartus/quartus cyclone ii/nios2eds/bin/gnu/h-i686-mingw32/bin/../lib/gcc/nios2-elf/4.1.2/../../../../nios2-elf/lib\libc.a(lib_a-__call_atexit.o)
 .bss           0x0001626c        0x0 ../FPGA_Lab4_Software_bsp/\libhal_bsp.a(alt_exit.o)
 *(COMMON)
 COMMON         0x0001626c   0x186a00 obj/default/audio_ISR.o
                0x0001626c                record_l_buf
                0x00077cec                play_l_buf
                0x000d976c                record_r_buf
                0x0013b1ec                play_r_buf
 COMMON         0x0019cc6c       0x20 obj/default/globals.o
                0x0019cc6c                up_dev
 COMMON         0x0019cc8c      0x100 ../FPGA_Lab4_Software_bsp/\libhal_bsp.a(alt_irq_handler.o)
                0x0019cc8c                alt_irq
 COMMON         0x0019cd8c      0x190 d:/modelsim_ase/quartus/quartus cyclone ii/nios2eds/bin/gnu/h-i686-mingw32/bin/../lib/gcc/nios2-elf/4.1.2/../../../../nios2-elf/lib\libc.a(lib_a-atexit.o)
                0x0019cd8c                _atexit0
                0x0019cf1c                . = ALIGN (0x4)
                0x0019cf1c                __bss_end = ABSOLUTE (.)

.SDRAM          0x0019cf1c        0x0
                0x0019cf1c                PROVIDE (_alt_partition_SDRAM_start, ABSOLUTE (.))
 *(.SDRAM. SDRAM.*)
                0x0019cf1c                . = ALIGN (0x4)
                0x0019cf1c                PROVIDE (_alt_partition_SDRAM_end, ABSOLUTE (.))
                0x0019cf1c                _end = ABSOLUTE (.)
                0x0019cf1c                end = ABSOLUTE (.)
                0x0019cf1c                __alt_stack_base = ABSOLUTE (.)
                0x0019cf1c                PROVIDE (_alt_partition_SDRAM_load_addr, LOADADDR (.SDRAM))

.Flash_flash_data
                0x0c000000        0x0 load address 0x0019cf1c
                0x0c000000                PROVIDE (_alt_partition_Flash_flash_data_start, ABSOLUTE (.))
 *(.Flash_flash_data. Flash_flash_data.*)
                0x0c000000                . = ALIGN (0x4)
                0x0c000000                PROVIDE (_alt_partition_Flash_flash_data_end, ABSOLUTE (.))
                0x0019cf1c                PROVIDE (_alt_partition_Flash_flash_data_load_addr, LOADADDR (.Flash_flash_data))

.stab
 *(.stab)

.stabstr
 *(.stabstr)

.stab.excl
 *(.stab.excl)

.stab.exclstr
 *(.stab.exclstr)

.stab.index
 *(.stab.index)

.stab.indexstr
 *(.stab.indexstr)

.comment        0x00000000       0x26
 *(.comment)
 .comment       0x00000000       0x26 obj/default/PS2_ISR.o
                                 0x27 (size before relaxing)
 .comment       0x00000000       0x27 obj/default/audio_ISR.o
 .comment       0x00000000       0x27 obj/default/globals.o
 .comment       0x00000000       0x27 obj/default/interval_timer_ISR.o
 .comment       0x00000000       0x27 obj/default/media_interrupt_HAL.o
 .comment       0x00000000       0x27 obj/default/pushbutton_ISR.o
 .comment       0x00000000       0x27 d:/modelsim_ase/quartus/quartus cyclone ii/nios2eds/bin/gnu/h-i686-mingw32/bin/../lib/gcc/nios2-elf/4.1.2\libgcc.a(_udivdi3.o)
 .comment       0x00000000       0x27 d:/modelsim_ase/quartus/quartus cyclone ii/nios2eds/bin/gnu/h-i686-mingw32/bin/../lib/gcc/nios2-elf/4.1.2\libgcc.a(_si_to_sf.o)
 .comment       0x00000000       0x27 d:/modelsim_ase/quartus/quartus cyclone ii/nios2eds/bin/gnu/h-i686-mingw32/bin/../lib/gcc/nios2-elf/4.1.2\libgcc.a(_sf_to_si.o)
 .comment       0x00000000       0x27 d:/modelsim_ase/quartus/quartus cyclone ii/nios2eds/bin/gnu/h-i686-mingw32/bin/../lib/gcc/nios2-elf/4.1.2\libgcc.a(_sf_to_df.o)
 .comment       0x00000000       0x27 d:/modelsim_ase/quartus/quartus cyclone ii/nios2eds/bin/gnu/h-i686-mingw32/bin/../lib/gcc/nios2-elf/4.1.2\libgcc.a(_usi_to_sf.o)
 .comment       0x00000000       0x27 d:/modelsim_ase/quartus/quartus cyclone ii/nios2eds/bin/gnu/h-i686-mingw32/bin/../lib/gcc/nios2-elf/4.1.2\libgcc.a(_make_df.o)
 .comment       0x00000000       0x27 d:/modelsim_ase/quartus/quartus cyclone ii/nios2eds/bin/gnu/h-i686-mingw32/bin/../lib/gcc/nios2-elf/4.1.2\libgcc.a(lib2-divmod.o)
 .comment       0x00000000       0x27 d:/modelsim_ase/quartus/quartus cyclone ii/nios2eds/bin/gnu/h-i686-mingw32/bin/../lib/gcc/nios2-elf/4.1.2\libgcc.a(_clz.o)
 .comment       0x00000000       0x27 d:/modelsim_ase/quartus/quartus cyclone ii/nios2eds/bin/gnu/h-i686-mingw32/bin/../lib/gcc/nios2-elf/4.1.2\libgcc.a(_clzsi2.o)
 .comment       0x00000000       0x27 d:/modelsim_ase/quartus/quartus cyclone ii/nios2eds/bin/gnu/h-i686-mingw32/bin/../lib/gcc/nios2-elf/4.1.2\libgcc.a(_pack_sf.o)
 .comment       0x00000000       0x27 d:/modelsim_ase/quartus/quartus cyclone ii/nios2eds/bin/gnu/h-i686-mingw32/bin/../lib/gcc/nios2-elf/4.1.2\libgcc.a(_unpack_sf.o)
 .comment       0x00000000       0x27 d:/modelsim_ase/quartus/quartus cyclone ii/nios2eds/bin/gnu/h-i686-mingw32/bin/../lib/gcc/nios2-elf/4.1.2\libgcc.a(_pack_df.o)
 .comment       0x00000000       0x27 d:/modelsim_ase/quartus/quartus cyclone ii/nios2eds/bin/gnu/h-i686-mingw32/bin/../lib/gcc/nios2-elf/4.1.2/../../../../nios2-elf/lib\libc.a(lib_a-memcpy.o)
 .comment       0x00000000       0x27 d:/modelsim_ase/quartus/quartus cyclone ii/nios2eds/bin/gnu/h-i686-mingw32/bin/../lib/gcc/nios2-elf/4.1.2/../../../../nios2-elf/lib\libc.a(lib_a-memset.o)
 .comment       0x00000000       0x27 d:/modelsim_ase/quartus/quartus cyclone ii/nios2eds/bin/gnu/h-i686-mingw32/bin/../lib/gcc/nios2-elf/4.1.2/../../../../nios2-elf/lib\libc.a(lib_a-printf.o)
 .comment       0x00000000       0x27 d:/modelsim_ase/quartus/quartus cyclone ii/nios2eds/bin/gnu/h-i686-mingw32/bin/../lib/gcc/nios2-elf/4.1.2/../../../../nios2-elf/lib\libc.a(lib_a-vfprintf.o)
 .comment       0x00000000       0x27 d:/modelsim_ase/quartus/quartus cyclone ii/nios2eds/bin/gnu/h-i686-mingw32/bin/../lib/gcc/nios2-elf/4.1.2/../../../../nios2-elf/lib\libc.a(lib_a-wsetup.o)
 .comment       0x00000000       0x27 d:/modelsim_ase/quartus/quartus cyclone ii/nios2eds/bin/gnu/h-i686-mingw32/bin/../lib/gcc/nios2-elf/4.1.2/../../../../nios2-elf/lib\libc.a(lib_a-dtoa.o)
 .comment       0x00000000       0x27 d:/modelsim_ase/quartus/quartus cyclone ii/nios2eds/bin/gnu/h-i686-mingw32/bin/../lib/gcc/nios2-elf/4.1.2/../../../../nios2-elf/lib\libc.a(lib_a-fflush.o)
 .comment       0x00000000       0x27 d:/modelsim_ase/quartus/quartus cyclone ii/nios2eds/bin/gnu/h-i686-mingw32/bin/../lib/gcc/nios2-elf/4.1.2/../../../../nios2-elf/lib\libc.a(lib_a-findfp.o)
 .comment       0x00000000       0x27 d:/modelsim_ase/quartus/quartus cyclone ii/nios2eds/bin/gnu/h-i686-mingw32/bin/../lib/gcc/nios2-elf/4.1.2/../../../../nios2-elf/lib\libc.a(lib_a-freer.o)
 .comment       0x00000000       0x27 d:/modelsim_ase/quartus/quartus cyclone ii/nios2eds/bin/gnu/h-i686-mingw32/bin/../lib/gcc/nios2-elf/4.1.2/../../../../nios2-elf/lib\libc.a(lib_a-fvwrite.o)
 .comment       0x00000000       0x27 d:/modelsim_ase/quartus/quartus cyclone ii/nios2eds/bin/gnu/h-i686-mingw32/bin/../lib/gcc/nios2-elf/4.1.2/../../../../nios2-elf/lib\libc.a(lib_a-fwalk.o)
 .comment       0x00000000       0x27 d:/modelsim_ase/quartus/quartus cyclone ii/nios2eds/bin/gnu/h-i686-mingw32/bin/../lib/gcc/nios2-elf/4.1.2/../../../../nios2-elf/lib\libc.a(lib_a-impure.o)
 .comment       0x00000000       0x27 d:/modelsim_ase/quartus/quartus cyclone ii/nios2eds/bin/gnu/h-i686-mingw32/bin/../lib/gcc/nios2-elf/4.1.2/../../../../nios2-elf/lib\libc.a(lib_a-locale.o)
 .comment       0x00000000       0x27 d:/modelsim_ase/quartus/quartus cyclone ii/nios2eds/bin/gnu/h-i686-mingw32/bin/../lib/gcc/nios2-elf/4.1.2/../../../../nios2-elf/lib\libc.a(lib_a-makebuf.o)
 .comment       0x00000000       0x27 d:/modelsim_ase/quartus/quartus cyclone ii/nios2eds/bin/gnu/h-i686-mingw32/bin/../lib/gcc/nios2-elf/4.1.2/../../../../nios2-elf/lib\libc.a(lib_a-mallocr.o)