Archive member included because of file (symbol)

d:/fpga/nios2eds/bin/gnu/h-i686-mingw32/bin/../lib/gcc/nios2-elf/4.1.2\libgcc.a(_si_to_sf.o)
                              obj/default/media_interrupt_HAL.o (__floatsisf)
d:/fpga/nios2eds/bin/gnu/h-i686-mingw32/bin/../lib/gcc/nios2-elf/4.1.2\libgcc.a(_sf_to_si.o)
                              obj/default/media_interrupt_HAL.o (__fixsfsi)
d:/fpga/nios2eds/bin/gnu/h-i686-mingw32/bin/../lib/gcc/nios2-elf/4.1.2\libgcc.a(_sf_to_df.o)
                              obj/default/media_interrupt_HAL.o (__extendsfdf2)
d:/fpga/nios2eds/bin/gnu/h-i686-mingw32/bin/../lib/gcc/nios2-elf/4.1.2\libgcc.a(_usi_to_sf.o)
                              obj/default/media_interrupt_HAL.o (__floatunsisf)
d:/fpga/nios2eds/bin/gnu/h-i686-mingw32/bin/../lib/gcc/nios2-elf/4.1.2\libgcc.a(_make_df.o)
                              d:/fpga/nios2eds/bin/gnu/h-i686-mingw32/bin/../lib/gcc/nios2-elf/4.1.2\libgcc.a(_sf_to_df.o) (__make_dp)
d:/fpga/nios2eds/bin/gnu/h-i686-mingw32/bin/../lib/gcc/nios2-elf/4.1.2\libgcc.a(_clzsi2.o)
                              d:/fpga/nios2eds/bin/gnu/h-i686-mingw32/bin/../lib/gcc/nios2-elf/4.1.2\libgcc.a(_si_to_sf.o) (__clzsi2)
d:/fpga/nios2eds/bin/gnu/h-i686-mingw32/bin/../lib/gcc/nios2-elf/4.1.2\libgcc.a(_pack_sf.o)
                              d:/fpga/nios2eds/bin/gnu/h-i686-mingw32/bin/../lib/gcc/nios2-elf/4.1.2\libgcc.a(_si_to_sf.o) (__pack_f)
d:/fpga/nios2eds/bin/gnu/h-i686-mingw32/bin/../lib/gcc/nios2-elf/4.1.2\libgcc.a(_unpack_sf.o)
                              d:/fpga/nios2eds/bin/gnu/h-i686-mingw32/bin/../lib/gcc/nios2-elf/4.1.2\libgcc.a(_sf_to_si.o) (__unpack_f)
d:/fpga/nios2eds/bin/gnu/h-i686-mingw32/bin/../lib/gcc/nios2-elf/4.1.2\libgcc.a(_pack_df.o)
                              d:/fpga/nios2eds/bin/gnu/h-i686-mingw32/bin/../lib/gcc/nios2-elf/4.1.2\libgcc.a(_make_df.o) (__pack_d)
d:/fpga/nios2eds/bin/gnu/h-i686-mingw32/bin/../lib/gcc/nios2-elf/4.1.2\libgcc.a(_clz.o)
                              d:/fpga/nios2eds/bin/gnu/h-i686-mingw32/bin/../lib/gcc/nios2-elf/4.1.2\libgcc.a(_clzsi2.o) (__clz_tab)
d:/fpga/nios2eds/bin/gnu/h-i686-mingw32/bin/../lib/gcc/nios2-elf/4.1.2/../../../../nios2-elf/lib\libc.a(lib_a-memcpy.o)
                              obj/default/media_interrupt_HAL.o (memcpy)
d:/fpga/nios2eds/bin/gnu/h-i686-mingw32/bin/../lib/gcc/nios2-elf/4.1.2/../../../../nios2-elf/lib\libc.a(lib_a-memset.o)
                              obj/default/media_interrupt_HAL.o (memset)
d:/fpga/nios2eds/bin/gnu/h-i686-mingw32/bin/../lib/gcc/nios2-elf/4.1.2/../../../../nios2-elf/lib\libc.a(lib_a-printf.o)
                              obj/default/audio_ISR.o (printf)
d:/fpga/nios2eds/bin/gnu/h-i686-mingw32/bin/../lib/gcc/nios2-elf/4.1.2/../../../../nios2-elf/lib\libc.a(lib_a-vfprintf.o)
                              d:/fpga/nios2eds/bin/gnu/h-i686-mingw32/bin/../lib/gcc/nios2-elf/4.1.2/../../../../nios2-elf/lib\libc.a(lib_a-printf.o) (___vfprintf_internal_r)
d:/fpga/nios2eds/bin/gnu/h-i686-mingw32/bin/../lib/gcc/nios2-elf/4.1.2/../../../../nios2-elf/lib\libc.a(lib_a-wsetup.o)
                              d:/fpga/nios2eds/bin/gnu/h-i686-mingw32/bin/../lib/gcc/nios2-elf/4.1.2/../../../../nios2-elf/lib\libc.a(lib_a-vfprintf.o) (__swsetup_r)
d:/fpga/nios2eds/bin/gnu/h-i686-mingw32/bin/../lib/gcc/nios2-elf/4.1.2/../../../../nios2-elf/lib\libc.a(lib_a-dtoa.o)
                              d:/fpga/nios2eds/bin/gnu/h-i686-mingw32/bin/../lib/gcc/nios2-elf/4.1.2/../../../../nios2-elf/lib\libc.a(lib_a-vfprintf.o) (_dtoa_r)
d:/fpga/nios2eds/bin/gnu/h-i686-mingw32/bin/../lib/gcc/nios2-elf/4.1.2/../../../../nios2-elf/lib\libc.a(lib_a-fflush.o)
                              d:/fpga/nios2eds/bin/gnu/h-i686-mingw32/bin/../lib/gcc/nios2-elf/4.1.2/../../../../nios2-elf/lib\libc.a(lib_a-vfprintf.o) (_fflush_r)
d:/fpga/nios2eds/bin/gnu/h-i686-mingw32/bin/../lib/gcc/nios2-elf/4.1.2/../../../../nios2-elf/lib\libc.a(lib_a-findfp.o)
                              d:/fpga/nios2eds/bin/gnu/h-i686-mingw32/bin/../lib/gcc/nios2-elf/4.1.2/../../../../nios2-elf/lib\libc.a(lib_a-vfprintf.o) (__sinit)
d:/fpga/nios2eds/bin/gnu/h-i686-mingw32/bin/../lib/gcc/nios2-elf/4.1.2/../../../../nios2-elf/lib\libc.a(lib_a-freer.o)
                              d:/fpga/nios2eds/bin/gnu/h-i686-mingw32/bin/../lib/gcc/nios2-elf/4.1.2/../../../../nios2-elf/lib\libc.a(lib_a-wsetup.o) (_free_r)
d:/fpga/nios2eds/bin/gnu/h-i686-mingw32/bin/../lib/gcc/nios2-elf/4.1.2/../../../../nios2-elf/lib\libc.a(lib_a-fvwrite.o)
                              d:/fpga/nios2eds/bin/gnu/h-i686-mingw32/bin/../lib/gcc/nios2-elf/4.1.2/../../../../nios2-elf/lib\libc.a(lib_a-vfprintf.o) (__sfvwrite_r)
d:/fpga/nios2eds/bin/gnu/h-i686-mingw32/bin/../lib/gcc/nios2-elf/4.1.2/../../../../nios2-elf/lib\libc.a(lib_a-fwalk.o)
                              d:/fpga/nios2eds/bin/gnu/h-i686-mingw32/bin/../lib/gcc/nios2-elf/4.1.2/../../../../nios2-elf/lib\libc.a(lib_a-fflush.o) (_fwalk_reent)
[...]
Memory Configuration

Name             Origin             Length             Attributes
reset            0x00000000         0x00000020
SDRAM            0x00000020         0x007fffe0
Flash_flash_data 0x0c000000         0x00400000
*default*        0x00000000         0xffffffff

Linker script and memory map

LOAD ../Hardware_Denoise_bsp//obj/HAL/src/crt0.o
LOAD obj/default/PS2_ISR.o
LOAD obj/default/audio_ISR.o
LOAD obj/default/globals.o
LOAD obj/default/interval_timer_ISR.o
LOAD obj/default/media_interrupt_HAL.o
LOAD obj/default/pushbutton_ISR.o
LOAD d:/fpga/nios2eds/bin/gnu/h-i686-mingw32/bin/../lib/gcc/nios2-elf/4.1.2/../../../../nios2-elf/lib\libstdc++.a
LOAD d:/fpga/nios2eds/bin/gnu/h-i686-mingw32/bin/../lib/gcc/nios2-elf/4.1.2/../../../../nios2-elf/lib\libm.a
LOAD d:/fpga/nios2eds/bin/gnu/h-i686-mingw32/bin/../lib/gcc/nios2-elf/4.1.2\libgcc.a
START GROUP
LOAD d:/fpga/nios2eds/bin/gnu/h-i686-mingw32/bin/../lib/gcc/nios2-elf/4.1.2/../../../../nios2-elf/lib\libc.a
LOAD d:/fpga/nios2eds/bin/gnu/h-i686-mingw32/bin/../lib/gcc/nios2-elf/4.1.2\libgcc.a
LOAD ../Hardware_Denoise_bsp/\libhal_bsp.a
END GROUP
LOAD d:/fpga/nios2eds/bin/gnu/h-i686-mingw32/bin/../lib/gcc/nios2-elf/4.1.2\libgcc.a
                0x00000000                __alt_mem_SDRAM = 0x0
                0x0c000000                __alt_mem_Flash_flash_data = 0xc000000

.entry          0x00000000       0x20
 *(.entry)
 .entry         0x00000000       0x20 ../Hardware_Denoise_bsp//obj/HAL/src/crt0.o
                0x00000000                __reset

.exceptions     0x00000020      0x198
                0x00000020                PROVIDE (__ram_exceptions_start, ABSOLUTE (.))
                0x00000020                . = ALIGN (0x20)
 *(.irq)
 *(.exceptions.entry.label)
 .exceptions.entry.label
                0x00000020        0x0 ../Hardware_Denoise_bsp/\libhal_bsp.a(alt_irq_entry.o)
                0x00000020                alt_irq_entry
 .exceptions.entry.label
                0x00000020        0x0 ../Hardware_Denoise_bsp/\libhal_bsp.a(alt_exception_entry.o)
                0x00000020                alt_exception
 *(.exceptions.entry.user)
 *(.exceptions.entry)
 .exceptions.entry
                0x00000020       0x54 ../Hardware_Denoise_bsp/\libhal_bsp.a(alt_exception_entry.o)
 *(.exceptions.irqtest.user)
 *(.exceptions.irqtest)
 .exceptions.irqtest
                0x00000074       0x10 ../Hardware_Denoise_bsp/\libhal_bsp.a(alt_irq_entry.o)
 *(.exceptions.irqhandler.user)
 *(.exceptions.irqhandler)
 .exceptions.irqhandler
                0x00000084        0x4 ../Hardware_Denoise_bsp/\libhal_bsp.a(alt_irq_entry.o)
 *(.exceptions.irqreturn.user)
 *(.exceptions.irqreturn)
 .exceptions.irqreturn
                0x00000088        0x4 ../Hardware_Denoise_bsp/\libhal_bsp.a(alt_irq_entry.o)
 *(.exceptions.notirq.label)
 .exceptions.notirq.label
                0x0000008c        0x0 ../Hardware_Denoise_bsp/\libhal_bsp.a(alt_irq_entry.o)
 *(.exceptions.notirq.user)
 *(.exceptions.notirq)
 .exceptions.notirq
                0x0000008c        0x8 ../Hardware_Denoise_bsp/\libhal_bsp.a(alt_exception_entry.o)
 *(.exceptions.soft.user)
 *(.exceptions.soft)
 *(.exceptions.unknown.user)
 *(.exceptions.unknown)
 .exceptions.unknown
                0x00000094        0x4 ../Hardware_Denoise_bsp/\libhal_bsp.a(alt_exception_entry.o)
 *(.exceptions.exit.label)
 .exceptions.exit.label
                0x00000098        0x0 ../Hardware_Denoise_bsp/\libhal_bsp.a(alt_irq_entry.o)
 .exceptions.exit.label
                0x00000098        0x0 ../Hardware_Denoise_bsp/\libhal_bsp.a(alt_exception_entry.o)
 *(.exceptions.exit.user)
 *(.exceptions.exit)
 .exceptions.exit
                0x00000098       0x54 ../Hardware_Denoise_bsp/\libhal_bsp.a(alt_exception_entry.o)
 *(.exceptions)
 .exceptions    0x000000ec       0xcc ../Hardware_Denoise_bsp/\libhal_bsp.a(alt_irq_handler.o)
                0x000000ec                alt_irq_handler
                0x000001b8                PROVIDE (__ram_exceptions_end, ABSOLUTE (.))
                0x00000020                PROVIDE (__flash_exceptions_start, LOADADDR (.exceptions))

.text           0x000001b8    0x12a98
                0x000001b8                PROVIDE (stext, ABSOLUTE (.))
 *(.interp)
 *(.hash)
 *(.dynsym)
 *(.dynstr)
 *(.gnu.version)
 *(.gnu.version_d)
 *(.gnu.version_r)
 *(.rel.init)
 *(.rela.init)
 *(.rel.text .rel.text.* .rel.gnu.linkonce.t.*)
 *(.rela.text .rela.text.* .rela.gnu.linkonce.t.*)
 *(.rel.fini)
 *(.rela.fini)
 *(.rel.rodata .rel.rodata.* .rel.gnu.linkonce.r.*)
 *(.rela.rodata .rela.rodata.* .rela.gnu.linkonce.r.*)
 *(.rel.data .rel.data.* .rel.gnu.linkonce.d.*)
 *(.rela.data .rela.data.* .rela.gnu.linkonce.d.*)
 *(.rel.tdata .rel.tdata.* .rel.gnu.linkonce.td.*)
 *(.rela.tdata .rela.tdata.* .rela.gnu.linkonce.td.*)
 *(.rel.tbss .rel.tbss.* .rel.gnu.linkonce.tb.*)
 *(.rela.tbss .rela.tbss.* .rela.gnu.linkonce.tb.*)
 *(.rel.ctors)
 *(.rela.ctors)
 *(.rel.dtors)
 *(.rela.dtors)
 *(.rel.got)
 *(.rela.got)
 *(.rel.sdata .rel.sdata.* .rel.gnu.linkonce.s.*)
 *(.rela.sdata .rela.sdata.* .rela.gnu.linkonce.s.*)
 *(.rel.sbss .rel.sbss.* .rel.gnu.linkonce.sb.*)
 *(.rela.sbss .rela.sbss.* .rela.gnu.linkonce.sb.*)
 *(.rel.sdata2 .rel.sdata2.* .rel.gnu.linkonce.s2.*)
 *(.rela.sdata2 .rela.sdata2.* .rela.gnu.linkonce.s2.*)
 *(.rel.sbss2 .rel.sbss2.* .rel.gnu.linkonce.sb2.*)
 *(.rela.sbss2 .rela.sbss2.* .rela.gnu.linkonce.sb2.*)
 *(.rel.bss .rel.bss.* .rel.gnu.linkonce.b.*)
 *(.rela.bss .rela.bss.* .rela.gnu.linkonce.b.*)
 *(.rel.plt)
 *(.rela.plt)
 *(.rel.dyn)
 *(.init)
 *(.plt)
 *(.text .stub .text.* .gnu.linkonce.t.*)
 .text          0x000001b8       0x3c ../Hardware_Denoise_bsp//obj/HAL/src/crt0.o
                0x000001b8                _start
 .text          0x000001f4      0x150 obj/default/PS2_ISR.o
                0x000001f4                PS2_ISR
 .text          0x00000344      0x3f8 obj/default/audio_ISR.o
                0x00000344                audio_ISR
 .text          0x0000073c        0x0 obj/default/globals.o
 .text          0x0000073c       0x60 obj/default/interval_timer_ISR.o
                0x0000073c                interval_timer_ISR
 .text          0x0000079c     0x1c8c obj/default/media_interrupt_HAL.o
                0x0000079c                main
                0x000012e8                HEX_PS2
                0x0000140c                PS2_Init
                0x000014c4                show_mouse_buttons_states_on_Red_LEDs
                0x000015bc                check_for_click
                0x00001648                check_KEYs
                0x00001850                print_mouse_on_given_position
                0x000018f4                erase_previous_mouse_position
                0x00001c38                setMouseBounds
                0x00001c6c                getMouseState
                0x00001e48                print_screen
                0x00002060                denoise_the_noisy_sound
                0x000021b8                echo_maker
 .text          0x00002428       0xb8 obj/default/pushbutton_ISR.o
                0x00002428                pushbutton_ISR
 .text          0x000024e0       0x98 d:/fpga/nios2eds/bin/gnu/h-i686-mingw32/bin/../lib/gcc/nios2-elf/4.1.2\libgcc.a(_si_to_sf.o)
                0x000024e0                __floatsisf
 .text          0x00002578       0x94 d:/fpga/nios2eds/bin/gnu/h-i686-mingw32/bin/../lib/gcc/nios2-elf/4.1.2\libgcc.a(_sf_to_si.o)
                0x00002578                __fixsfsi
 .text          0x0000260c       0x54 d:/fpga/nios2eds/bin/gnu/h-i686-mingw32/bin/../lib/gcc/nios2-elf/4.1.2\libgcc.a(_sf_to_df.o)
                0x0000260c                __extendsfdf2
 .text          0x00002660       0xc0 d:/fpga/nios2eds/bin/gnu/h-i686-mingw32/bin/../lib/gcc/nios2-elf/4.1.2\libgcc.a(_usi_to_sf.o)
                0x00002660                __floatunsisf
 .text          0x00002720       0x38 d:/fpga/nios2eds/bin/gnu/h-i686-mingw32/bin/../lib/gcc/nios2-elf/4.1.2\libgcc.a(_make_df.o)
                0x00002720                __make_dp
 .text          0x00002758       0x80 d:/fpga/nios2eds/bin/gnu/h-i686-mingw32/bin/../lib/gcc/nios2-elf/4.1.2\libgcc.a(_clzsi2.o)
                0x00002758                __clzsi2
 .text          0x000027d8      0x160 d:/fpga/nios2eds/bin/gnu/h-i686-mingw32/bin/../lib/gcc/nios2-elf/4.1.2\libgcc.a(_pack_sf.o)
                0x000027d8                __pack_f
 .text          0x00002938       0xc8 d:/fpga/nios2eds/bin/gnu/h-i686-mingw32/bin/../lib/gcc/nios2-elf/4.1.2\libgcc.a(_unpack_sf.o)
                0x00002938                __unpack_f
 .text          0x00002a00      0x314 d:/fpga/nios2eds/bin/gnu/h-i686-mingw32/bin/../lib/gcc/nios2-elf/4.1.2\libgcc.a(_pack_df.o)
                0x00002a00                __pack_d
 .text          0x00002d14        0x0 d:/fpga/nios2eds/bin/gnu/h-i686-mingw32/bin/../lib/gcc/nios2-elf/4.1.2\libgcc.a(_clz.o)
 .text          0x00002d14       0xa0 d:/fpga/nios2eds/bin/gnu/h-i686-mingw32/bin/../lib/gcc/nios2-elf/4.1.2/../../../../nios2-elf/lib\libc.a(lib_a-memcpy.o)
                0x00002d14                memcpy
 .text          0x00002db4       0x98 d:/fpga/nios2eds/bin/gnu/h-i686-mingw32/bin/../lib/gcc/nios2-elf/4.1.2/../../../../nios2-elf/lib\libc.a(lib_a-memset.o)
                0x00002db4                memset
 .text          0x00002e4c       0x78 d:/fpga/nios2eds/bin/gnu/h-i686-mingw32/bin/../lib/gcc/nios2-elf/4.1.2/../../../../nios2-elf/lib\libc.a(lib_a-printf.o)
                0x00002e4c                printf
                0x00002e90                _printf_r
 .text          0x00002ec4     0x1f28 d:/fpga/nios2eds/bin/gnu/h-i686-mingw32/bin/../lib/gcc/nios2-elf/4.1.2/../../../../nios2-elf/lib\libc.a(lib_a-vfprintf.o)
                0x00002f1c                ___vfprintf_internal_r
                0x00004dc8                __vfprintf_internal
 .text          0x00004dec      0x13c d:/fpga/nios2eds/bin/gnu/h-i686-mingw32/bin/../lib/gcc/nios2-elf/4.1.2/../../../../nios2-elf/lib\libc.a(lib_a-wsetup.o)
                0x00004dec                __swsetup_r
 .text          0x00004f28     0x17cc d:/fpga/nios2eds/bin/gnu/h-i686-mingw32/bin/../lib/gcc/nios2-elf/4.1.2/../../../../nios2-elf/lib\libc.a(lib_a-dtoa.o)
                0x00005140                _dtoa_r
 .text          0x000066f4      0x230 d:/fpga/nios2eds/bin/gnu/h-i686-mingw32/bin/../lib/gcc/nios2-elf/4.1.2/../../../../nios2-elf/lib\libc.a(lib_a-fflush.o)
                0x000066f4                _fflush_r
                0x000068f0                fflush
 .text          0x00006924      0x2c0 d:/fpga/nios2eds/bin/gnu/h-i686-mingw32/bin/../lib/gcc/nios2-elf/4.1.2/../../../../nios2-elf/lib\libc.a(lib_a-findfp.o)
                0x0000697c                __sfp_lock_acquire
                0x00006980                __sfp_lock_release
                0x00006984                __sinit_lock_acquire
                0x00006988                __sinit_lock_release
                0x0000698c                __sinit
                0x00006a40                __fp_unlock_all
                0x00006a58                __fp_lock_all
                0x00006a70                _cleanup_r
                0x00006a7c                _cleanup
                0x00006a8c                __sfmoreglue
                0x00006af4                __sfp
 .text          0x00006be4      0x440 d:/fpga/nios2eds/bin/gnu/h-i686-mingw32/bin/../lib/gcc/nios2-elf/4.1.2/../../../../nios2-elf/lib\libc.a(lib_a-freer.o)
                0x00006be4                _malloc_trim_r
                0x00006d10                _free_r
 .text          0x00007024      0x49c d:/fpga/nios2eds/bin/gnu/h-i686-mingw32/bin/../lib/gcc/nios2-elf/4.1.2/../../../../nios2-elf/lib\libc.a(lib_a-fvwrite.o)
                0x00007024                __sfvwrite_r
 .text          0x000074c0      0x180 d:/fpga/nios2eds/bin/gnu/h-i686-mingw32/bin/../lib/gcc/nios2-elf/4.1.2/../../../../nios2-elf/lib\libc.a(lib_a-fwalk.o)
                0x000074c0                _fwalk_reent
                0x00007588                _fwalk
 .text          0x00007640        0x0 d:/fpga/nios2eds/bin/gnu/h-i686-mingw32/bin/../lib/gcc/nios2-elf/4.1.2/../../../../nios2-elf/lib\libc.a(lib_a-impure.o)
 .text          0x00007640       0xc4 d:/fpga/nios2eds/bin/gnu/h-i686-mingw32/bin/../lib/gcc/nios2-elf/4.1.2/../../../../nios2-elf/lib\libc.a(lib_a-locale.o)
                0x00007640                __locale_charset
                0x00007648                _localeconv_r
                0x00007654                localeconv
                0x00007664                _setlocale_r
                0x000076e8                setlocale
 .text          0x00007704      0x194 d:/fpga/nios2eds/bin/gnu/h-i686-mingw32/bin/../lib/gcc/nios2-elf/4.1.2/../../../../nios2-elf/lib\libc.a(lib_a-makebuf.o)
                0x00007704                __smakebuf_r
 .text          0x00007898      0x740 d:/fpga/nios2eds/bin/gnu/h-i686-mingw32/bin/../lib/gcc/nios2-elf/4.1.2/../../../../nios2-elf/lib\libc.a(lib_a-mallocr.o)
                0x00007898                _malloc_r
 .text          0x00007fd8       0xe4 d:/fpga/nios2eds/bin/gnu/h-i686-mingw32/bin/../lib/gcc/nios2-elf/4.1.2/../../../../nios2-elf/lib\libc.a(lib_a-memchr.o)
                0x00007fd8                memchr
 .text          0x000080bc       0xe0 d:/fpga/nios2eds/bin/gnu/h-i686-mingw32/bin/../lib/gcc/nios2-elf/4.1.2/../../../../nios2-elf/lib\libc.a(lib_a-memmove.o)
                0x000080bc                memmove
 .text          0x0000819c      0xff4 d:/fpga/nios2eds/bin/gnu/h-i686-mingw32/bin/../lib/gcc/nios2-elf/4.1.2/../../../../nios2-elf/lib\libc.a(lib_a-mprec.o)
                0x0000819c                _Bfree
                0x000081c4                __hi0bits
                0x00008234                __lo0bits
                0x000082f8                __mcmp
                0x00008358                __ulp
                0x000083d8                __b2d
                0x000084f8                __ratio
                0x000085a8                _mprec_log10
                0x0000863c                __copybits
                0x00008694                __any_on
                0x0000871c                _Balloc
                0x000087d8                __d2b
                0x00008954                __mdiff
                0x00008ae0                __lshift
                0x00008c2c                __multiply
                0x00008e14                __i2b
                0x00008e50                __multadd
                0x00008f50                __pow5mult
                0x00009070                __s2b
 .text          0x00009190      0x5f4 d:/fpga/nios2eds/bin/gnu/h-i686-mingw32/bin/../lib/gcc/nios2-elf/4.1.2/../../../../nios2-elf/lib\libc.a(lib_a-reallocr.o)
                0x00009190                _realloc_r
 .text          0x00009784       0x40 d:/fpga/nios2eds/bin/gnu/h-i686-mingw32/bin/../lib/gcc/nios2-elf/4.1.2/../../../../nios2-elf/lib\libc.a(lib_a-s_isinfd.o)
                0x00009784                __isinfd
 .text          0x000097c4       0x30 d:/fpga/nios2eds/bin/gnu/h-i686-mingw32/bin/../lib/gcc/nios2-elf/4.1.2/../../../../nios2-elf/lib\libc.a(lib_a-s_isnand.o)
                0x000097c4                __isnand
 .text          0x000097f4       0x70 d:/fpga/nios2eds/bin/gnu/h-i686-mingw32/bin/../lib/gcc/nios2-elf/4.1.2/../../../../nios2-elf/lib\libc.a(lib_a-sbrkr.o)
                0x000097f4                _sbrk_r
 .text          0x00009864      0x14c d:/fpga/nios2eds/bin/gnu/h-i686-mingw32/bin/../lib/gcc/nios2-elf/4.1.2/../../../../nios2-elf/lib\libc.a(lib_a-stdio.o)
                0x00009864                __sclose
                0x0000986c                __sseek
                0x000098d4                __swrite
                0x00009950                __sread
 .text          0x000099b0       0xbc d:/fpga/nios2eds/bin/gnu/h-i686-mingw32/bin/../lib/gcc/nios2-elf/4.1.2/../../../../nios2-elf/lib\libc.a(lib_a-strcmp.o)
                0x000099b0                strcmp
 .text          0x00009a6c       0x74 d:/fpga/nios2eds/bin/gnu/h-i686-mingw32/bin/../lib/gcc/nios2-elf/4.1.2/../../../../nios2-elf/lib\libc.a(lib_a-strlen.o)
                0x00009a6c                strlen
 .text          0x00009ae0       0x78 d:/fpga/nios2eds/bin/gnu/h-i686-mingw32/bin/../lib/gcc/nios2-elf/4.1.2/../../../../nios2-elf/lib\libc.a(lib_a-writer.o)
                0x00009ae0                _write_r
 .text          0x00009b58       0xb4 d:/fpga/nios2eds/bin/gnu/h-i686-mingw32/bin/../lib/gcc/nios2-elf/4.1.2/../../../../nios2-elf/lib\libc.a(lib_a-callocr.o)
                0x00009b58                _calloc_r
 .text          0x00009c0c       0x70 d:/fpga/nios2eds/bin/gnu/h-i686-mingw32/bin/../lib/gcc/nios2-elf/4.1.2/../../../../nios2-elf/lib\libc.a(lib_a-closer.o)
                0x00009c0c                _close_r
 .text          0x00009c7c      0x124 d:/fpga/nios2eds/bin/gnu/h-i686-mingw32/bin/../lib/gcc/nios2-elf/4.1.2/../../../../nios2-elf/lib\libc.a(lib_a-fclose.o)
                0x00009c7c                _fclose_r
                0x00009d8c                fclose
 .text          0x00009da0       0x74 d:/fpga/nios2eds/bin/gnu/h-i686-mingw32/bin/../lib/gcc/nios2-elf/4.1.2/../../../../nios2-elf/lib\libc.a(lib_a-fstatr.o)
                0x00009da0                _fstat_r
 .text          0x00009e14        0x0 d:/fpga/nios2eds/bin/gnu/h-i686-mingw32/bin/../lib/gcc/nios2-elf/4.1.2/../../../../nios2-elf/lib\libc.a(lib_a-int_errno.o)
 .text          0x00009e14       0x70 d:/fpga/nios2eds/bin/gnu/h-i686-mingw32/bin/../lib/gcc/nios2-elf/4.1.2/../../../../nios2-elf/lib\libc.a(lib_a-isattyr.o)
                0x00009e14                _isatty_r
 .text          0x00009e84       0x78 d:/fpga/nios2eds/bin/gnu/h-i686-mingw32/bin/../lib/gcc/nios2-elf/4.1.2/../../../../nios2-elf/lib\libc.a(lib_a-lseekr.o)
                0x00009e84                _lseek_r
 .text          0x00009efc       0x78 d:/fpga/nios2eds/bin/gnu/h-i686-mingw32/bin/../lib/gcc/nios2-elf/4.1.2/../../../../nios2-elf/lib\libc.a(lib_a-readr.o)
                0x00009efc                _read_r
 .text          0x00009f74      0x5dc d:/fpga/nios2eds/bin/gnu/h-i686-mingw32/bin/../lib/gcc/nios2-elf/4.1.2\libgcc.a(_udivdi3.o)
                0x00009f74                __udivdi3
 .text          0x0000a550      0x5b0 d:/fpga/nios2eds/bin/gnu/h-i686-mingw32/bin/../lib/gcc/nios2-elf/4.1.2\libgcc.a(_umoddi3.o)
                0x0000a550                __umoddi3
 .text          0x0000ab00      0x504 d:/fpga/nios2eds/bin/gnu/h-i686-mingw32/bin/../lib/gcc/nios2-elf/4.1.2\libgcc.a(_addsub_df.o)
                0x0000af10                __subdf3
                0x0000af90                __adddf3
 .text          0x0000b004      0x3c4 d:/fpga/nios2eds/bin/gnu/h-i686-mingw32/bin/../lib/gcc/nios2-elf/4.1.2\libgcc.a(_mul_df.o)
                0x0000b004                __muldf3
 .text          0x0000b3c8      0x258 d:/fpga/nios2eds/bin/gnu/h-i686-mingw32/bin/../lib/gcc/nios2-elf/4.1.2\libgcc.a(_div_df.o)
                0x0000b3c8                __divdf3
 .text          0x0000b620       0x88 d:/fpga/nios2eds/bin/gnu/h-i686-mingw32/bin/../lib/gcc/nios2-elf/4.1.2\libgcc.a(_eq_df.o)
                0x0000b620                __eqdf2
 .text          0x0000b6a8       0x88 d:/fpga/nios2eds/bin/gnu/h-i686-mingw32/bin/../lib/gcc/nios2-elf/4.1.2\libgcc.a(_ne_df.o)
                0x0000b6a8                __nedf2
 .text          0x0000b730       0x88 d:/fpga/nios2eds/bin/gnu/h-i686-mingw32/bin/../lib/gcc/nios2-elf/4.1.2\libgcc.a(_gt_df.o)
                0x0000b730                __gtdf2
 .text          0x0000b7b8       0x88 d:/fpga/nios2eds/bin/gnu/h-i686-mingw32/bin/../lib/gcc/nios2-elf/4.1.2\libgcc.a(_ge_df.o)
                0x0000b7b8                __gedf2
 .text          0x0000b840       0x88 d:/fpga/nios2eds/bin/gnu/h-i686-mingw32/bin/../lib/gcc/nios2-elf/4.1.2\libgcc.a(_lt_df.o)
                0x0000b840                __ltdf2
 .text          0x0000b8c8       0xf8 d:/fpga/nios2eds/bin/gnu/h-i686-mingw32/bin/../lib/gcc/nios2-elf/4.1.2\libgcc.a(_si_to_df.o)
                0x0000b8c8                __floatsidf
 .text          0x0000b9c0       0xd8 d:/fpga/nios2eds/bin/gnu/h-i686-mingw32/bin/../lib/gcc/nios2-elf/4.1.2\libgcc.a(_df_to_si.o)
                0x0000b9c0                __fixdfsi
 .text          0x0000ba98        0x0 d:/fpga/nios2eds/bin/gnu/h-i686-mingw32/bin/../lib/gcc/nios2-elf/4.1.2\libgcc.a(_thenan_df.o)
 .text          0x0000ba98      0x194 d:/fpga/nios2eds/bin/gnu/h-i686-mingw32/bin/../lib/gcc/nios2-elf/4.1.2\libgcc.a(_usi_to_df.o)
                0x0000ba98                __floatunsidf
 .text          0x0000bc2c      0x14c d:/fpga/nios2eds/bin/gnu/h-i686-mingw32/bin/../lib/gcc/nios2-elf/4.1.2\libgcc.a(lib2-divmod.o)
                0x0000bca8                __divsi3
                0x0000bd08                __modsi3
                0x0000bd68                __udivsi3
                0x0000bd70                __umodsi3
 .text          0x0000bd78       0x98 d:/fpga/nios2eds/bin/gnu/h-i686-mingw32/bin/../lib/gcc/nios2-elf/4.1.2\libgcc.a(_muldi3.o)
                0x0000bd78                __muldi3
 .text          0x0000be10      0x138 d:/fpga/nios2eds/bin/gnu/h-i686-mingw32/bin/../lib/gcc/nios2-elf/4.1.2\libgcc.a(_unpack_df.o)
                0x0000be10                __unpack_d
 .text          0x0000bf48       0xc8 d:/fpga/nios2eds/bin/gnu/h-i686-mingw32/bin/../lib/gcc/nios2-elf/4.1.2\libgcc.a(_fpcmp_parts_df.o)
                0x0000bf48                __fpcmp_parts_d
 .text          0x0000c010      0x15c ../Hardware_Denoise_bsp/\libhal_bsp.a(alt_close.o)
                0x0000c010                close
 .text          0x0000c16c       0x2c ../Hardware_Denoise_bsp/\libhal_bsp.a(alt_dev.o)
 .text          0x0000c198        0x0 ../Hardware_Denoise_bsp/\libhal_bsp.a(alt_errno.o)
 .text          0x0000c198      0x134 ../Hardware_Denoise_bsp/\libhal_bsp.a(alt_fstat.o)
                0x0000c198                fstat
 .text          0x0000c2cc      0x1c0 ../Hardware_Denoise_bsp/\libhal_bsp.a(alt_irq_register.o)
                0x0000c2cc                alt_irq_register
 .text          0x0000c48c        0x0 ../Hardware_Denoise_bsp/\libhal_bsp.a(alt_irq_vars.o)
 .text          0x0000c48c      0x120 ../Hardware_Denoise_bsp/\libhal_bsp.a(alt_isatty.o)
                0x0000c48c                isatty
 .text          0x0000c5ac       0xec ../Hardware_Denoise_bsp/\libhal_bsp.a(alt_load.o)
                0x0000c5ac                alt_load
 .text          0x0000c698      0x150 ../Hardware_Denoise_bsp/\libhal_bsp.a(alt_lseek.o)
                0x0000c698                lseek
 .text          0x0000c7e8       0x6c ../Hardware_Denoise_bsp/\libhal_bsp.a(alt_main.o)
                0x0000c7e8                alt_main
 .text          0x0000c854       0x40 ../Hardware_Denoise_bsp/\libhal_bsp.a(alt_malloc_lock.o)
                0x0000c854                __malloc_lock
                0x0000c874                __malloc_unlock
 .text          0x0000c894      0x258 ../Hardware_Denoise_bsp/\libhal_bsp.a(alt_printf.o)
                0x0000c894                alt_printf
 .text          0x0000caec       0x40 ../Hardware_Denoise_bsp/\libhal_bsp.a(alt_putchar.o)
                0x0000caec                alt_putchar
 .text          0x0000cb2c      0x180 ../Hardware_Denoise_bsp/\libhal_bsp.a(alt_read.o)
                0x0000cb2c                read
 .text          0x0000ccac       0x60 ../Hardware_Denoise_bsp/\libhal_bsp.a(alt_release_fd.o)
                0x0000ccac                alt_release_fd
 .text          0x0000cd0c       0xbc ../Hardware_Denoise_bsp/\libhal_bsp.a(alt_sbrk.o)
                0x0000cd0c                sbrk
 .text          0x0000cdc8      0x180 ../Hardware_Denoise_bsp/\libhal_bsp.a(alt_write.o)
                0x0000cdc8                write
 .text          0x0000cf48      0x47c ../Hardware_Denoise_bsp/\libhal_bsp.a(alt_sys_init.o)
                0x0000cf48                alt_irq_init
                0x0000cf7c                alt_sys_init
 .text          0x0000d3c4      0x148 ../Hardware_Denoise_bsp/\libhal_bsp.a(altera_avalon_jtag_uart_fd.o)
                0x0000d3c4                altera_avalon_jtag_uart_read_fd
                0x0000d41c                altera_avalon_jtag_uart_write_fd
                0x0000d474                altera_avalon_jtag_uart_close_fd
                0x0000d4bc                altera_avalon_jtag_uart_ioctl_fd
 .text          0x0000d50c      0x408 ../Hardware_Denoise_bsp/\libhal_bsp.a(altera_avalon_jtag_uart_init.o)
                0x0000d50c                altera_avalon_jtag_uart_init
                0x0000d8a0                altera_avalon_jtag_uart_close
 .text          0x0000d914       0xf4 ../Hardware_Denoise_bsp/\libhal_bsp.a(altera_avalon_jtag_uart_ioctl.o)
                0x0000d914                altera_avalon_jtag_uart_ioctl
 .text          0x0000da08      0x224 ../Hardware_Denoise_bsp/\libhal_bsp.a(altera_avalon_jtag_uart_read.o)
                0x0000da08                altera_avalon_jtag_uart_read
 .text          0x0000dc2c      0x240 ../Hardware_Denoise_bsp/\libhal_bsp.a(altera_avalon_jtag_uart_write.o)
                0x0000dc2c                altera_avalon_jtag_uart_write
 .text          0x0000de6c      0x168 ../Hardware_Denoise_bsp/\libhal_bsp.a(altera_avalon_timer_ts.o)
                0x0000de6c                alt_timestamp_start
                0x0000df10                alt_timestamp
                0x0000dfac                alt_timestamp_freq
 .text          0x0000dfd4        0x0 ../Hardware_Denoise_bsp/\libhal_bsp.a(altera_avalon_timer_vars.o)
 .text          0x0000dfd4      0x80c ../Hardware_Denoise_bsp/\libhal_bsp.a(altera_up_avalon_audio.o)
                0x0000dfd4                alt_up_audio_open_dev
                0x0000e014                alt_up_audio_enable_read_interrupt
                0x0000e060                alt_up_audio_disable_read_interrupt
                0x0000e0b0                alt_up_audio_enable_write_interrupt
                0x0000e0fc                alt_up_audio_disable_write_interrupt
                0x0000e14c                alt_up_audio_read_interrupt_pending
                0x0000e188                alt_up_audio_write_interrupt_pending
                0x0000e1c4                alt_up_audio_reset_audio_core
                0x0000e24c                alt_up_audio_read_fifo_avail
                0x0000e2bc                alt_up_audio_record_r
                0x0000e32c                alt_up_audio_record_l
                0x0000e39c                alt_up_audio_write_fifo_space
                0x0000e410                alt_up_audio_play_r
                0x0000e480                alt_up_audio_play_l
                0x0000e4f0                alt_up_audio_read_fifo
                0x0000e5f4                alt_up_audio_write_fifo
                0x0000e720                alt_up_audio_read_fifo_head
                0x0000e780                alt_up_audio_write_fifo_head
 .text          0x0000e7e0      0x530 ../Hardware_Denoise_bsp/\libhal_bsp.a(altera_up_avalon_character_lcd.o)
                0x0000e7e0                get_DDRAM_addr
                0x0000e85c                alt_up_character_lcd_send_cmd
                0x0000e890                alt_up_character_lcd_init
                0x0000e8c4                alt_up_character_lcd_open_dev
                0x0000e904                alt_up_character_lcd_write
                0x0000e97c                alt_up_character_lcd_string
                0x0000e9f4                alt_up_character_lcd_write_fd
                0x0000ea40                alt_up_character_lcd_set_cursor_pos
                0x0000eab8                alt_up_character_lcd_shift_cursor
                0x0000eb68                alt_up_character_lcd_shift_display
                0x0000ec18                alt_up_character_lcd_erase_pos
                0x0000eca8                alt_up_character_lcd_cursor_off
                0x0000ecdc                alt_up_character_lcd_cursor_blink_on
 .text          0x0000ed10      0x150 ../Hardware_Denoise_bsp/\libhal_bsp.a(altera_up_avalon_ethernet.o)
                0x0000ed10                alt_up_ethernet_init
                0x0000ee20                alt_up_ethernet_open_dev
 .text          0x0000ee60      0x238 ../Hardware_Denoise_bsp/\libhal_bsp.a(altera_up_avalon_ethernet_low_level_driver.o)
                0x0000ee60                alt_up_ethernet_reg_read
                0x0000ee9c                alt_up_ethernet_reg_write
                0x0000eee0                alt_up_ethernet_phy_reg_read
                0x0000efc0                alt_up_ethernet_phy_reg_write
 .text          0x0000f098      0x394 ../Hardware_Denoise_bsp/\libhal_bsp.a(altera_up_avalon_irda.o)
                0x0000f098                alt_up_irda_enable_read_interrupt
                0x0000f0ec                alt_up_irda_disable_read_interrupt
                0x0000f144                alt_up_irda_get_used_space_in_read_FIFO
                0x0000f180                alt_up_irda_get_available_space_in_write_FIFO
                0x0000f1c0                alt_up_irda_check_parity
                0x0000f210                alt_up_irda_write_data
                0x0000f258                alt_up_irda_read_data
                0x0000f2cc                alt_up_irda_read_fd
                0x0000f35c                alt_up_irda_write_fd
                0x0000f3ec                alt_up_irda_open_dev
 .text          0x0000f42c       0x40 ../Hardware_Denoise_bsp/\libhal_bsp.a(altera_up_avalon_parallel_port.o)
                0x0000f42c                alt_up_parallel_port_open_dev
 .text          0x0000f46c      0x700 ../Hardware_Denoise_bsp/\libhal_bsp.a(altera_up_avalon_ps2.o)
                0x0000f46c                read_RI_bit
                0x0000f4a0                read_RE_bit
                0x0000f4d0                read_CE_bit
                0x0000f504                read_num_bytes_available
                0x0000f538                read_data_valid
                0x0000f56c                read_data_byte
                0x0000f598                alt_up_ps2_init
                0x0000f664                alt_up_ps2_enable_read_interrupt
                0x0000f6b8                alt_up_ps2_disable_read_interrupt
                0x0000f710                alt_up_ps2_write_data_byte
                0x0000f788                alt_up_ps2_wait_for_ack
                0x0000f7f8                alt_up_ps2_write_data_byte_with_ack
                0x0000f864                alt_up_ps2_read_data_byte_timeout
                0x0000f914                alt_up_ps2_read_data_byte
                0x0000f990                alt_up_ps2_clear_fifo
                0x0000f9e8                alt_up_ps2_read_fd
                0x0000fa84                alt_up_ps2_write_fd
                0x0000fb2c                alt_up_ps2_open_dev
 .text          0x0000fb6c      0x398 ../Hardware_Denoise_bsp/\libhal_bsp.a(altera_up_avalon_rs232.o)
                0x0000fb6c                alt_up_rs232_enable_read_interrupt
                0x0000fbc0                alt_up_rs232_disable_read_interrupt
                0x0000fc18                alt_up_rs232_get_used_space_in_read_FIFO
                0x0000fc54                alt_up_rs232_get_available_space_in_write_FIFO
                0x0000fc94                alt_up_rs232_check_parity
                0x0000fce4                alt_up_rs232_write_data
                0x0000fd2c                alt_up_rs232_read_data
                0x0000fda0                alt_up_rs232_read_fd
                0x0000fe30                alt_up_rs232_write_fd
                0x0000fec4                alt_up_rs232_open_dev
 .text          0x0000ff04      0x304 ../Hardware_Denoise_bsp/\libhal_bsp.a(altera_up_avalon_video_character_buffer_with_dma.o)
                0x0000ff04                alt_up_char_buffer_init
                0x0000ff88                alt_up_char_buffer_open_dev
                0x0000ffc8                alt_up_char_buffer_draw
                0x00010098                alt_up_char_buffer_string
                0x000101ac                alt_up_char_buffer_clear
 .text          0x00010208     0x156c ../Hardware_Denoise_bsp/\libhal_bsp.a(altera_up_avalon_video_pixel_buffer_dma.o)
                0x00010208                alt_up_pixel_buffer_dma_open_dev
                0x00010248                alt_up_pixel_buffer_dma_draw
                0x000103e8                alt_up_pixel_buffer_dma_change_back_buffer_address
                0x00010440                alt_up_pixel_buffer_dma_swap_buffers
                0x00010498                alt_up_pixel_buffer_dma_check_swap_buffers_status
                0x000104cc                alt_up_pixel_buffer_dma_clear_screen
                0x00010630                alt_up_pixel_buffer_dma_draw_box
                0x00010b24                alt_up_pixel_buffer_dma_draw_hline
                0x00010e74                alt_up_pixel_buffer_dma_draw_vline
                0x00011244                alt_up_pixel_buffer_dma_draw_rectangle
                0x00011308                helper_plot_pixel
                0x000113d8                alt_up_pixel_buffer_dma_draw_line
 .text          0x00011774      0x154 ../Hardware_Denoise_bsp/\libhal_bsp.a(alt_alarm_start.o)
                0x00011774                alt_alarm_start
 .text          0x000118c8       0x1c ../Hardware_Denoise_bsp/\libhal_bsp.a(alt_dcache_flush_all.o)
                0x000118c8                alt_dcache_flush_all
 .text          0x000118e4      0x114 ../Hardware_Denoise_bsp/\libhal_bsp.a(alt_dev_llist_insert.o)
                0x000118e4                alt_dev_llist_insert
 .text          0x000119f8       0x64 ../Hardware_Denoise_bsp/\libhal_bsp.a(alt_do_ctors.o)
                0x000119f8                _do_ctors
 .text          0x00011a5c       0x64 ../Hardware_Denoise_bsp/\libhal_bsp.a(alt_do_dtors.o)
                0x00011a5c                _do_dtors
 .text          0x00011ac0       0x94 ../Hardware_Denoise_bsp/\libhal_bsp.a(alt_find_dev.o)
                0x00011ac0                alt_find_dev
 .text          0x00011b54       0x30 ../Hardware_Denoise_bsp/\libhal_bsp.a(alt_icache_flush_all.o)
                0x00011b54                alt_icache_flush_all
 .text          0x00011b84      0x13c ../Hardware_Denoise_bsp/\libhal_bsp.a(alt_io_redirect.o)
                0x00011c48                alt_io_redirect
 .text          0x00011cc0        0x0 ../Hardware_Denoise_bsp/\libhal_bsp.a(alt_irq_entry.o)
 .text          0x00011cc0        0x0 ../Hardware_Denoise_bsp/\libhal_bsp.a(alt_irq_handler.o)
 .text          0x00011cc0      0x2c4 ../Hardware_Denoise_bsp/\libhal_bsp.a(alt_open.o)
                0x00011d9c                open
 .text          0x00011f84      0x1a4 ../Hardware_Denoise_bsp/\libhal_bsp.a(alt_tick.o)
                0x00011f84                alt_alarm_stop
                0x0001201c                alt_tick
 .text          0x00012128       0x30 ../Hardware_Denoise_bsp/\libhal_bsp.a(alt_usleep.o)
                0x00012128                usleep
 .text          0x00012158       0x20 ../Hardware_Denoise_bsp/\libhal_bsp.a(altera_nios2_qsys_irq.o)
                0x00012158                altera_nios2_qsys_irq_init
 .text          0x00012178      0x12c ../Hardware_Denoise_bsp/\libhal_bsp.a(alt_busy_sleep.o)
                0x00012178                alt_busy_sleep
 .text          0x000122a4        0x0 ../Hardware_Denoise_bsp/\libhal_bsp.a(alt_exception_entry.o)
 .text          0x000122a4      0x120 ../Hardware_Denoise_bsp/\libhal_bsp.a(alt_find_file.o)
                0x000122a4                alt_find_file
 .text          0x000123c4       0xb8 ../Hardware_Denoise_bsp/\libhal_bsp.a(alt_get_fd.o)
                0x000123c4                alt_get_fd
 .text          0x0001247c       0x90 ../Hardware_Denoise_bsp/\libhal_bsp.a(alt_icache_flush.o)
                0x0001247c                alt_icache_flush
 .text          0x0001250c       0x14 d:/fpga/nios2eds/bin/gnu/h-i686-mingw32/bin/../lib/gcc/nios2-elf/4.1.2/../../../../nios2-elf/lib\libc.a(lib_a-atexit.o)
                0x0001250c                atexit
 .text          0x00012520       0x38 d:/fpga/nios2eds/bin/gnu/h-i686-mingw32/bin/../lib/gcc/nios2-elf/4.1.2/../../../../nios2-elf/lib\libc.a(lib_a-exit.o)
                0x00012520                exit
 .text          0x00012558       0x74 d:/fpga/nios2eds/bin/gnu/h-i686-mingw32/bin/../lib/gcc/nios2-elf/4.1.2/../../../../nios2-elf/lib\libc.a(lib_a-memcmp.o)
                0x00012558                memcmp
 .text          0x000125cc      0x1ec d:/fpga/nios2eds/bin/gnu/h-i686-mingw32/bin/../lib/gcc/nios2-elf/4.1.2/../../../../nios2-elf/lib\libc.a(lib_a-putc.o)
                0x000125cc                putc
                0x000126d0                _putc_r
 .text          0x000127b8      0x14c d:/fpga/nios2eds/bin/gnu/h-i686-mingw32/bin/../lib/gcc/nios2-elf/4.1.2/../../../../nios2-elf/lib\libc.a(lib_a-wbuf.o)
                0x000127b8                __swbuf_r
                0x000128e8                __swbuf
 .text          0x00012904      0x134 d:/fpga/nios2eds/bin/gnu/h-i686-mingw32/bin/../lib/gcc/nios2-elf/4.1.2/../../../../nios2-elf/lib\libc.a(lib_a-__atexit.o)
                0x00012904                __register_exitproc
 .text          0x00012a38      0x1b4 d:/fpga/nios2eds/bin/gnu/h-i686-mingw32/bin/../lib/gcc/nios2-elf/4.1.2/../../../../nios2-elf/lib\libc.a(lib_a-__call_atexit.o)
                0x00012a3c                __call_exitprocs
 .text          0x00012bec       0x60 ../Hardware_Denoise_bsp/\libhal_bsp.a(alt_exit.o)
                0x00012c2c                _exit
 *(.gnu.warning.*)
 *(.fini)
                0x00012c4c                PROVIDE (__etext, ABSOLUTE (.))
                0x00012c4c                PROVIDE (_etext, ABSOLUTE (.))
                0x00012c4c                PROVIDE (etext, ABSOLUTE (.))
 *(.eh_frame_hdr)
                0x00012c4c                . = ALIGN (0x4)
                0x00012c4c                PROVIDE (__preinit_array_start, ABSOLUTE (.))
 *(.preinit_array)
                0x00012c4c                PROVIDE (__preinit_array_end, ABSOLUTE (.))
                0x00012c4c                PROVIDE (__init_array_start, ABSOLUTE (.))
 *(.init_array)
                0x00012c4c                PROVIDE (__init_array_end, ABSOLUTE (.))
                0x00012c4c                PROVIDE (__fini_array_start, ABSOLUTE (.))
 *(.fini_array)
                0x00012c4c                PROVIDE (__fini_array_end, ABSOLUTE (.))
 *(.eh_frame)
 *(.gcc_except_table)
 *(.dynamic)
                0x00012c4c                PROVIDE (__CTOR_LIST__, ABSOLUTE (.))
 *(.ctors)
 *(SORT(.ctors.*))
 .ctors.65535   0x00012c4c        0x4 d:/fpga/nios2eds/bin/gnu/h-i686-mingw32/bin/../lib/gcc/nios2-elf/4.1.2/../../../../nios2-elf/lib\libc.a(lib_a-__call_atexit.o)
                0x00012c50                PROVIDE (__CTOR_END__, ABSOLUTE (.))
                0x00012c50                PROVIDE (__DTOR_LIST__, ABSOLUTE (.))
 *(.dtors)
 *(SORT(.dtors.*))
                0x00012c50                PROVIDE (__DTOR_END__, ABSOLUTE (.))
 *(.jcr)
                0x00012c50                . = ALIGN (0x4)

.rodata         0x00012c50      0x890
                0x00012c50                PROVIDE (__ram_rodata_start, ABSOLUTE (.))
                0x00012c50                . = ALIGN (0x4)
 *(.rodata .rodata.* .gnu.linkonce.r.*)
 .rodata        0x00012c50       0x10 obj/default/audio_ISR.o
 .rodata        0x00012c60      0x3c0 obj/default/media_interrupt_HAL.o
 .rodata        0x00013020      0x100 d:/fpga/nios2eds/bin/gnu/h-i686-mingw32/bin/../lib/gcc/nios2-elf/4.1.2\libgcc.a(_clz.o)
                0x00013020                __clz_tab
 .rodata.str1.4
                0x00013120       0x5e d:/fpga/nios2eds/bin/gnu/h-i686-mingw32/bin/../lib/gcc/nios2-elf/4.1.2/../../../../nios2-elf/lib\libc.a(lib_a-vfprintf.o)
                                 0x60 (size before relaxing)
 .rodata        0x0001317e       0x20 d:/fpga/nios2eds/bin/gnu/h-i686-mingw32/bin/../lib/gcc/nios2-elf/4.1.2/../../../../nios2-elf/lib\libc.a(lib_a-vfprintf.o)
 *fill*         0x0001319e        0x2 00
 .rodata.str1.4
                0x000131a0       0x10 d:/fpga/nios2eds/bin/gnu/h-i686-mingw32/bin/../lib/gcc/nios2-elf/4.1.2/../../../../nios2-elf/lib\libc.a(lib_a-dtoa.o)
                                 0x14 (size before relaxing)
 .rodata.str1.4
                0x000131b0        0x2 d:/fpga/nios2eds/bin/gnu/h-i686-mingw32/bin/../lib/gcc/nios2-elf/4.1.2/../../../../nios2-elf/lib\libc.a(lib_a-impure.o)
                                  0x4 (size before relaxing)
 *fill*         0x000131b2        0x2 00
 .rodata.str1.4
                0x000131b4       0x10 d:/fpga/nios2eds/bin/gnu/h-i686-mingw32/bin/../lib/gcc/nios2-elf/4.1.2/../../../../nios2-elf/lib\libc.a(lib_a-locale.o)
                                 0x18 (size before relaxing)
 .rodata        0x000131c4       0x30 d:/fpga/nios2eds/bin/gnu/h-i686-mingw32/bin/../lib/gcc/nios2-elf/4.1.2/../../../../nios2-elf/lib\libc.a(lib_a-locale.o)
 .rodata        0x000131f4      0x124 d:/fpga/nios2eds/bin/gnu/h-i686-mingw32/bin/../lib/gcc/nios2-elf/4.1.2/../../../../nios2-elf/lib\libc.a(lib_a-mprec.o)
                0x000131f4                __mprec_tens
                0x000132bc                __mprec_bigtens
                0x000132e4                __mprec_tinytens
 .rodata        0x00013318       0x14 d:/fpga/nios2eds/bin/gnu/h-i686-mingw32/bin/../lib/gcc/nios2-elf/4.1.2\libgcc.a(_thenan_df.o)
                0x00013318                __thenan_df
 .rodata        0x0001332c        0xc ../Hardware_Denoise_bsp/\libhal_bsp.a(alt_dev.o)
 .rodata        0x00013338       0x10 ../Hardware_Denoise_bsp/\libhal_bsp.a(alt_main.o)
 .rodata        0x00013348      0x17c ../Hardware_Denoise_bsp/\libhal_bsp.a(alt_sys_init.o)
 .rodata        0x000134c4       0x1c ../Hardware_Denoise_bsp/\libhal_bsp.a(altera_up_avalon_video_character_buffer_with_dma.o)
 *(.rodata1)
                0x000134e0                . = ALIGN (0x4)
                0x000134e0                PROVIDE (__ram_rodata_end, ABSOLUTE (.))
                0x00012c50                PROVIDE (__flash_rodata_start, LOADADDR (.rodata))

.rwdata         0x000134e0     0x1f14 load address 0x000153f4
                0x000134e0                PROVIDE (__ram_rwdata_start, ABSOLUTE (.))
                0x000134e0                . = ALIGN (0x4)
 *(.got.plt)
 *(.got)
 *(.data1)
 *(.data .data.* .gnu.linkonce.d.*)
 .data          0x000134e0        0x0 ../Hardware_Denoise_bsp//obj/HAL/src/crt0.o
 .data          0x000134e0        0x0 obj/default/PS2_ISR.o
 .data          0x000134e0        0x0 obj/default/audio_ISR.o
 .data          0x000134e0        0x0 obj/default/globals.o
 .data          0x000134e0        0x0 obj/default/interval_timer_ISR.o
 .data          0x000134e0      0x100 obj/default/media_interrupt_HAL.o
                0x000134e0                denoise_filter_coefficients
 .data          0x000135e0        0x0 obj/default/pushbutton_ISR.o
 .data          0x000135e0        0x0 d:/fpga/nios2eds/bin/gnu/h-i686-mingw32/bin/../lib/gcc/nios2-elf/4.1.2\libgcc.a(_si_to_sf.o)
 .data          0x000135e0        0x0 d:/fpga/nios2eds/bin/gnu/h-i686-mingw32/bin/../lib/gcc/nios2-elf/4.1.2\libgcc.a(_sf_to_si.o)
 .data          0x000135e0        0x0 d:/fpga/nios2eds/bin/gnu/h-i686-mingw32/bin/../lib/gcc/nios2-elf/4.1.2\libgcc.a(_sf_to_df.o)
 .data          0x000135e0        0x0 d:/fpga/nios2eds/bin/gnu/h-i686-mingw32/bin/../lib/gcc/nios2-elf/4.1.2\libgcc.a(_usi_to_sf.o)
 .data          0x000135e0        0x0 d:/fpga/nios2eds/bin/gnu/h-i686-mingw32/bin/../lib/gcc/nios2-elf/4.1.2\libgcc.a(_make_df.o)
 .data          0x000135e0        0x0 d:/fpga/nios2eds/bin/gnu/h-i686-mingw32/bin/../lib/gcc/nios2-elf/4.1.2\libgcc.a(_clzsi2.o)
 .data          0x000135e0        0x0 d:/fpga/nios2eds/bin/gnu/h-i686-mingw32/bin/../lib/gcc/nios2-elf/4.1.2\libgcc.a(_pack_sf.o)
 .data          0x000135e0        0x0 d:/fpga/nios2eds/bin/gnu/h-i686-mingw32/bin/../lib/gcc/nios2-elf/4.1.2\libgcc.a(_unpack_sf.o)
 .data          0x000135e0        0x0 d:/fpga/nios2eds/bin/gnu/h-i686-mingw32/bin/../lib/gcc/nios2-elf/4.1.2\libgcc.a(_pack_df.o)
 .data          0x000135e0        0x0 d:/fpga/nios2eds/bin/gnu/h-i686-mingw32/bin/../lib/gcc/nios2-elf/4.1.2\libgcc.a(_clz.o)
 .data          0x000135e0        0x0 d:/fpga/nios2eds/bin/gnu/h-i686-mingw32/bin/../lib/gcc/nios2-elf/4.1.2/../../../../nios2-elf/lib\libc.a(lib_a-memcpy.o)
 .data          0x000135e0        0x0 d:/fpga/nios2eds/bin/gnu/h-i686-mingw32/bin/../lib/gcc/nios2-elf/4.1.2/../../../../nios2-elf/lib\libc.a(lib_a-memset.o)
 .data          0x000135e0        0x0 d:/fpga/nios2eds/bin/gnu/h-i686-mingw32/bin/../lib/gcc/nios2-elf/4.1.2/../../../../nios2-elf/lib\libc.a(lib_a-printf.o)
 .data          0x000135e0        0x0 d:/fpga/nios2eds/bin/gnu/h-i686-mingw32/bin/../lib/gcc/nios2-elf/4.1.2/../../../../nios2-elf/lib\libc.a(lib_a-vfprintf.o)
 .data          0x000135e0        0x0 d:/fpga/nios2eds/bin/gnu/h-i686-mingw32/bin/../lib/gcc/nios2-elf/4.1.2/../../../../nios2-elf/lib\libc.a(lib_a-wsetup.o)
 .data          0x000135e0        0x0 d:/fpga/nios2eds/bin/gnu/h-i686-mingw32/bin/../lib/gcc/nios2-elf/4.1.2/../../../../nios2-elf/lib\libc.a(lib_a-dtoa.o)
 .data          0x000135e0        0x0 d:/fpga/nios2eds/bin/gnu/h-i686-mingw32/bin/../lib/gcc/nios2-elf/4.1.2/../../../../nios2-elf/lib\libc.a(lib_a-fflush.o)
 .data          0x000135e0        0x0 d:/fpga/nios2eds/bin/gnu/h-i686-mingw32/bin/../lib/gcc/nios2-elf/4.1.2/../../../../nios2-elf/lib\libc.a(lib_a-findfp.o)
 .data          0x000135e0        0x0 d:/fpga/nios2eds/bin/gnu/h-i686-mingw32/bin/../lib/gcc/nios2-elf/4.1.2/../../../../nios2-elf/lib\libc.a(lib_a-freer.o)
 .data          0x000135e0        0x0 d:/fpga/nios2eds/bin/gnu/h-i686-mingw32/bin/../lib/gcc/nios2-elf/4.1.2/../../../../nios2-elf/lib\libc.a(lib_a-fvwrite.o)
 .data          0x000135e0        0x0 d:/fpga/nios2eds/bin/gnu/h-i686-mingw32/bin/../lib/gcc/nios2-elf/4.1.2/../../../../nios2-elf/lib\libc.a(lib_a-fwalk.o)
 .data          0x000135e0      0x400 d:/fpga/nios2eds/bin/gnu/h-i686-mingw32/bin/../lib/gcc/nios2-elf/4.1.2/../../../../nios2-elf/lib\libc.a(lib_a-impure.o)
 .data          0x000139e0        0xc d:/fpga/nios2eds/bin/gnu/h-i686-mingw32/bin/../lib/gcc/nios2-elf/4.1.2/../../../../nios2-elf/lib\libc.a(lib_a-locale.o)
                0x000139e0                __lc_ctype
 .data          0x000139ec        0x0 d:/fpga/nios2eds/bin/gnu/h-i686-mingw32/bin/../lib/gcc/nios2-elf/4.1.2/../../../../nios2-elf/lib\libc.a(lib_a-makebuf.o)
 .data          0x000139ec      0x408 d:/fpga/nios2eds/bin/gnu/h-i686-mingw32/bin/../lib/gcc/nios2-elf/4.1.2/../../../../nios2-elf/lib\libc.a(lib_a-mallocr.o)
                0x000139ec                __malloc_av_
 .data          0x00013df4        0x0 d:/fpga/nios2eds/bin/gnu/h-i686-mingw32/bin/../lib/gcc/nios2-elf/4.1.2/../../../../nios2-elf/lib\libc.a(lib_a-memchr.o)
 .data          0x00013df4        0x0 d:/fpga/nios2eds/bin/gnu/h-i686-mingw32/bin/../lib/gcc/nios2-elf/4.1.2/../../../../nios2-elf/lib\libc.a(lib_a-memmove.o)
 .data          0x00013df4        0x0 d:/fpga/nios2eds/bin/gnu/h-i686-mingw32/bin/../lib/gcc/nios2-elf/4.1.2/../../../../nios2-elf/lib\libc.a(lib_a-mprec.o)
 .data          0x00013df4        0x0 d:/fpga/nios2eds/bin/gnu/h-i686-mingw32/bin/../lib/gcc/nios2-elf/4.1.2/../../../../nios2-elf/lib\libc.a(lib_a-reallocr.o)
 .data          0x00013df4        0x0 d:/fpga/nios2eds/bin/gnu/h-i686-mingw32/bin/../lib/gcc/nios2-elf/4.1.2/../../../../nios2-elf/lib\libc.a(lib_a-s_isinfd.o)
 .data          0x00013df4        0x0 d:/fpga/nios2eds/bin/gnu/h-i686-mingw32/bin/../lib/gcc/nios2-elf/4.1.2/../../../../nios2-elf/lib\libc.a(lib_a-s_isnand.o)
 .data          0x00013df4        0x0 d:/fpga/nios2eds/bin/gnu/h-i686-mingw32/bin/../lib/gcc/nios2-elf/4.1.2/../../../../nios2-elf/lib\libc.a(lib_a-sbrkr.o)
 .data          0x00013df4        0x0 d:/fpga/nios2eds/bin/gnu/h-i686-mingw32/bin/../lib/gcc/nios2-elf/4.1.2/../../../../nios2-elf/lib\libc.a(lib_a-stdio.o)
 .data          0x00013df4        0x0 d:/fpga/nios2eds/bin/gnu/h-i686-mingw32/bin/../lib/gcc/nios2-elf/4.1.2/../../../../nios2-elf/lib\libc.a(lib_a-strcmp.o)
 .data          0x00013df4        0x0 d:/fpga/nios2eds/bin/gnu/h-i686-mingw32/bin/../lib/gcc/nios2-elf/4.1.2/../../../../nios2-elf/lib\libc.a(lib_a-strlen.o)
 .data          0x00013df4        0x0 d:/fpga/nios2eds/bin/gnu/h-i686-mingw32/bin/../lib/gcc/nios2-elf/4.1.2/../../../../nios2-elf/lib\libc.a(lib_a-writer.o)
 .data          0x00013df4        0x0 d:/fpga/nios2eds/bin/gnu/h-i686-mingw32/bin/../lib/gcc/nios2-elf/4.1.2/../../../../nios2-elf/lib\libc.a(lib_a-callocr.o)
 .data          0x00013df4        0x0 d:/fpga/nios2eds/bin/gnu/h-i686-mingw32/bin/../lib/gcc/nios2-elf/4.1.2/../../../../nios2-elf/lib\libc.a(lib_a-closer.o)
 .data          0x00013df4        0x0 d:/fpga/nios2eds/bin/gnu/h-i686-mingw32/bin/../lib/gcc/nios2-elf/4.1.2/../../../../nios2-elf/lib\libc.a(lib_a-fclose.o)
 .data          0x00013df4        0x0 d:/fpga/nios2eds/bin/gnu/h-i686-mingw32/bin/../lib/gcc/nios2-elf/4.1.2/../../../../nios2-elf/lib\libc.a(lib_a-fstatr.o)
 .data          0x00013df4        0x0 d:/fpga/nios2eds/bin/gnu/h-i686-mingw32/bin/../lib/gcc/nios2-elf/4.1.2/../../../../nios2-elf/lib\libc.a(lib_a-int_errno.o)
 .data          0x00013df4        0x0 d:/fpga/nios2eds/bin/gnu/h-i686-mingw32/bin/../lib/gcc/nios2-elf/4.1.2/../../../../nios2-elf/lib\libc.a(lib_a-isattyr.o)
 .data          0x00013df4        0x0 d:/fpga/nios2eds/bin/gnu/h-i686-mingw32/bin/../lib/gcc/nios2-elf/4.1.2/../../../../nios2-elf/lib\libc.a(lib_a-lseekr.o)
 .data          0x00013df4        0x0 d:/fpga/nios2eds/bin/gnu/h-i686-mingw32/bin/../lib/gcc/nios2-elf/4.1.2/../../../../nios2-elf/lib\libc.a(lib_a-readr.o)
 .data          0x00013df4        0x0 d:/fpga/nios2eds/bin/gnu/h-i686-mingw32/bin/../lib/gcc/nios2-elf/4.1.2\libgcc.a(_udivdi3.o)
 .data          0x00013df4        0x0 d:/fpga/nios2eds/bin/gnu/h-i686-mingw32/bin/../lib/gcc/nios2-elf/4.1.2\libgcc.a(_umoddi3.o)
 .data          0x00013df4        0x0 d:/fpga/nios2eds/bin/gnu/h-i686-mingw32/bin/../lib/gcc/nios2-elf/4.1.2\libgcc.a(_addsub_df.o)
 .data          0x00013df4        0x0 d:/fpga/nios2eds/bin/gnu/h-i686-mingw32/bin/../lib/gcc/nios2-elf/4.1.2\libgcc.a(_mul_df.o)
 .data          0x00013df4        0x0 d:/fpga/nios2eds/bin/gnu/h-i686-mingw32/bin/../lib/gcc/nios2-elf/4.1.2\libgcc.a(_div_df.o)
 .data          0x00013df4        0x0 d:/fpga/nios2eds/bin/gnu/h-i686-mingw32/bin/../lib/gcc/nios2-elf/4.1.2\libgcc.a(_eq_df.o)
 .data          0x00013df4        0x0 d:/fpga/nios2eds/bin/gnu/h-i686-mingw32/bin/../lib/gcc/nios2-elf/4.1.2\libgcc.a(_ne_df.o)
 .data          0x00013df4        0x0 d:/fpga/nios2eds/bin/gnu/h-i686-mingw32/bin/../lib/gcc/nios2-elf/4.1.2\libgcc.a(_gt_df.o)
 .data          0x00013df4        0x0 d:/fpga/nios2eds/bin/gnu/h-i686-mingw32/bin/../lib/gcc/nios2-elf/4.1.2\libgcc.a(_ge_df.o)
 .data          0x00013df4        0x0 d:/fpga/nios2eds/bin/gnu/h-i686-mingw32/bin/../lib/gcc/nios2-elf/4.1.2\libgcc.a(_lt_df.o)
 .data          0x00013df4        0x0 d:/fpga/nios2eds/bin/gnu/h-i686-mingw32/bin/../lib/gcc/nios2-elf/4.1.2\libgcc.a(_si_to_df.o)
 .data          0x00013df4        0x0 d:/fpga/nios2eds/bin/gnu/h-i686-mingw32/bin/../lib/gcc/nios2-elf/4.1.2\libgcc.a(_df_to_si.o)
 .data          0x00013df4        0x0 d:/fpga/nios2eds/bin/gnu/h-i686-mingw32/bin/../lib/gcc/nios2-elf/4.1.2\libgcc.a(_thenan_df.o)
 .data          0x00013df4        0x0 d:/fpga/nios2eds/bin/gnu/h-i686-mingw32/bin/../lib/gcc/nios2-elf/4.1.2\libgcc.a(_usi_to_df.o)
 .data          0x00013df4        0x0 d:/fpga/nios2eds/bin/gnu/h-i686-mingw32/bin/../lib/gcc/nios2-elf/4.1.2\libgcc.a(lib2-divmod.o)
 .data          0x00013df4        0x0 d:/fpga/nios2eds/bin/gnu/h-i686-mingw32/bin/../lib/gcc/nios2-elf/4.1.2\libgcc.a(_muldi3.o)
 .data          0x00013df4        0x0 d:/fpga/nios2eds/bin/gnu/h-i686-mingw32/bin/../lib/gcc/nios2-elf/4.1.2\libgcc.a(_unpack_df.o)
 .data          0x00013df4        0x0 d:/fpga/nios2eds/bin/gnu/h-i686-mingw32/bin/../lib/gcc/nios2-elf/4.1.2\libgcc.a(_fpcmp_parts_df.o)
 .data          0x00013df4        0x0 ../Hardware_Denoise_bsp/\libhal_bsp.a(alt_close.o)
 .data          0x00013df4      0x1a8 ../Hardware_Denoise_bsp/\libhal_bsp.a(alt_dev.o)
                0x00013df4                alt_dev_null
                0x00013e1c                alt_fd_list
 .data          0x00013f9c        0x0 ../Hardware_Denoise_bsp/\libhal_bsp.a(alt_errno.o)
 .data          0x00013f9c        0x0 ../Hardware_Denoise_bsp/\libhal_bsp.a(alt_fstat.o)
 .data          0x00013f9c        0x0 ../Hardware_Denoise_bsp/\libhal_bsp.a(alt_irq_register.o)
 .data          0x00013f9c        0x0 ../Hardware_Denoise_bsp/\libhal_bsp.a(alt_irq_vars.o)
 .data          0x00013f9c        0x0 ../Hardware_Denoise_bsp/\libhal_bsp.a(alt_isatty.o)
 .data          0x00013f9c        0x0 ../Hardware_Denoise_bsp/\libhal_bsp.a(alt_load.o)
 .data          0x00013f9c        0x0 ../Hardware_Denoise_bsp/\libhal_bsp.a(alt_lseek.o)
 .data          0x00013f9c        0x0 ../Hardware_Denoise_bsp/\libhal_bsp.a(alt_main.o)
 .data          0x00013f9c        0x0 ../Hardware_Denoise_bsp/\libhal_bsp.a(alt_malloc_lock.o)
 .data          0x00013f9c        0x0 ../Hardware_Denoise_bsp/\libhal_bsp.a(alt_printf.o)
 .data          0x00013f9c        0x0 ../Hardware_Denoise_bsp/\libhal_bsp.a(alt_putchar.o)
 .data          0x00013f9c        0x0 ../Hardware_Denoise_bsp/\libhal_bsp.a(alt_read.o)
 .data          0x00013f9c        0x0 ../Hardware_Denoise_bsp/\libhal_bsp.a(alt_release_fd.o)
 .data          0x00013f9c        0x0 ../Hardware_Denoise_bsp/\libhal_bsp.a(alt_sbrk.o)
 .data          0x00013f9c        0x0 ../Hardware_Denoise_bsp/\libhal_bsp.a(alt_write.o)
 .data          0x00013f9c     0x1414 ../Hardware_Denoise_bsp/\libhal_bsp.a(alt_sys_init.o)
 .data          0x000153b0        0x0 ../Hardware_Denoise_bsp/\libhal_bsp.a(altera_avalon_jtag_uart_fd.o)
 .data          0x000153b0        0x0 ../Hardware_Denoise_bsp/\libhal_bsp.a(altera_avalon_jtag_uart_init.o)
 .data          0x000153b0        0x0 ../Hardware_Denoise_bsp/\libhal_bsp.a(altera_avalon_jtag_uart_ioctl.o)
 .data          0x000153b0        0x0 ../Hardware_Denoise_bsp/\libhal_bsp.a(altera_avalon_jtag_uart_read.o)
 .data          0x000153b0        0x0 ../Hardware_Denoise_bsp/\libhal_bsp.a(altera_avalon_jtag_uart_write.o)
 .data          0x000153b0        0x0 ../Hardware_Denoise_bsp/\libhal_bsp.a(altera_avalon_timer_ts.o)
 .data          0x000153b0        0x0 ../Hardware_Denoise_bsp/\libhal_bsp.a(altera_avalon_timer_vars.o)
 .data          0x000153b0        0x0 ../Hardware_Denoise_bsp/\libhal_bsp.a(altera_up_avalon_audio.o)
 .data          0x000153b0        0x0 ../Hardware_Denoise_bsp/\libhal_bsp.a(altera_up_avalon_character_lcd.o)
 .data          0x000153b0        0x0 ../Hardware_Denoise_bsp/\libhal_bsp.a(altera_up_avalon_ethernet.o)
 .data          0x000153b0        0x0 ../Hardware_Denoise_bsp/\libhal_bsp.a(altera_up_avalon_ethernet_low_level_driver.o)
 .data          0x000153b0        0x0 ../Hardware_Denoise_bsp/\libhal_bsp.a(altera_up_avalon_irda.o)
 .data          0x000153b0        0x0 ../Hardware_Denoise_bsp/\libhal_bsp.a(altera_up_avalon_parallel_port.o)
 .data          0x000153b0        0x0 ../Hardware_Denoise_bsp/\libhal_bsp.a(altera_up_avalon_ps2.o)
 .data          0x000153b0        0x0 ../Hardware_Denoise_bsp/\libhal_bsp.a(altera_up_avalon_rs232.o)
 .data          0x000153b0        0x0 ../Hardware_Denoise_bsp/\libhal_bsp.a(altera_up_avalon_video_character_buffer_with_dma.o)
 .data          0x000153b0        0x0 ../Hardware_Denoise_bsp/\libhal_bsp.a(altera_up_avalon_video_pixel_buffer_dma.o)
 .data          0x000153b0        0x0 ../Hardware_Denoise_bsp/\libhal_bsp.a(alt_alarm_start.o)
 .data          0x000153b0        0x0 ../Hardware_Denoise_bsp/\libhal_bsp.a(alt_dcache_flush_all.o)
 .data          0x000153b0        0x0 ../Hardware_Denoise_bsp/\libhal_bsp.a(alt_dev_llist_insert.o)
 .data          0x000153b0        0x0 ../Hardware_Denoise_bsp/\libhal_bsp.a(alt_do_ctors.o)
 .data          0x000153b0        0x0 ../Hardware_Denoise_bsp/\libhal_bsp.a(alt_do_dtors.o)
 .data          0x000153b0        0x0 ../Hardware_Denoise_bsp/\libhal_bsp.a(alt_find_dev.o)
 .data          0x000153b0        0x0 ../Hardware_Denoise_bsp/\libhal_bsp.a(alt_icache_flush_all.o)
 .data          0x000153b0        0x0 ../Hardware_Denoise_bsp/\libhal_bsp.a(alt_io_redirect.o)
 .data          0x000153b0        0x0 ../Hardware_Denoise_bsp/\libhal_bsp.a(alt_irq_entry.o)
 .data          0x000153b0        0x0 ../Hardware_Denoise_bsp/\libhal_bsp.a(alt_irq_handler.o)
 .data          0x000153b0        0x0 ../Hardware_Denoise_bsp/\libhal_bsp.a(alt_open.o)
 .data          0x000153b0        0x0 ../Hardware_Denoise_bsp/\libhal_bsp.a(alt_tick.o)
 .data          0x000153b0        0x0 ../Hardware_Denoise_bsp/\libhal_bsp.a(alt_usleep.o)
 .data          0x000153b0        0x0 ../Hardware_Denoise_bsp/\libhal_bsp.a(altera_nios2_qsys_irq.o)
 .data          0x000153b0        0x0 ../Hardware_Denoise_bsp/\libhal_bsp.a(alt_busy_sleep.o)
 .data          0x000153b0        0x0 ../Hardware_Denoise_bsp/\libhal_bsp.a(alt_exception_entry.o)
 .data          0x000153b0        0x0 ../Hardware_Denoise_bsp/\libhal_bsp.a(alt_find_file.o)
 .data          0x000153b0        0x0 ../Hardware_Denoise_bsp/\libhal_bsp.a(alt_get_fd.o)
 .data          0x000153b0        0x0 ../Hardware_Denoise_bsp/\libhal_bsp.a(alt_icache_flush.o)
 .data          0x000153b0        0x0 d:/fpga/nios2eds/bin/gnu/h-i686-mingw32/bin/../lib/gcc/nios2-elf/4.1.2/../../../../nios2-elf/lib\libc.a(lib_a-atexit.o)
 .data          0x000153b0        0x0 d:/fpga/nios2eds/bin/gnu/h-i686-mingw32/bin/../lib/gcc/nios2-elf/4.1.2/../../../../nios2-elf/lib\libc.a(lib_a-exit.o)
 .data          0x000153b0        0x0 d:/fpga/nios2eds/bin/gnu/h-i686-mingw32/bin/../lib/gcc/nios2-elf/4.1.2/../../../../nios2-elf/lib\libc.a(lib_a-memcmp.o)
 .data          0x000153b0        0x0 d:/fpga/nios2eds/bin/gnu/h-i686-mingw32/bin/../lib/gcc/nios2-elf/4.1.2/../../../../nios2-elf/lib\libc.a(lib_a-putc.o)
 .data          0x000153b0        0x0 d:/fpga/nios2eds/bin/gnu/h-i686-mingw32/bin/../lib/gcc/nios2-elf/4.1.2/../../../../nios2-elf/lib\libc.a(lib_a-wbuf.o)
 .data          0x000153b0        0x0 d:/fpga/nios2eds/bin/gnu/h-i686-mingw32/bin/../lib/gcc/nios2-elf/4.1.2/../../../../nios2-elf/lib\libc.a(lib_a-__atexit.o)
 .data          0x000153b0        0x0 d:/fpga/nios2eds/bin/gnu/h-i686-mingw32/bin/../lib/gcc/nios2-elf/4.1.2/../../../../nios2-elf/lib\libc.a(lib_a-__call_atexit.o)
 .data          0x000153b0        0x0 ../Hardware_Denoise_bsp/\libhal_bsp.a(alt_exit.o)
                0x0001d3b0                _gp = ABSOLUTE ((. + 0x8000))
                0x0001d3b0                PROVIDE (gp, _gp)
 *(.rwdata .rwdata.*)
 *(.sdata .sdata.* .gnu.linkonce.s.*)
 .sdata         0x000153b0        0x4 obj/default/media_interrupt_HAL.o
                0x000153b0                number_of_coefficients
 .sdata         0x000153b4        0x8 d:/fpga/nios2eds/bin/gnu/h-i686-mingw32/bin/../lib/gcc/nios2-elf/4.1.2/../../../../nios2-elf/lib\libc.a(lib_a-impure.o)
                0x000153b4                _impure_ptr
                0x000153b8                _global_impure_ptr
 .sdata         0x000153bc        0x8 d:/fpga/nios2eds/bin/gnu/h-i686-mingw32/bin/../lib/gcc/nios2-elf/4.1.2/../../../../nios2-elf/lib\libc.a(lib_a-locale.o)
                0x000153bc                __mb_cur_max
 .sdata         0x000153c4        0x8 d:/fpga/nios2eds/bin/gnu/h-i686-mingw32/bin/../lib/gcc/nios2-elf/4.1.2/../../../../nios2-elf/lib\libc.a(lib_a-mallocr.o)
                0x000153c4                __malloc_trim_threshold
                0x000153c8                __malloc_sbrk_base
 .sdata         0x000153cc       0x14 ../Hardware_Denoise_bsp/\libhal_bsp.a(alt_dev.o)
                0x000153cc                alt_fs_list
                0x000153d4                alt_dev_list
                0x000153dc                alt_max_fd
 .sdata         0x000153e0        0x4 ../Hardware_Denoise_bsp/\libhal_bsp.a(alt_errno.o)
                0x000153e0                alt_errno
 .sdata         0x000153e4        0x4 ../Hardware_Denoise_bsp/\libhal_bsp.a(alt_irq_vars.o)
                0x000153e4                alt_priority_mask
 .sdata         0x000153e8        0x4 ../Hardware_Denoise_bsp/\libhal_bsp.a(alt_sbrk.o)
 .sdata         0x000153ec        0x8 ../Hardware_Denoise_bsp/\libhal_bsp.a(alt_tick.o)
                0x000153ec                alt_alarm_list
 *(.sdata2 .sdata2.* .gnu.linkonce.s2.*)
                0x000153f4                . = ALIGN (0x4)
                0x000153f4                _edata = ABSOLUTE (.)
                0x000153f4                PROVIDE (edata, ABSOLUTE (.))
                0x000153f4                PROVIDE (__ram_rwdata_end, ABSOLUTE (.))
                0x000153f4                PROVIDE (__flash_rwdata_start, LOADADDR (.rwdata))

.bss            0x00017308   0x186d74
                0x00017308                __bss_start = ABSOLUTE (.)
                0x00017308                PROVIDE (__sbss_start, ABSOLUTE (.))
                0x00017308                PROVIDE (___sbss_start, ABSOLUTE (.))
 *(.dynsbss)
 *(.sbss .sbss.* .gnu.linkonce.sb.*)
 .sbss          0x00017308        0x4 obj/default/PS2_ISR.o
                0x00017308                count
 .sbss          0x0001730c        0x4 obj/default/PS2_ISR.o
                0x0001730c                flag
 .sbss          0x00017310       0x14 obj/default/globals.o
                0x00017310                byte2
                0x00017311                byte3
                0x00017312                copy_byte3
                0x00017313                byte1
                0x00017314                copy_byte1
                0x00017315                copy_byte2
                0x00017318                timeout
                0x0001731c                buf_index_play
                0x00017320                buf_index_record
 .sbss          0x00017324       0x44 obj/default/media_interrupt_HAL.o
                0x00017324                echo
                0x00017328                mouse_width
                0x0001732c                prev_y_mouse
                0x00017330                y_mouse
                0x00017334                flag_denoise
                0x00017338                prev_y_mouse_front
                0x0001733c                prev_y_mouse_back
                0x00017340                max_y_mouse
                0x00017344                prev_x_mouse
                0x00017348                max_x_mouse
                0x0001734c                flag_play
                0x00017350                right_button_click
                0x00017354                left_button_click
                0x00017358                prev_x_mouse_back
                0x0001735c                x_mouse
                0x00017360                middle_button_click
                0x00017364                prev_x_mouse_front
 .sbss          0x00017368        0xc d:/fpga/nios2eds/bin/gnu/h-i686-mingw32/bin/../lib/gcc/nios2-elf/4.1.2/../../../../nios2-elf/lib\libc.a(lib_a-locale.o)
                0x00017368                __nlocale_changed
                0x0001736c                __mlocale_changed
                0x00017370                _PathLocale
 .sbss          0x00017374        0xc d:/fpga/nios2eds/bin/gnu/h-i686-mingw32/bin/../lib/gcc/nios2-elf/4.1.2/../../../../nios2-elf/lib\libc.a(lib_a-mallocr.o)
                0x00017374                __malloc_top_pad
                0x00017378                __malloc_max_sbrked_mem
                0x0001737c                __malloc_max_total_mem
 .sbss          0x00017380        0x4 d:/fpga/nios2eds/bin/gnu/h-i686-mingw32/bin/../lib/gcc/nios2-elf/4.1.2/../../../../nios2-elf/lib\libc.a(lib_a-int_errno.o)
                0x00017380                errno
 .sbss          0x00017384        0x4 ../Hardware_Denoise_bsp/\libhal_bsp.a(alt_irq_vars.o)
                0x00017384                alt_irq_active
 .sbss          0x00017388        0xc ../Hardware_Denoise_bsp/\libhal_bsp.a(alt_main.o)
                0x00017388                alt_argc
                0x0001738c                alt_argv
                0x00017390                alt_envp
 .sbss          0x00017394        0x8 ../Hardware_Denoise_bsp/\libhal_bsp.a(altera_avalon_timer_vars.o)
                0x00017394                altera_avalon_timer_ts_base
                0x00017398                altera_avalon_timer_ts_freq
 .sbss          0x0001739c        0x8 ../Hardware_Denoise_bsp/\libhal_bsp.a(alt_tick.o)
                0x0001739c                _alt_tick_rate
                0x000173a0                _alt_nticks
 *(.sbss2 .sbss2.* .gnu.linkonce.sb2.*)
 *(.scommon)
                0x000173a4                PROVIDE (__sbss_end, ABSOLUTE (.))
                0x000173a4                PROVIDE (___sbss_end, ABSOLUTE (.))
 *(.dynbss)
 *(.bss .bss.* .gnu.linkonce.b.*)
 .bss           0x000173a4        0x0 ../Hardware_Denoise_bsp//obj/HAL/src/crt0.o
 .bss           0x000173a4        0x0 obj/default/PS2_ISR.o
 .bss           0x000173a4        0x0 obj/default/audio_ISR.o
 .bss           0x000173a4        0x0 obj/default/globals.o
 .bss           0x000173a4        0x0 obj/default/interval_timer_ISR.o
 .bss           0x000173a4        0x0 obj/default/media_interrupt_HAL.o
 .bss           0x000173a4        0x0 obj/default/pushbutton_ISR.o
 .bss           0x000173a4        0x0 d:/fpga/nios2eds/bin/gnu/h-i686-mingw32/bin/../lib/gcc/nios2-elf/4.1.2\libgcc.a(_si_to_sf.o)
 .bss           0x000173a4        0x0 d:/fpga/nios2eds/bin/gnu/h-i686-mingw32/bin/../lib/gcc/nios2-elf/4.1.2\libgcc.a(_sf_to_si.o)
 .bss           0x000173a4        0x0 d:/fpga/nios2eds/bin/gnu/h-i686-mingw32/bin/../lib/gcc/nios2-elf/4.1.2\libgcc.a(_sf_to_df.o)
 .bss           0x000173a4        0x0 d:/fpga/nios2eds/bin/gnu/h-i686-mingw32/bin/../lib/gcc/nios2-elf/4.1.2\libgcc.a(_usi_to_sf.o)
 .bss           0x000173a4        0x0 d:/fpga/nios2eds/bin/gnu/h-i686-mingw32/bin/../lib/gcc/nios2-elf/4.1.2\libgcc.a(_make_df.o)
 .bss           0x000173a4        0x0 d:/fpga/nios2eds/bin/gnu/h-i686-mingw32/bin/../lib/gcc/nios2-elf/4.1.2\libgcc.a(_clzsi2.o)
 .bss           0x000173a4        0x0 d:/fpga/nios2eds/bin/gnu/h-i686-mingw32/bin/../lib/gcc/nios2-elf/4.1.2\libgcc.a(_pack_sf.o)
 .bss           0x000173a4        0x0 d:/fpga/nios2eds/bin/gnu/h-i686-mingw32/bin/../lib/gcc/nios2-elf/4.1.2\libgcc.a(_unpack_sf.o)
 .bss           0x000173a4        0x0 d:/fpga/nios2eds/bin/gnu/h-i686-mingw32/bin/../lib/gcc/nios2-elf/4.1.2\libgcc.a(_pack_df.o)
 .bss           0x000173a4        0x0 d:/fpga/nios2eds/bin/gnu/h-i686-mingw32/bin/../lib/gcc/nios2-elf/4.1.2\libgcc.a(_clz.o)
 .bss           0x000173a4        0x0 d:/fpga/nios2eds/bin/gnu/h-i686-mingw32/bin/../lib/gcc/nios2-elf/4.1.2/../../../../nios2-elf/lib\libc.a(lib_a-memcpy.o)
 .bss           0x000173a4        0x0 d:/fpga/nios2eds/bin/gnu/h-i686-mingw32/bin/../lib/gcc/nios2-elf/4.1.2/../../../../nios2-elf/lib\libc.a(lib_a-memset.o)
 .bss           0x000173a4        0x0 d:/fpga/nios2eds/bin/gnu/h-i686-mingw32/bin/../lib/gcc/nios2-elf/4.1.2/../../../../nios2-elf/lib\libc.a(lib_a-printf.o)
 .bss           0x000173a4        0x0 d:/fpga/nios2eds/bin/gnu/h-i686-mingw32/bin/../lib/gcc/nios2-elf/4.1.2/../../../../nios2-elf/lib\libc.a(lib_a-vfprintf.o)
 .bss           0x000173a4        0x0 d:/fpga/nios2eds/bin/gnu/h-i686-mingw32/bin/../lib/gcc/nios2-elf/4.1.2/../../../../nios2-elf/lib\libc.a(lib_a-wsetup.o)
 .bss           0x000173a4        0x0 d:/fpga/nios2eds/bin/gnu/h-i686-mingw32/bin/../lib/gcc/nios2-elf/4.1.2/../../../../nios2-elf/lib\libc.a(lib_a-dtoa.o)
 .bss           0x000173a4        0x0 d:/fpga/nios2eds/bin/gnu/h-i686-mingw32/bin/../lib/gcc/nios2-elf/4.1.2/../../../../nios2-elf/lib\libc.a(lib_a-fflush.o)
 .bss           0x000173a4        0x0 d:/fpga/nios2eds/bin/gnu/h-i686-mingw32/bin/../lib/gcc/nios2-elf/4.1.2/../../../../nios2-elf/lib\libc.a(lib_a-findfp.o)
 .bss           0x000173a4        0x0 d:/fpga/nios2eds/bin/gnu/h-i686-mingw32/bin/../lib/gcc/nios2-elf/4.1.2/../../../../nios2-elf/lib\libc.a(lib_a-freer.o)
 .bss           0x000173a4        0x0 d:/fpga/nios2eds/bin/gnu/h-i686-mingw32/bin/../lib/gcc/nios2-elf/4.1.2/../../../../nios2-elf/lib\libc.a(lib_a-fvwrite.o)
 .bss           0x000173a4        0x0 d:/fpga/nios2eds/bin/gnu/h-i686-mingw32/bin/../lib/gcc/nios2-elf/4.1.2/../../../../nios2-elf/lib\libc.a(lib_a-fwalk.o)
 .bss           0x000173a4        0x0 d:/fpga/nios2eds/bin/gnu/h-i686-mingw32/bin/../lib/gcc/nios2-elf/4.1.2/../../../../nios2-elf/lib\libc.a(lib_a-impure.o)
 .bss           0x000173a4        0x0 d:/fpga/nios2eds/bin/gnu/h-i686-mingw32/bin/../lib/gcc/nios2-elf/4.1.2/../../../../nios2-elf/lib\libc.a(lib_a-locale.o)
 .bss           0x000173a4        0x0 d:/fpga/nios2eds/bin/gnu/h-i686-mingw32/bin/../lib/gcc/nios2-elf/4.1.2/../../../../nios2-elf/lib\libc.a(lib_a-makebuf.o)
 .bss           0x000173a4       0x28 d:/fpga/nios2eds/bin/gnu/h-i686-mingw32/bin/../lib/gcc/nios2-elf/4.1.2/../../../../nios2-elf/lib\libc.a(lib_a-mallocr.o)
                0x000173a4                __malloc_current_mallinfo
 .bss           0x000173cc        0x0 d:/fpga/nios2eds/bin/gnu/h-i686-mingw32/bin/../lib/gcc/nios2-elf/4.1.2/../../../../nios2-elf/lib\libc.a(lib_a-memchr.o)
 .bss           0x000173cc        0x0 d:/fpga/nios2eds/bin/gnu/h-i686-mingw32/bin/../lib/gcc/nios2-elf/4.1.2/../../../../nios2-elf/lib\libc.a(lib_a-memmove.o)
 .bss           0x000173cc        0x0 d:/fpga/nios2eds/bin/gnu/h-i686-mingw32/bin/../lib/gcc/nios2-elf/4.1.2/../../../../nios2-elf/lib\libc.a(lib_a-mprec.o)
 .bss           0x000173cc        0x0 d:/fpga/nios2eds/bin/gnu/h-i686-mingw32/bin/../lib/gcc/nios2-elf/4.1.2/../../../../nios2-elf/lib\libc.a(lib_a-reallocr.o)
 .bss           0x000173cc        0x0 d:/fpga/nios2eds/bin/gnu/h-i686-mingw32/bin/../lib/gcc/nios2-elf/4.1.2/../../../../nios2-elf/lib\libc.a(lib_a-s_isinfd.o)
 .bss           0x000173cc        0x0 d:/fpga/nios2eds/bin/gnu/h-i686-mingw32/bin/../lib/gcc/nios2-elf/4.1.2/../../../../nios2-elf/lib\libc.a(lib_a-s_isnand.o)
 .bss           0x000173cc        0x0 d:/fpga/nios2eds/bin/gnu/h-i686-mingw32/bin/../lib/gcc/nios2-elf/4.1.2/../../../../nios2-elf/lib\libc.a(lib_a-sbrkr.o)
 .bss           0x000173cc        0x0 d:/fpga/nios2eds/bin/gnu/h-i686-mingw32/bin/../lib/gcc/nios2-elf/4.1.2/../../../../nios2-elf/lib\libc.a(lib_a-stdio.o)
 .bss           0x000173cc        0x0 d:/fpga/nios2eds/bin/gnu/h-i686-mingw32/bin/../lib/gcc/nios2-elf/4.1.2/../../../../nios2-elf/lib\libc.a(lib_a-strcmp.o)
 .bss           0x000173cc        0x0 d:/fpga/nios2eds/bin/gnu/h-i686-mingw32/bin/../lib/gcc/nios2-elf/4.1.2/../../../../nios2-elf/lib\libc.a(lib_a-strlen.o)
 .bss           0x000173cc        0x0 d:/fpga/nios2eds/bin/gnu/h-i686-mingw32/bin/../lib/gcc/nios2-elf/4.1.2/../../../../nios2-elf/lib\libc.a(lib_a-writer.o)
 .bss           0x000173cc        0x0 d:/fpga/nios2eds/bin/gnu/h-i686-mingw32/bin/../lib/gcc/nios2-elf/4.1.2/../../../../nios2-elf/lib\libc.a(lib_a-callocr.o)
 .bss           0x000173cc        0x0 d:/fpga/nios2eds/bin/gnu/h-i686-mingw32/bin/../lib/gcc/nios2-elf/4.1.2/../../../../nios2-elf/lib\libc.a(lib_a-closer.o)
 .bss           0x000173cc        0x0 d:/fpga/nios2eds/bin/gnu/h-i686-mingw32/bin/../lib/gcc/nios2-elf/4.1.2/../../../../nios2-elf/lib\libc.a(lib_a-fclose.o)
 .bss           0x000173cc        0x0 d:/fpga/nios2eds/bin/gnu/h-i686-mingw32/bin/../lib/gcc/nios2-elf/4.1.2/../../../../nios2-elf/lib\libc.a(lib_a-fstatr.o)
 .bss           0x000173cc        0x0 d:/fpga/nios2eds/bin/gnu/h-i686-mingw32/bin/../lib/gcc/nios2-elf/4.1.2/../../../../nios2-elf/lib\libc.a(lib_a-int_errno.o)
 .bss           0x000173cc        0x0 d:/fpga/nios2eds/bin/gnu/h-i686-mingw32/bin/../lib/gcc/nios2-elf/4.1.2/../../../../nios2-elf/lib\libc.a(lib_a-isattyr.o)
 .bss           0x000173cc        0x0 d:/fpga/nios2eds/bin/gnu/h-i686-mingw32/bin/../lib/gcc/nios2-elf/4.1.2/../../../../nios2-elf/lib\libc.a(lib_a-lseekr.o)
 .bss           0x000173cc        0x0 d:/fpga/nios2eds/bin/gnu/h-i686-mingw32/bin/../lib/gcc/nios2-elf/4.1.2/../../../../nios2-elf/lib\libc.a(lib_a-readr.o)
 .bss           0x000173cc        0x0 d:/fpga/nios2eds/bin/gnu/h-i686-mingw32/bin/../lib/gcc/nios2-elf/4.1.2\libgcc.a(_udivdi3.o)
 .bss           0x000173cc        0x0 d:/fpga/nios2eds/bin/gnu/h-i686-mingw32/bin/../lib/gcc/nios2-elf/4.1.2\libgcc.a(_umoddi3.o)
 .bss           0x000173cc        0x0 d:/fpga/nios2eds/bin/gnu/h-i686-mingw32/bin/../lib/gcc/nios2-elf/4.1.2\libgcc.a(_addsub_df.o)
 .bss           0x000173cc        0x0 d:/fpga/nios2eds/bin/gnu/h-i686-mingw32/bin/../lib/gcc/nios2-elf/4.1.2\libgcc.a(_mul_df.o)
 .bss           0x000173cc        0x0 d:/fpga/nios2eds/bin/gnu/h-i686-mingw32/bin/../lib/gcc/nios2-elf/4.1.2\libgcc.a(_div_df.o)
 .bss           0x000173cc        0x0 d:/fpga/nios2eds/bin/gnu/h-i686-mingw32/bin/../lib/gcc/nios2-elf/4.1.2\libgcc.a(_eq_df.o)
 .bss           0x000173cc        0x0 d:/fpga/nios2eds/bin/gnu/h-i686-mingw32/bin/../lib/gcc/nios2-elf/4.1.2\libgcc.a(_ne_df.o)
 .bss           0x000173cc        0x0 d:/fpga/nios2eds/bin/gnu/h-i686-mingw32/bin/../lib/gcc/nios2-elf/4.1.2\libgcc.a(_gt_df.o)
 .bss           0x000173cc        0x0 d:/fpga/nios2eds/bin/gnu/h-i686-mingw32/bin/../lib/gcc/nios2-elf/4.1.2\libgcc.a(_ge_df.o)
 .bss           0x000173cc        0x0 d:/fpga/nios2eds/bin/gnu/h-i686-mingw32/bin/../lib/gcc/nios2-elf/4.1.2\libgcc.a(_lt_df.o)
 .bss           0x000173cc        0x0 d:/fpga/nios2eds/bin/gnu/h-i686-mingw32/bin/../lib/gcc/nios2-elf/4.1.2\libgcc.a(_si_to_df.o)
 .bss           0x000173cc        0x0 d:/fpga/nios2eds/bin/gnu/h-i686-mingw32/bin/../lib/gcc/nios2-elf/4.1.2\libgcc.a(_df_to_si.o)
 .bss           0x000173cc        0x0 d:/fpga/nios2eds/bin/gnu/h-i686-mingw32/bin/../lib/gcc/nios2-elf/4.1.2\libgcc.a(_thenan_df.o)
 .bss           0x000173cc        0x0 d:/fpga/nios2eds/bin/gnu/h-i686-mingw32/bin/../lib/gcc/nios2-elf/4.1.2\libgcc.a(_usi_to_df.o)
 .bss           0x000173cc        0x0 d:/fpga/nios2eds/bin/gnu/h-i686-mingw32/bin/../lib/gcc/nios2-elf/4.1.2\libgcc.a(lib2-divmod.o)
 .bss           0x000173cc        0x0 d:/fpga/nios2eds/bin/gnu/h-i686-mingw32/bin/../lib/gcc/nios2-elf/4.1.2\libgcc.a(_muldi3.o)
 .bss           0x000173cc        0x0 d:/fpga/nios2eds/bin/gnu/h-i686-mingw32/bin/../lib/gcc/nios2-elf/4.1.2\libgcc.a(_unpack_df.o)
 .bss           0x000173cc        0x0 d:/fpga/nios2eds/bin/gnu/h-i686-mingw32/bin/../lib/gcc/nios2-elf/4.1.2\libgcc.a(_fpcmp_parts_df.o)
 .bss           0x000173cc        0x0 ../Hardware_Denoise_bsp/\libhal_bsp.a(alt_close.o)
 .bss           0x000173cc        0x0 ../Hardware_Denoise_bsp/\libhal_bsp.a(alt_dev.o)
 .bss           0x000173cc        0x0 ../Hardware_Denoise_bsp/\libhal_bsp.a(alt_errno.o)
 .bss           0x000173cc        0x0 ../Hardware_Denoise_bsp/\libhal_bsp.a(alt_fstat.o)
 .bss           0x000173cc        0x0 ../Hardware_Denoise_bsp/\libhal_bsp.a(alt_irq_register.o)
 .bss           0x000173cc        0x0 ../Hardware_Denoise_bsp/\libhal_bsp.a(alt_irq_vars.o)
 .bss           0x000173cc        0x0 ../Hardware_Denoise_bsp/\libhal_bsp.a(alt_isatty.o)
 .bss           0x000173cc        0x0 ../Hardware_Denoise_bsp/\libhal_bsp.a(alt_load.o)
 .bss           0x000173cc        0x0 ../Hardware_Denoise_bsp/\libhal_bsp.a(alt_lseek.o)
 .bss           0x000173cc        0x0 ../Hardware_Denoise_bsp/\libhal_bsp.a(alt_main.o)
 .bss           0x000173cc        0x0 ../Hardware_Denoise_bsp/\libhal_bsp.a(alt_malloc_lock.o)
 .bss           0x000173cc        0x0 ../Hardware_Denoise_bsp/\libhal_bsp.a(alt_printf.o)
 .bss           0x000173cc        0x0 ../Hardware_Denoise_bsp/\libhal_bsp.a(alt_putchar.o)
 .bss           0x000173cc        0x0 ../Hardware_Denoise_bsp/\libhal_bsp.a(alt_read.o)
 .bss           0x000173cc        0x0 ../Hardware_Denoise_bsp/\libhal_bsp.a(alt_release_fd.o)
 .bss           0x000173cc        0x0 ../Hardware_Denoise_bsp/\libhal_bsp.a(alt_sbrk.o)
 .bss           0x000173cc        0x0 ../Hardware_Denoise_bsp/\libhal_bsp.a(alt_write.o)
 .bss           0x000173cc        0x0 ../Hardware_Denoise_bsp/\libhal_bsp.a(alt_sys_init.o)
 .bss           0x000173cc        0x0 ../Hardware_Denoise_bsp/\libhal_bsp.a(altera_avalon_jtag_uart_fd.o)
 .bss           0x000173cc        0x0 ../Hardware_Denoise_bsp/\libhal_bsp.a(altera_avalon_jtag_uart_init.o)
 .bss           0x000173cc        0x0 ../Hardware_Denoise_bsp/\libhal_bsp.a(altera_avalon_jtag_uart_ioctl.o)
 .bss           0x000173cc        0x0 ../Hardware_Denoise_bsp/\libhal_bsp.a(altera_avalon_jtag_uart_read.o)
 .bss           0x000173cc        0x0 ../Hardware_Denoise_bsp/\libhal_bsp.a(altera_avalon_jtag_uart_write.o)
 .bss           0x000173cc        0x0 ../Hardware_Denoise_bsp/\libhal_bsp.a(altera_avalon_timer_ts.o)
 .bss           0x000173cc        0x0 ../Hardware_Denoise_bsp/\libhal_bsp.a(altera_avalon_timer_vars.o)
 .bss           0x000173cc        0x0 ../Hardware_Denoise_bsp/\libhal_bsp.a(altera_up_avalon_audio.o)
 .bss           0x000173cc        0x0 ../Hardware_Denoise_bsp/\libhal_bsp.a(altera_up_avalon_character_lcd.o)
 .bss           0x000173cc        0x0 ../Hardware_Denoise_bsp/\libhal_bsp.a(altera_up_avalon_ethernet.o)
 .bss           0x000173cc        0x0 ../Hardware_Denoise_bsp/\libhal_bsp.a(altera_up_avalon_ethernet_low_level_driver.o)
 .bss           0x000173cc        0x0 ../Hardware_Denoise_bsp/\libhal_bsp.a(altera_up_avalon_irda.o)
 .bss           0x000173cc        0x0 ../Hardware_Denoise_bsp/\libhal_bsp.a(altera_up_avalon_parallel_port.o)
 .bss           0x000173cc        0x0 ../Hardware_Denoise_bsp/\libhal_bsp.a(altera_up_avalon_ps2.o)
 .bss           0x000173cc        0x0 ../Hardware_Denoise_bsp/\libhal_bsp.a(altera_up_avalon_rs232.o)
 .bss           0x000173cc        0x0 ../Hardware_Denoise_bsp/\libhal_bsp.a(altera_up_avalon_video_character_buffer_with_dma.o)
 .bss           0x000173cc        0x0 ../Hardware_Denoise_bsp/\libhal_bsp.a(altera_up_avalon_video_pixel_buffer_dma.o)
 .bss           0x000173cc        0x0 ../Hardware_Denoise_bsp/\libhal_bsp.a(alt_alarm_start.o)
 .bss           0x000173cc        0x0 ../Hardware_Denoise_bsp/\libhal_bsp.a(alt_dcache_flush_all.o)
 .bss           0x000173cc        0x0 ../Hardware_Denoise_bsp/\libhal_bsp.a(alt_dev_llist_insert.o)
 .bss           0x000173cc        0x0 ../Hardware_Denoise_bsp/\libhal_bsp.a(alt_do_ctors.o)
 .bss           0x000173cc        0x0 ../Hardware_Denoise_bsp/\libhal_bsp.a(alt_do_dtors.o)
 .bss           0x000173cc        0x0 ../Hardware_Denoise_bsp/\libhal_bsp.a(alt_find_dev.o)
 .bss           0x000173cc        0x0 ../Hardware_Denoise_bsp/\libhal_bsp.a(alt_icache_flush_all.o)
 .bss           0x000173cc        0x0 ../Hardware_Denoise_bsp/\libhal_bsp.a(alt_io_redirect.o)
 .bss           0x000173cc        0x0 ../Hardware_Denoise_bsp/\libhal_bsp.a(alt_irq_entry.o)
 .bss           0x000173cc        0x0 ../Hardware_Denoise_bsp/\libhal_bsp.a(alt_irq_handler.o)
 .bss           0x000173cc        0x0 ../Hardware_Denoise_bsp/\libhal_bsp.a(alt_open.o)
 .bss           0x000173cc        0x0 ../Hardware_Denoise_bsp/\libhal_bsp.a(alt_tick.o)
 .bss           0x000173cc        0x0 ../Hardware_Denoise_bsp/\libhal_bsp.a(alt_usleep.o)
 .bss           0x000173cc        0x0 ../Hardware_Denoise_bsp/\libhal_bsp.a(altera_nios2_qsys_irq.o)
 .bss           0x000173cc        0x0 ../Hardware_Denoise_bsp/\libhal_bsp.a(alt_busy_sleep.o)
 .bss           0x000173cc        0x0 ../Hardware_Denoise_bsp/\libhal_bsp.a(alt_exception_entry.o)
 .bss           0x000173cc        0x0 ../Hardware_Denoise_bsp/\libhal_bsp.a(alt_find_file.o)
 .bss           0x000173cc        0x0 ../Hardware_Denoise_bsp/\libhal_bsp.a(alt_get_fd.o)
 .bss           0x000173cc        0x0 ../Hardware_Denoise_bsp/\libhal_bsp.a(alt_icache_flush.o)
 .bss           0x000173cc        0x0 d:/fpga/nios2eds/bin/gnu/h-i686-mingw32/bin/../lib/gcc/nios2-elf/4.1.2/../../../../nios2-elf/lib\libc.a(lib_a-atexit.o)
 .bss           0x000173cc        0x0 d:/fpga/nios2eds/bin/gnu/h-i686-mingw32/bin/../lib/gcc/nios2-elf/4.1.2/../../../../nios2-elf/lib\libc.a(lib_a-exit.o)
 .bss           0x000173cc        0x0 d:/fpga/nios2eds/bin/gnu/h-i686-mingw32/bin/../lib/gcc/nios2-elf/4.1.2/../../../../nios2-elf/lib\libc.a(lib_a-memcmp.o)
 .bss           0x000173cc        0x0 d:/fpga/nios2eds/bin/gnu/h-i686-mingw32/bin/../lib/gcc/nios2-elf/4.1.2/../../../../nios2-elf/lib\libc.a(lib_a-putc.o)
 .bss           0x000173cc        0x0 d:/fpga/nios2eds/bin/gnu/h-i686-mingw32/bin/../lib/gcc/nios2-elf/4.1.2/../../../../nios2-elf/lib\libc.a(lib_a-wbuf.o)
 .bss           0x000173cc        0x0 d:/fpga/nios2eds/bin/gnu/h-i686-mingw32/bin/../lib/gcc/nios2-elf/4.1.2/../../../../nios2-elf/lib\libc.a(lib_a-__atexit.o)
 .bss           0x000173cc        0x0 d:/fpga/nios2eds/bin/gnu/h-i686-mingw32/bin/../lib/gcc/nios2-elf/4.1.2/../../../../nios2-elf/lib\libc.a(lib_a-__call_atexit.o)
 .bss           0x000173cc        0x0 ../Hardware_Denoise_bsp/\libhal_bsp.a(alt_exit.o)
 *(COMMON)
 COMMON         0x000173cc   0x186a00 obj/default/audio_ISR.o
                0x000173cc                record_l_buf
                0x00078e4c                play_l_buf
                0x000da8cc                record_r_buf
                0x0013c34c                play_r_buf
 COMMON         0x0019ddcc       0x20 obj/default/globals.o
                0x0019ddcc                up_dev
 COMMON         0x0019ddec      0x100 ../Hardware_Denoise_bsp/\libhal_bsp.a(alt_irq_handler.o)
                0x0019ddec                alt_irq
 COMMON         0x0019deec      0x190 d:/fpga/nios2eds/bin/gnu/h-i686-mingw32/bin/../lib/gcc/nios2-elf/4.1.2/../../../../nios2-elf/lib\libc.a(lib_a-atexit.o)
                0x0019deec                _atexit0
                0x0019e07c                . = ALIGN (0x4)
                0x0019e07c                __bss_end = ABSOLUTE (.)

.SDRAM          0x0019e07c        0x0
                0x0019e07c                PROVIDE (_alt_partition_SDRAM_start, ABSOLUTE (.))
 *(.SDRAM. SDRAM.*)
                0x0019e07c                . = ALIGN (0x4)
                0x0019e07c                PROVIDE (_alt_partition_SDRAM_end, ABSOLUTE (.))
                0x0019e07c                _end = ABSOLUTE (.)
                0x0019e07c                end = ABSOLUTE (.)
                0x0019e07c                __alt_stack_base = ABSOLUTE (.)
                0x0019e07c                PROVIDE (_alt_partition_SDRAM_load_addr, LOADADDR (.SDRAM))

.Flash_flash_data
                0x0c000000        0x0 load address 0x0019e07c
                0x0c000000                PROVIDE (_alt_partition_Flash_flash_data_start, ABSOLUTE (.))
 *(.Flash_flash_data. Flash_flash_data.*)
                0x0c000000                . = ALIGN (0x4)
                0x0c000000                PROVIDE (_alt_partition_Flash_flash_data_end, ABSOLUTE (.))
                0x0019e07c                PROVIDE (_alt_partition_Flash_flash_data_load_addr, LOADADDR (.Flash_flash_data))

.stab
 *(.stab)

.stabstr
 *(.stabstr)

.stab.excl
 *(.stab.excl)

.stab.exclstr
 *(.stab.exclstr)

.stab.index
 *(.stab.index)

.stab.indexstr
 *(.stab.indexstr)

.comment        0x00000000       0x26
 *(.comment)
 .comment       0x00000000       0x26 obj/default/PS2_ISR.o
                                 0x27 (size before relaxing)
 .comment       0x00000000       0x27 obj/default/audio_ISR.o
 .comment       0x00000000       0x27 obj/default/globals.o
 .comment       0x00000000       0x27 obj/default/interval_timer_ISR.o
 .comment       0x00000000       0x27 obj/default/media_interrupt_HAL.o
 .comment       0x00000000       0x27 obj/default/pushbutton_ISR.o
 .comment       0x00000000       0x27 d:/fpga/nios2eds/bin/gnu/h-i686-mingw32/bin/../lib/gcc/nios2-elf/4.1.2\libgcc.a(_si_to_sf.o)
 .comment       0x00000000       0x27 d:/fpga/nios2eds/bin/gnu/h-i686-mingw32/bin/../lib/gcc/nios2-elf/4.1.2\libgcc.a(_sf_to_si.o)
 .comment       0x00000000       0x27 d:/fpga/nios2eds/bin/gnu/h-i686-mingw32/bin/../lib/gcc/nios2-elf/4.1.2\libgcc.a(_sf_to_df.o)
 .comment       0x00000000       0x27 d:/fpga/nios2eds/bin/gnu/h-i686-mingw32/bin/../lib/gcc/nios2-elf/4.1.2\libgcc.a(_usi_to_sf.o)
 .comment       0x00000000       0x27 d:/fpga/nios2eds/bin/gnu/h-i686-mingw32/bin/../lib/gcc/nios2-elf/4.1.2\libgcc.a(_make_df.o)
 .comment       0x00000000       0x27 d:/fpga/nios2eds/bin/gnu/h-i686-mingw32/bin/../lib/gcc/nios2-elf/4.1.2\libgcc.a(_clzsi2.o)
 .comment       0x00000000       0x27 d:/fpga/nios2eds/bin/gnu/h-i686-mingw32/bin/../lib/gcc/nios2-elf/4.1.2\libgcc.a(_pack_sf.o)
 .comment       0x00000000       0x27 d:/fpga/nios2eds/bin/gnu/h-i686-mingw32/bin/../lib/gcc/nios2-elf/4.1.2\libgcc.a(_unpack_sf.o)
 .comment       0x00000000       0x27 d:/fpga/nios2eds/bin/gnu/h-i686-mingw32/bin/../lib/gcc/nios2-elf/4.1.2\libgcc.a(_pack_df.o)
 .comment       0x00000000       0x27 d:/fpga/nios2eds/bin/gnu/h-i686-mingw32/bin/../lib/gcc/nios2-elf/4.1.2\libgcc.a(_clz.o)
 .comment       0x00000000       0x27 d:/fpga/nios2eds/bin/gnu/h-i686-mingw32/bin/../lib/gcc/nios2-elf/4.1.2/../../../../nios2-elf/lib\libc.a(lib_a-memcpy.o)
 .comment       0x00000000       0x27 d:/fpga/nios2eds/bin/gnu/h-i686-mingw32/bin/../lib/gcc/nios2-elf/4.1.2/../../../../nios2-elf/lib\libc.a(lib_a-memset.o)
 .comment       0x00000000       0x27 d:/fpga/nios2eds/bin/gnu/h-i686-mingw32/bin/../lib/gcc/nios2-elf/4.1.2/../../../../nios2-elf/lib\libc.a(lib_a-printf.o)
 .comment       0x00000000       0x27 d:/fpga/nios2eds/bin/gnu/h-i686-mingw32/bin/../lib/gcc/nios2-elf/4.1.2/../../../../nios2-elf/lib\libc.a(lib_a-vfprintf.o)
 .comment       0x00000000       0x27 d:/fpga/nios2eds/bin/gnu/h-i686-mingw32/bin/../lib/gcc/nios2-elf/4.1.2/../../../../nios2-elf/lib\libc.a(lib_a-wsetup.o)
 .comment       0x00000000       0x27 d:/fpga/nios2eds/bin/gnu/h-i686-mingw32/bin/../lib/gcc/nios2-elf/4.1.2/../../../../nios2-elf/lib\libc.a(lib_a-dtoa.o)
 .comment       0x00000000       0x27 d:/fpga/nios2eds/bin/gnu/h-i686-mingw32/bin/../lib/gcc/nios2-elf/4.1.2/../../../../nios2-elf/lib\libc.a(lib_a-fflush.o)
 .comment       0x00000000       0x27 d:/fpga/nios2eds/bin/gnu/h-i686-mingw32/bin/../lib/gcc/nios2-elf/4.1.2/../../../../nios2-elf/lib\libc.a(lib_a-findfp.o)
 .comment       0x00000000       0x27 d:/fpga/nios2eds/bin/gnu/h-i686-mingw32/bin/../lib/gcc/nios2-elf/4.1.2/../../../../nios2-elf/lib\libc.a(lib_a-freer.o)
 .comment       0x00000000       0x27 d:/fpga/nios2eds/bin/gnu/h-i686-mingw32/bin/../lib/gcc/nios2-elf/4.1.2/../../../../nios2-elf/lib\libc.a(lib_a-fvwrite.o)
 .comment       0x00000000       0x27 d:/fpga/nios2eds/bin/gnu/h-i686-mingw32/bin/../lib/gcc/nios2-elf/4.1.2/../../../../nios2-elf/lib\libc.a(lib_a-fwalk.o)
 .comment       0x00000000       0x27 d:/fpga/nios2eds/bin/gnu/h-i686-mingw32/bin/../lib/gcc/nios2-elf/4.1.2/../../../../nios2-elf/lib\libc.a(lib_a-impure.o)
 .comment       0x00000000       0x27 d:/fpga/nios2eds/bin/gnu/h-i686-mingw32/bin/../lib/gcc/nios2-elf/4.1.2/../../../../nios2-elf/lib\libc.a(lib_a-locale.o)
 .comment       0x00000000       0x27 d:/fpga/nios2eds/bin/gnu/h-i686-mingw32/bin/../lib/gcc/nios2-elf/4.1.2/../../../../nios2-elf/lib\libc.a(lib_a-makebuf.o)
 .comment       0x00000000       0x27 d:/fpga/nios2eds/bin/gnu/h-i686-mingw32/bin/../lib/gcc/nios2-elf/4.1.2/../../../../nios2-elf/lib\libc.a(lib_a-mallocr.o)
 .comment       0x00000000       0x27 d:/fpga/nios2eds/bin/gnu/h-i686-mingw32/bin/../lib/gcc/nios2-elf/4.1.2/../../../../nios2-elf/lib\libc.a(lib_a-memchr.o)
 .comment       0x00000000       0x27 d:/fpga/nios2eds/bin/gnu/h-i686-mingw32/bin/../lib/gcc/nios2-elf/4.1.2/../../../../nios2-elf/lib\libc.a(lib_a-memmove.o)
 .comment       0x00000000       0x27 d:/fpga/nios2eds/bin/gnu/h-i686-mingw32/bin/../lib/gcc/nios2-elf/4.1.2/../../../../nios2-elf/lib\libc.a(lib_a-mprec.o)
 .comment       0x00000000       0x27 d:/fpga/nios2eds/bin/gnu/h-i686-mingw32/bin/../lib/gcc/nios2-elf/4.1.2/../../../../nios2-elf/lib\libc.a(lib_a-reallocr.o)
 .comment       0x00000000       0x27 d:/fpga/nios2eds/bin/gnu/h-i686-mingw32/bin/../lib/gcc/nios2-elf/4.1.2/../../../../nios2-elf/lib\libc.a(lib_a-s_isinfd.o)
 .comment       0x00000000       0x27 d:/fpga/nios2eds/bin/gnu/h-i686-mingw32/bin/../lib/gcc/nios2-elf/4.1.2/../../../../nios2-elf/lib\libc.a(lib_a-s_isnand.o)
 .comment       0x00000000       0x27 d:/fpga/nios2eds/bin/gnu/h-i686-mingw32/bin/../lib/gcc/nios2-elf/4.1.2/../../../../nios2-elf/lib\libc.a(lib_a-sbrkr.o)
 .comment       0x00000000       0x27 d:/fpga/nios2eds/bin/gnu/h-i686-mingw32/bin/../lib/gcc/nios2-elf/4.1.2/../../../../nios2-elf/lib\libc.a(lib_a-stdio.o)
 .comment       0x00000000       0x27 d:/fpga/nios2eds/bin/gnu/h-i686-mingw32/bin/../lib/gcc/nios2-elf/4.1.2/../../../../nios2-elf/lib\libc.a(lib_a-strcmp.o)
 .comment       0x00000000       0x27 d:/fpga/nios2eds/bin/gnu/h-i686-mingw32/bin/../lib/gcc/nios2-elf/4.1.2/../../../../nios2-elf/lib\libc.a(lib_a-strlen.o)
 .comment       0x00000000       0x27 d:/fpga/nios2eds/bin/gnu/h-i686-mingw32/bin/../lib/gcc/nios2-elf/4.1.2/../../../../nios2-elf/lib\libc.a(lib_a-writer.o)
 .comment       0x00000000       0x27 d:/fpga/nios2eds/bin/gnu/h-i686-mingw32/bin/../lib/gcc/nios2-elf/4.1.2/../../../../nios2-elf/lib\libc.a(lib_a-callocr.o)
 .comment       0x00000000       0x27 d:/fpga/nios2eds/bin/gnu/h-i686-mingw32/bin/../lib/gcc/nios2-elf/4.1.2/../../../../nios2-elf/lib\libc.a(lib_a-closer.o)
 .comment       0x00000000       0x27 d:/fpga/nios2eds/bin/gnu/h-i686-mingw32/bin/../lib/gcc/nios2-elf/4.1.2/../../../../nios2-elf/lib\libc.a(lib_a-fclose.o)
 .comment       0x00000000       0x27 d:/fpga/nios2eds/bin/gnu/h-i686-mingw32/bin/../lib/gcc/nios2-elf/4.1.2/../../../../nios2-elf/lib\libc.a(lib_a-fstatr.o)
 .comment       0x00000000       0x27 d:/fpga/nios2eds/bin/gnu/h-i686-mingw32/bin/../lib/gcc/nios2-elf/4.1.2/../../../../nios2-elf/lib\libc.a(lib_a-int_errno.o)
 .comment       0x00000000       0x27 d:/fpga/nios2eds/bin/gnu/h-i686-mingw32/bin/../lib/gcc/nios2-elf/4.1.2/../../../../nios2-elf/lib\libc.a(lib_a-isattyr.o)
 .comment       0x00000000       0x27 d:/fpga/nios2eds/bin/gnu/h-i686-mingw32/bin/../lib/gcc/nios2-elf/4.1.2/../../../../nios2-elf/lib\libc.a(lib_a-lseekr.o)
 .comment       0x00000000       0x27 d:/fpga/nios2eds/bin/gnu/h-i686-mingw32/bin/../lib/gcc/nios2-elf/4.1.2/../../../../nios2-elf/lib\libc.a(lib_a-readr.o)
 .comment       0x00000000       0x27 d:/fpga/nios2eds/bin/gnu/h-i686-mingw32/bin/../lib/gcc/nios2-elf/4.1.2\libgcc.a(_udivdi3.o)
 .comment       0x00000000       0x27 d:/fpga/nios2eds/bin/gnu/h-i686-mingw32/bin/../lib/gcc/nios2-elf/4.1.2\libgcc.a(_umoddi3.o)
 .comment       0x00000000       0x27 d:/fpga/nios2eds/bin/gnu/h-i686-mingw32/bin/../lib/gcc/nios2-elf/4.1.2\libgcc.a(_addsub_df.o)
 .comment       0x00000000       0x27 d:/fpga/nios2eds/bin/gnu/h-i686-mingw32/bin/../lib/gcc/nios2-elf/4.1.2\libgcc.a(_mul_df.o)
 .comment       0x00000000       0x27 d:/fpga/nios2eds/bin/gnu/h-i686-mingw32/bin/../lib/gcc/nios2-elf/4.1.2\libgcc.a(_div_df.o)
 .comment       0x00000000       0x27 d:/fpga/nios2eds/bin/gnu/h-i686-mingw32/bin/../lib/gcc/nios2-elf/4.1.2\libgcc.a(_eq_df.o)
 .comment       0x00000000       0x27 d:/fpga/nios2eds/bin/gnu/h-i686-mingw32/bin/../lib/gcc/nios2-elf/4.1.2\libgcc.a(_ne_df.o)
 .comment       0x00000000       0x27 d:/fpga/nios2eds/bin/gnu/h-i686-mingw32/bin/../lib/gcc/nios2-elf/4.1.2\libgcc.a(_gt_df.o)
 .comment       0x00000000       0x27 d:/fpga/nios2eds/bin/gnu/h-i686-mingw32/bin/../lib/gcc/nios2-elf/4.1.2\libgcc.a(_ge_df.o)
 .comment       0x00000000       0x27 d:/fpga/nios2eds/bin/gnu/h-i686-mingw32/bin/../lib/gcc/nios2-elf/4.1.2\libgcc.a(_lt_df.o)
 .comment       0x00000000       0x27 d:/fpga/nios2eds/bin/gnu/h-i686-mingw32/bin/../lib/gcc/nios2-elf/4.1.2\libgcc.a(_si_to_df.o)
 .comment       0x00000000       0x27 d:/fpga/nios2eds/bin/gnu/h-i686-mingw32/bin/../lib/gcc/nios2-elf/4.1.2\libgcc.a(_df_to_si.o)
 .comment       0x00000000       0x27 d:/fpga/nios2eds/bin/gnu/h-i686-mingw32/bin/../lib/gcc/nios2-elf/4.1.2\libgcc.a(_thenan_df.o)
 .comment       0x00000000       0x27 d:/fpga/nios2eds/bin/gnu/h-i686-mingw32/bin/../lib/gcc/nios2-elf/4.1.2\libgcc.a(_usi_to_df.o)
 .comment       0x00000000       0x27 d:/fpga/nios2eds/bin/gnu/h-i686-mingw32/bin/../lib/gcc/nios2-elf/4.1.2\libgcc.a(lib2-divmod.o)
 .comment       0x00000000       0x27 d:/fpga/nios2eds/bin/gnu/h-i686-mingw32/bin/../lib/gcc/nios2-elf/4.1.2\libgcc.a(_muldi3.o)
 .comment       0x00000000       0x27 d:/fpga/nios2eds/bin/gnu/h-i686-mingw32/bin/../lib/gcc/nios2-elf/4.1.2\libgcc.a(_unpack_df.o)
 .comment       0x00000000       0x27 d:/fpga/nios2eds/bin/gnu/h-i686-mingw32/bin/../lib/gcc/nios2-elf/4.1.2\libgcc.a(_fpcmp_parts_df.o)
 .comment       0x00000000       0x27 ../Hardware_Denoise_bsp/\libhal_bsp.a(alt_close.o)
 .comment       0x00000000       0x27 ../Hardware_Denoise_bsp/\libhal_bsp.a(alt_dev.o)
 .comment       0x00000000       0x27 ../Hardware_Denoise_bsp/\libhal_bsp.a(alt_errno.o)
 .comment       0x00000000       0x27 ../Hardware_Denoise_bsp/\libhal_bsp.a(alt_fstat.o)
 .comment       0x00000000       0x27 ../Hardware_Denoise_bsp/\libhal_bsp.a(alt_irq_register.o)
 .comment       0x00000000       0x27 ../Hardware_Denoise_bsp/\libhal_bsp.a(alt_irq_vars.o)
 .comment       0x00000000       0x27 ../Hardware_Denoise_bsp/\libhal_bsp.a(alt_isatty.o)
 .comment       0x00000000       0x27 ../Hardware_Denoise_bsp/\libhal_bsp.a(alt_load.o)
 .comment       0x00000000       0x27 ../Hardware_Denoise_bsp/\libhal_bsp.a(alt_lseek.o)
 .comment       0x00000000       0x27 ../Hardware_Denoise_bsp/\libhal_bsp.a(alt_main.o)
 .comment       0x00000000       0x27 ../Hardware_Denoise_bsp/\libhal_bsp.a(alt_malloc_lock.o)
 .comment       0x00000000       0x27 ../Hardware_Denoise_bsp/\libhal_bsp.a(alt_printf.o)
 .comment       0x00000000       0x27 ../Hardware_Denoise_bsp/\libhal_bsp.a(alt_putchar.o)
 .comment       0x00000000       0x27 ../Hardware_Denoise_bsp/\libhal_bsp.a(alt_read.o)
 .comment       0x00000000       0x27 ../Hardware_Denoise_bsp/\libhal_bsp.a(alt_release_fd.o)
 .comment       0x00000000       0x27 ../Hardware_Denoise_bsp/\libhal_bsp.a(alt_sbrk.o)
 .comment       0x00000000       0x27 ../Hardware_Denoise_bsp/\libhal_bsp.a(alt_write.o)
 .comment       0x00000000       0x27 ../Hardware_Denoise_bsp/\libhal_bsp.a(alt_sys_init.o)
 .comment       0x00000000       0x27 ../Hardware_Denoise_bsp/\libhal_bsp.a(altera_avalon_jtag_uart_fd.o)
 .comment       0x00000000       0x27 ../Hardware_Denoise_bsp/\libhal_bsp.a(altera_avalon_jtag_uart_init.o)
 .comment       0x00000000       0x27 ../Hardware_Denoise_bsp/\libhal_bsp.a(altera_avalon_jtag_uart_ioctl.o)
 .comment       0x00000000       0x27 ../Hardware_Denoise_bsp/\libhal_bsp.a(altera_avalon_jtag_uart_read.o)