Archive member included because of file (symbol)

d:/modelsim_ase/quartus/quartus cyclone ii/nios2eds/bin/gnu/h-i686-mingw32/bin/../lib/gcc/nios2-elf/4.1.2\libgcc.a(_si_to_sf.o)
                              obj/default/media_interrupt_HAL.o (__floatsisf)
d:/modelsim_ase/quartus/quartus cyclone ii/nios2eds/bin/gnu/h-i686-mingw32/bin/../lib/gcc/nios2-elf/4.1.2\libgcc.a(_sf_to_si.o)
                              obj/default/media_interrupt_HAL.o (__fixsfsi)
d:/modelsim_ase/quartus/quartus cyclone ii/nios2eds/bin/gnu/h-i686-mingw32/bin/../lib/gcc/nios2-elf/4.1.2\libgcc.a(_sf_to_df.o)
                              obj/default/media_interrupt_HAL.o (__extendsfdf2)
d:/modelsim_ase/quartus/quartus cyclone ii/nios2eds/bin/gnu/h-i686-mingw32/bin/../lib/gcc/nios2-elf/4.1.2\libgcc.a(_usi_to_sf.o)
                              obj/default/media_interrupt_HAL.o (__floatunsisf)
d:/modelsim_ase/quartus/quartus cyclone ii/nios2eds/bin/gnu/h-i686-mingw32/bin/../lib/gcc/nios2-elf/4.1.2\libgcc.a(_make_df.o)
                              d:/modelsim_ase/quartus/quartus cyclone ii/nios2eds/bin/gnu/h-i686-mingw32/bin/../lib/gcc/nios2-elf/4.1.2\libgcc.a(_sf_to_df.o) (__make_dp)
d:/modelsim_ase/quartus/quartus cyclone ii/nios2eds/bin/gnu/h-i686-mingw32/bin/../lib/gcc/nios2-elf/4.1.2\libgcc.a(_clzsi2.o)
                              d:/modelsim_ase/quartus/quartus cyclone ii/nios2eds/bin/gnu/h-i686-mingw32/bin/../lib/gcc/nios2-elf/4.1.2\libgcc.a(_si_to_sf.o) (__clzsi2)
d:/modelsim_ase/quartus/quartus cyclone ii/nios2eds/bin/gnu/h-i686-mingw32/bin/../lib/gcc/nios2-elf/4.1.2\libgcc.a(_pack_sf.o)
                              d:/modelsim_ase/quartus/quartus cyclone ii/nios2eds/bin/gnu/h-i686-mingw32/bin/../lib/gcc/nios2-elf/4.1.2\libgcc.a(_si_to_sf.o) (__pack_f)
d:/modelsim_ase/quartus/quartus cyclone ii/nios2eds/bin/gnu/h-i686-mingw32/bin/../lib/gcc/nios2-elf/4.1.2\libgcc.a(_unpack_sf.o)
                              d:/modelsim_ase/quartus/quartus cyclone ii/nios2eds/bin/gnu/h-i686-mingw32/bin/../lib/gcc/nios2-elf/4.1.2\libgcc.a(_sf_to_si.o) (__unpack_f)
d:/modelsim_ase/quartus/quartus cyclone ii/nios2eds/bin/gnu/h-i686-mingw32/bin/../lib/gcc/nios2-elf/4.1.2\libgcc.a(_pack_df.o)
                              d:/modelsim_ase/quartus/quartus cyclone ii/nios2eds/bin/gnu/h-i686-mingw32/bin/../lib/gcc/nios2-elf/4.1.2\libgcc.a(_make_df.o) (__pack_d)
d:/modelsim_ase/quartus/quartus cyclone ii/nios2eds/bin/gnu/h-i686-mingw32/bin/../lib/gcc/nios2-elf/4.1.2\libgcc.a(_clz.o)
                              d:/modelsim_ase/quartus/quartus cyclone ii/nios2eds/bin/gnu/h-i686-mingw32/bin/../lib/gcc/nios2-elf/4.1.2\libgcc.a(_clzsi2.o) (__clz_tab)
d:/modelsim_ase/quartus/quartus cyclone ii/nios2eds/bin/gnu/h-i686-mingw32/bin/../lib/gcc/nios2-elf/4.1.2/../../../../nios2-elf/lib\libc.a(lib_a-memcpy.o)
                              obj/default/media_interrupt_HAL.o (memcpy)
d:/modelsim_ase/quartus/quartus cyclone ii/nios2eds/bin/gnu/h-i686-mingw32/bin/../lib/gcc/nios2-elf/4.1.2/../../../../nios2-elf/lib\libc.a(lib_a-memset.o)
                              obj/default/media_interrupt_HAL.o (memset)
d:/modelsim_ase/quartus/quartus cyclone ii/nios2eds/bin/gnu/h-i686-mingw32/bin/../lib/gcc/nios2-elf/4.1.2/../../../../nios2-elf/lib\libc.a(lib_a-printf.o)
                              obj/default/audio_ISR.o (printf)
d:/modelsim_ase/quartus/quartus cyclone ii/nios2eds/bin/gnu/h-i686-mingw32/bin/../lib/gcc/nios2-elf/4.1.2/../../../../nios2-elf/lib\libc.a(lib_a-vfprintf.o)
                              d:/modelsim_ase/quartus/quartus cyclone ii/nios2eds/bin/gnu/h-i686-mingw32/bin/../lib/gcc/nios2-elf/4.1.2/../../../../nios2-elf/lib\libc.a(lib_a-printf.o) (___vfprintf_internal_r)
d:/modelsim_ase/quartus/quartus cyclone ii/nios2eds/bin/gnu/h-i686-mingw32/bin/../lib/gcc/nios2-elf/4.1.2/../../../../nios2-elf/lib\libc.a(lib_a-wsetup.o)
                              d:/modelsim_ase/quartus/quartus cyclone ii/nios2eds/bin/gnu/h-i686-mingw32/bin/../lib/gcc/nios2-elf/4.1.2/../../../../nios2-elf/lib\libc.a(lib_a-vfprintf.o) (__swsetup_r)
d:/modelsim_ase/quartus/quartus cyclone ii/nios2eds/bin/gnu/h-i686-mingw32/bin/../lib/gcc/nios2-elf/4.1.2/../../../../nios2-elf/lib\libc.a(lib_a-dtoa.o)
                              d:/modelsim_ase/quartus/quartus cyclone ii/nios2eds/bin/gnu/h-i686-mingw32/bin/../lib/gcc/nios2-elf/4.1.2/../../../../nios2-elf/lib\libc.a(lib_a-vfprintf.o) (_dtoa_r)
d:/modelsim_ase/quartus/quartus cyclone ii/nios2eds/bin/gnu/h-i686-mingw32/bin/../lib/gcc/nios2-elf/4.1.2/../../../../nios2-elf/lib\libc.a(lib_a-fflush.o)
                              d:/modelsim_ase/quartus/quartus cyclone ii/nios2eds/bin/gnu/h-i686-mingw32/bin/../lib/gcc/nios2-elf/4.1.2/../../../../nios2-elf/lib\libc.a(lib_a-vfprintf.o) (_fflush_r)
d:/modelsim_ase/quartus/quartus cyclone ii/nios2eds/bin/gnu/h-i686-mingw32/bin/../lib/gcc/nios2-elf/4.1.2/../../../../nios2-elf/lib\libc.a(lib_a-findfp.o)
[...]
Memory Configuration

Name             Origin             Length             Attributes
reset            0x00000000         0x00000020
SDRAM            0x00000020         0x007fffe0
Flash_flash_data 0x0c000000         0x00400000
*default*        0x00000000         0xffffffff

Linker script and memory map

LOAD ../FPGA_Lab3_bsp//obj/HAL/src/crt0.o
LOAD obj/default/PS2_ISR.o
LOAD obj/default/audio_ISR.o
LOAD obj/default/globals.o
LOAD obj/default/interval_timer_ISR.o
LOAD obj/default/media_interrupt_HAL.o
LOAD obj/default/pushbutton_ISR.o
LOAD d:/modelsim_ase/quartus/quartus cyclone ii/nios2eds/bin/gnu/h-i686-mingw32/bin/../lib/gcc/nios2-elf/4.1.2/../../../../nios2-elf/lib\libstdc++.a
LOAD d:/modelsim_ase/quartus/quartus cyclone ii/nios2eds/bin/gnu/h-i686-mingw32/bin/../lib/gcc/nios2-elf/4.1.2/../../../../nios2-elf/lib\libm.a
LOAD d:/modelsim_ase/quartus/quartus cyclone ii/nios2eds/bin/gnu/h-i686-mingw32/bin/../lib/gcc/nios2-elf/4.1.2\libgcc.a
START GROUP
LOAD d:/modelsim_ase/quartus/quartus cyclone ii/nios2eds/bin/gnu/h-i686-mingw32/bin/../lib/gcc/nios2-elf/4.1.2/../../../../nios2-elf/lib\libc.a
LOAD d:/modelsim_ase/quartus/quartus cyclone ii/nios2eds/bin/gnu/h-i686-mingw32/bin/../lib/gcc/nios2-elf/4.1.2\libgcc.a
LOAD ../FPGA_Lab3_bsp/\libhal_bsp.a
END GROUP
LOAD d:/modelsim_ase/quartus/quartus cyclone ii/nios2eds/bin/gnu/h-i686-mingw32/bin/../lib/gcc/nios2-elf/4.1.2\libgcc.a
                0x00000000                __alt_mem_SDRAM = 0x0
                0x0c000000                __alt_mem_Flash_flash_data = 0xc000000

.entry          0x00000000       0x20
 *(.entry)
 .entry         0x00000000       0x20 ../FPGA_Lab3_bsp//obj/HAL/src/crt0.o
                0x00000000                __reset

.exceptions     0x00000020      0x194
                0x00000020                PROVIDE (__ram_exceptions_start, ABSOLUTE (.))
                0x00000020                . = ALIGN (0x20)
 *(.irq)
 *(.exceptions.entry.label)
 .exceptions.entry.label
                0x00000020        0x0 ../FPGA_Lab3_bsp/\libhal_bsp.a(alt_irq_entry.o)
                0x00000020                alt_irq_entry
 .exceptions.entry.label
                0x00000020        0x0 ../FPGA_Lab3_bsp/\libhal_bsp.a(alt_exception_entry.o)
                0x00000020                alt_exception
 *(.exceptions.entry.user)
 *(.exceptions.entry)
 .exceptions.entry
                0x00000020       0x54 ../FPGA_Lab3_bsp/\libhal_bsp.a(alt_exception_entry.o)
 *(.exceptions.irqtest.user)
 *(.exceptions.irqtest)
 .exceptions.irqtest
                0x00000074       0x10 ../FPGA_Lab3_bsp/\libhal_bsp.a(alt_irq_entry.o)
 *(.exceptions.irqhandler.user)
 *(.exceptions.irqhandler)
 .exceptions.irqhandler
                0x00000084        0x4 ../FPGA_Lab3_bsp/\libhal_bsp.a(alt_irq_entry.o)
 *(.exceptions.irqreturn.user)
 *(.exceptions.irqreturn)
 .exceptions.irqreturn
                0x00000088        0x4 ../FPGA_Lab3_bsp/\libhal_bsp.a(alt_irq_entry.o)
 *(.exceptions.notirq.label)
 .exceptions.notirq.label
                0x0000008c        0x0 ../FPGA_Lab3_bsp/\libhal_bsp.a(alt_irq_entry.o)
 *(.exceptions.notirq.user)
 *(.exceptions.notirq)
 .exceptions.notirq
                0x0000008c        0x8 ../FPGA_Lab3_bsp/\libhal_bsp.a(alt_exception_entry.o)
 *(.exceptions.soft.user)
 *(.exceptions.soft)
 *(.exceptions.unknown.user)
 *(.exceptions.unknown)
 .exceptions.unknown
                0x00000094        0x4 ../FPGA_Lab3_bsp/\libhal_bsp.a(alt_exception_entry.o)
 *(.exceptions.exit.label)
 .exceptions.exit.label
                0x00000098        0x0 ../FPGA_Lab3_bsp/\libhal_bsp.a(alt_irq_entry.o)
 .exceptions.exit.label
                0x00000098        0x0 ../FPGA_Lab3_bsp/\libhal_bsp.a(alt_exception_entry.o)
 *(.exceptions.exit.user)
 *(.exceptions.exit)
 .exceptions.exit
                0x00000098       0x54 ../FPGA_Lab3_bsp/\libhal_bsp.a(alt_exception_entry.o)
 *(.exceptions)
 .exceptions    0x000000ec       0xc8 ../FPGA_Lab3_bsp/\libhal_bsp.a(alt_irq_handler.o)
                0x000000ec                alt_irq_handler
                0x000001b4                PROVIDE (__ram_exceptions_end, ABSOLUTE (.))
                0x00000020                PROVIDE (__flash_exceptions_start, LOADADDR (.exceptions))

.text           0x000001b4    0x11b80
                0x000001b4                PROVIDE (stext, ABSOLUTE (.))
 *(.interp)
 *(.hash)
 *(.dynsym)
 *(.dynstr)
 *(.gnu.version)
 *(.gnu.version_d)
 *(.gnu.version_r)
 *(.rel.init)
 *(.rela.init)
 *(.rel.text .rel.text.* .rel.gnu.linkonce.t.*)
 *(.rela.text .rela.text.* .rela.gnu.linkonce.t.*)
 *(.rel.fini)
 *(.rela.fini)
 *(.rel.rodata .rel.rodata.* .rel.gnu.linkonce.r.*)
 *(.rela.rodata .rela.rodata.* .rela.gnu.linkonce.r.*)
 *(.rel.data .rel.data.* .rel.gnu.linkonce.d.*)
 *(.rela.data .rela.data.* .rela.gnu.linkonce.d.*)
 *(.rel.tdata .rel.tdata.* .rel.gnu.linkonce.td.*)
 *(.rela.tdata .rela.tdata.* .rela.gnu.linkonce.td.*)
 *(.rel.tbss .rel.tbss.* .rel.gnu.linkonce.tb.*)
 *(.rela.tbss .rela.tbss.* .rela.gnu.linkonce.tb.*)
 *(.rel.ctors)
 *(.rela.ctors)
 *(.rel.dtors)
 *(.rela.dtors)
 *(.rel.got)
 *(.rela.got)
 *(.rel.sdata .rel.sdata.* .rel.gnu.linkonce.s.*)
 *(.rela.sdata .rela.sdata.* .rela.gnu.linkonce.s.*)
 *(.rel.sbss .rel.sbss.* .rel.gnu.linkonce.sb.*)
 *(.rela.sbss .rela.sbss.* .rela.gnu.linkonce.sb.*)
 *(.rel.sdata2 .rel.sdata2.* .rel.gnu.linkonce.s2.*)
 *(.rela.sdata2 .rela.sdata2.* .rela.gnu.linkonce.s2.*)
 *(.rel.sbss2 .rel.sbss2.* .rel.gnu.linkonce.sb2.*)
 *(.rela.sbss2 .rela.sbss2.* .rela.gnu.linkonce.sb2.*)
 *(.rel.bss .rel.bss.* .rel.gnu.linkonce.b.*)
 *(.rela.bss .rela.bss.* .rela.gnu.linkonce.b.*)
 *(.rel.plt)
 *(.rela.plt)
 *(.rel.dyn)
 *(.init)
 *(.plt)
 *(.text .stub .text.* .gnu.linkonce.t.*)
 .text          0x000001b4       0x3c ../FPGA_Lab3_bsp//obj/HAL/src/crt0.o
                0x000001b4                _start
 .text          0x000001f0      0x150 obj/default/PS2_ISR.o
                0x000001f0                PS2_ISR
 .text          0x00000340      0x280 obj/default/audio_ISR.o
                0x00000340                audio_ISR
 .text          0x000005c0        0x0 obj/default/globals.o
 .text          0x000005c0       0x60 obj/default/interval_timer_ISR.o
                0x000005c0                interval_timer_ISR
 .text          0x00000620     0x1bd0 obj/default/media_interrupt_HAL.o
                0x00000620                main
                0x00001174                HEX_PS2
                0x00001298                PS2_Init
                0x00001350                show_mouse_buttons_states_on_Red_LEDs
                0x00001448                check_for_click
                0x000014d4                check_KEYs
                0x00001618                print_mouse_on_given_position
                0x000016bc                erase_previous_mouse_position
                0x00001a00                setMouseBounds
                0x00001a34                getMouseState
                0x00001c10                print_screen
                0x00001e28                denoise_the_noisy_sound
                0x00001f80                echo_maker
 .text          0x000021f0       0xb8 obj/default/pushbutton_ISR.o
                0x000021f0                pushbutton_ISR
 .text          0x000022a8       0x98 d:/modelsim_ase/quartus/quartus cyclone ii/nios2eds/bin/gnu/h-i686-mingw32/bin/../lib/gcc/nios2-elf/4.1.2\libgcc.a(_si_to_sf.o)
                0x000022a8                __floatsisf
 .text          0x00002340       0x94 d:/modelsim_ase/quartus/quartus cyclone ii/nios2eds/bin/gnu/h-i686-mingw32/bin/../lib/gcc/nios2-elf/4.1.2\libgcc.a(_sf_to_si.o)
                0x00002340                __fixsfsi
 .text          0x000023d4       0x54 d:/modelsim_ase/quartus/quartus cyclone ii/nios2eds/bin/gnu/h-i686-mingw32/bin/../lib/gcc/nios2-elf/4.1.2\libgcc.a(_sf_to_df.o)
                0x000023d4                __extendsfdf2
 .text          0x00002428       0xc0 d:/modelsim_ase/quartus/quartus cyclone ii/nios2eds/bin/gnu/h-i686-mingw32/bin/../lib/gcc/nios2-elf/4.1.2\libgcc.a(_usi_to_sf.o)
                0x00002428                __floatunsisf
 .text          0x000024e8       0x38 d:/modelsim_ase/quartus/quartus cyclone ii/nios2eds/bin/gnu/h-i686-mingw32/bin/../lib/gcc/nios2-elf/4.1.2\libgcc.a(_make_df.o)
                0x000024e8                __make_dp
 .text          0x00002520       0x80 d:/modelsim_ase/quartus/quartus cyclone ii/nios2eds/bin/gnu/h-i686-mingw32/bin/../lib/gcc/nios2-elf/4.1.2\libgcc.a(_clzsi2.o)
                0x00002520                __clzsi2
 .text          0x000025a0      0x160 d:/modelsim_ase/quartus/quartus cyclone ii/nios2eds/bin/gnu/h-i686-mingw32/bin/../lib/gcc/nios2-elf/4.1.2\libgcc.a(_pack_sf.o)
                0x000025a0                __pack_f
 .text          0x00002700       0xc8 d:/modelsim_ase/quartus/quartus cyclone ii/nios2eds/bin/gnu/h-i686-mingw32/bin/../lib/gcc/nios2-elf/4.1.2\libgcc.a(_unpack_sf.o)
                0x00002700                __unpack_f
 .text          0x000027c8      0x314 d:/modelsim_ase/quartus/quartus cyclone ii/nios2eds/bin/gnu/h-i686-mingw32/bin/../lib/gcc/nios2-elf/4.1.2\libgcc.a(_pack_df.o)
                0x000027c8                __pack_d
 .text          0x00002adc        0x0 d:/modelsim_ase/quartus/quartus cyclone ii/nios2eds/bin/gnu/h-i686-mingw32/bin/../lib/gcc/nios2-elf/4.1.2\libgcc.a(_clz.o)
 .text          0x00002adc       0xa0 d:/modelsim_ase/quartus/quartus cyclone ii/nios2eds/bin/gnu/h-i686-mingw32/bin/../lib/gcc/nios2-elf/4.1.2/../../../../nios2-elf/lib\libc.a(lib_a-memcpy.o)
                0x00002adc                memcpy
 .text          0x00002b7c       0x98 d:/modelsim_ase/quartus/quartus cyclone ii/nios2eds/bin/gnu/h-i686-mingw32/bin/../lib/gcc/nios2-elf/4.1.2/../../../../nios2-elf/lib\libc.a(lib_a-memset.o)
                0x00002b7c                memset
 .text          0x00002c14       0x78 d:/modelsim_ase/quartus/quartus cyclone ii/nios2eds/bin/gnu/h-i686-mingw32/bin/../lib/gcc/nios2-elf/4.1.2/../../../../nios2-elf/lib\libc.a(lib_a-printf.o)
                0x00002c14                printf
                0x00002c58                _printf_r
 .text          0x00002c8c     0x1f28 d:/modelsim_ase/quartus/quartus cyclone ii/nios2eds/bin/gnu/h-i686-mingw32/bin/../lib/gcc/nios2-elf/4.1.2/../../../../nios2-elf/lib\libc.a(lib_a-vfprintf.o)
                0x00002ce4                ___vfprintf_internal_r
                0x00004b90                __vfprintf_internal
 .text          0x00004bb4      0x13c d:/modelsim_ase/quartus/quartus cyclone ii/nios2eds/bin/gnu/h-i686-mingw32/bin/../lib/gcc/nios2-elf/4.1.2/../../../../nios2-elf/lib\libc.a(lib_a-wsetup.o)
                0x00004bb4                __swsetup_r
 .text          0x00004cf0     0x17cc d:/modelsim_ase/quartus/quartus cyclone ii/nios2eds/bin/gnu/h-i686-mingw32/bin/../lib/gcc/nios2-elf/4.1.2/../../../../nios2-elf/lib\libc.a(lib_a-dtoa.o)
                0x00004f08                _dtoa_r
 .text          0x000064bc      0x230 d:/modelsim_ase/quartus/quartus cyclone ii/nios2eds/bin/gnu/h-i686-mingw32/bin/../lib/gcc/nios2-elf/4.1.2/../../../../nios2-elf/lib\libc.a(lib_a-fflush.o)
                0x000064bc                _fflush_r
                0x000066b8                fflush
 .text          0x000066ec      0x2c0 d:/modelsim_ase/quartus/quartus cyclone ii/nios2eds/bin/gnu/h-i686-mingw32/bin/../lib/gcc/nios2-elf/4.1.2/../../../../nios2-elf/lib\libc.a(lib_a-findfp.o)
                0x00006744                __sfp_lock_acquire
                0x00006748                __sfp_lock_release
                0x0000674c                __sinit_lock_acquire
                0x00006750                __sinit_lock_release
                0x00006754                __sinit
                0x00006808                __fp_unlock_all
                0x00006820                __fp_lock_all
                0x00006838                _cleanup_r
                0x00006844                _cleanup
                0x00006854                __sfmoreglue
                0x000068bc                __sfp
 .text          0x000069ac      0x440 d:/modelsim_ase/quartus/quartus cyclone ii/nios2eds/bin/gnu/h-i686-mingw32/bin/../lib/gcc/nios2-elf/4.1.2/../../../../nios2-elf/lib\libc.a(lib_a-freer.o)
                0x000069ac                _malloc_trim_r
                0x00006ad8                _free_r
 .text          0x00006dec      0x49c d:/modelsim_ase/quartus/quartus cyclone ii/nios2eds/bin/gnu/h-i686-mingw32/bin/../lib/gcc/nios2-elf/4.1.2/../../../../nios2-elf/lib\libc.a(lib_a-fvwrite.o)
                0x00006dec                __sfvwrite_r
 .text          0x00007288      0x180 d:/modelsim_ase/quartus/quartus cyclone ii/nios2eds/bin/gnu/h-i686-mingw32/bin/../lib/gcc/nios2-elf/4.1.2/../../../../nios2-elf/lib\libc.a(lib_a-fwalk.o)
                0x00007288                _fwalk_reent
                0x00007350                _fwalk
 .text          0x00007408        0x0 d:/modelsim_ase/quartus/quartus cyclone ii/nios2eds/bin/gnu/h-i686-mingw32/bin/../lib/gcc/nios2-elf/4.1.2/../../../../nios2-elf/lib\libc.a(lib_a-impure.o)
 .text          0x00007408       0xc4 d:/modelsim_ase/quartus/quartus cyclone ii/nios2eds/bin/gnu/h-i686-mingw32/bin/../lib/gcc/nios2-elf/4.1.2/../../../../nios2-elf/lib\libc.a(lib_a-locale.o)
                0x00007408                __locale_charset
                0x00007410                _localeconv_r
                0x0000741c                localeconv
                0x0000742c                _setlocale_r
                0x000074b0                setlocale
 .text          0x000074cc      0x194 d:/modelsim_ase/quartus/quartus cyclone ii/nios2eds/bin/gnu/h-i686-mingw32/bin/../lib/gcc/nios2-elf/4.1.2/../../../../nios2-elf/lib\libc.a(lib_a-makebuf.o)
                0x000074cc                __smakebuf_r
 .text          0x00007660      0x740 d:/modelsim_ase/quartus/quartus cyclone ii/nios2eds/bin/gnu/h-i686-mingw32/bin/../lib/gcc/nios2-elf/4.1.2/../../../../nios2-elf/lib\libc.a(lib_a-mallocr.o)
                0x00007660                _malloc_r
 .text          0x00007da0       0xe4 d:/modelsim_ase/quartus/quartus cyclone ii/nios2eds/bin/gnu/h-i686-mingw32/bin/../lib/gcc/nios2-elf/4.1.2/../../../../nios2-elf/lib\libc.a(lib_a-memchr.o)
                0x00007da0                memchr
 .text          0x00007e84       0xe0 d:/modelsim_ase/quartus/quartus cyclone ii/nios2eds/bin/gnu/h-i686-mingw32/bin/../lib/gcc/nios2-elf/4.1.2/../../../../nios2-elf/lib\libc.a(lib_a-memmove.o)
                0x00007e84                memmove
 .text          0x00007f64      0xff4 d:/modelsim_ase/quartus/quartus cyclone ii/nios2eds/bin/gnu/h-i686-mingw32/bin/../lib/gcc/nios2-elf/4.1.2/../../../../nios2-elf/lib\libc.a(lib_a-mprec.o)
                0x00007f64                _Bfree
                0x00007f8c                __hi0bits
                0x00007ffc                __lo0bits
                0x000080c0                __mcmp
                0x00008120                __ulp
                0x000081a0                __b2d
                0x000082c0                __ratio
                0x00008370                _mprec_log10
                0x00008404                __copybits
                0x0000845c                __any_on
                0x000084e4                _Balloc
                0x000085a0                __d2b
                0x0000871c                __mdiff
                0x000088a8                __lshift
                0x000089f4                __multiply
                0x00008bdc                __i2b
                0x00008c18                __multadd
                0x00008d18                __pow5mult
                0x00008e38                __s2b
 .text          0x00008f58      0x5f4 d:/modelsim_ase/quartus/quartus cyclone ii/nios2eds/bin/gnu/h-i686-mingw32/bin/../lib/gcc/nios2-elf/4.1.2/../../../../nios2-elf/lib\libc.a(lib_a-reallocr.o)
                0x00008f58                _realloc_r
 .text          0x0000954c       0x40 d:/modelsim_ase/quartus/quartus cyclone ii/nios2eds/bin/gnu/h-i686-mingw32/bin/../lib/gcc/nios2-elf/4.1.2/../../../../nios2-elf/lib\libc.a(lib_a-s_isinfd.o)
                0x0000954c                __isinfd
 .text          0x0000958c       0x30 d:/modelsim_ase/quartus/quartus cyclone ii/nios2eds/bin/gnu/h-i686-mingw32/bin/../lib/gcc/nios2-elf/4.1.2/../../../../nios2-elf/lib\libc.a(lib_a-s_isnand.o)
                0x0000958c                __isnand
 .text          0x000095bc       0x70 d:/modelsim_ase/quartus/quartus cyclone ii/nios2eds/bin/gnu/h-i686-mingw32/bin/../lib/gcc/nios2-elf/4.1.2/../../../../nios2-elf/lib\libc.a(lib_a-sbrkr.o)
                0x000095bc                _sbrk_r
 .text          0x0000962c      0x14c d:/modelsim_ase/quartus/quartus cyclone ii/nios2eds/bin/gnu/h-i686-mingw32/bin/../lib/gcc/nios2-elf/4.1.2/../../../../nios2-elf/lib\libc.a(lib_a-stdio.o)
                0x0000962c                __sclose
                0x00009634                __sseek
                0x0000969c                __swrite
                0x00009718                __sread
 .text          0x00009778       0xbc d:/modelsim_ase/quartus/quartus cyclone ii/nios2eds/bin/gnu/h-i686-mingw32/bin/../lib/gcc/nios2-elf/4.1.2/../../../../nios2-elf/lib\libc.a(lib_a-strcmp.o)
                0x00009778                strcmp
 .text          0x00009834       0x74 d:/modelsim_ase/quartus/quartus cyclone ii/nios2eds/bin/gnu/h-i686-mingw32/bin/../lib/gcc/nios2-elf/4.1.2/../../../../nios2-elf/lib\libc.a(lib_a-strlen.o)
                0x00009834                strlen
 .text          0x000098a8       0x78 d:/modelsim_ase/quartus/quartus cyclone ii/nios2eds/bin/gnu/h-i686-mingw32/bin/../lib/gcc/nios2-elf/4.1.2/../../../../nios2-elf/lib\libc.a(lib_a-writer.o)
                0x000098a8                _write_r
 .text          0x00009920       0xb4 d:/modelsim_ase/quartus/quartus cyclone ii/nios2eds/bin/gnu/h-i686-mingw32/bin/../lib/gcc/nios2-elf/4.1.2/../../../../nios2-elf/lib\libc.a(lib_a-callocr.o)
                0x00009920                _calloc_r
 .text          0x000099d4       0x70 d:/modelsim_ase/quartus/quartus cyclone ii/nios2eds/bin/gnu/h-i686-mingw32/bin/../lib/gcc/nios2-elf/4.1.2/../../../../nios2-elf/lib\libc.a(lib_a-closer.o)
                0x000099d4                _close_r
 .text          0x00009a44      0x124 d:/modelsim_ase/quartus/quartus cyclone ii/nios2eds/bin/gnu/h-i686-mingw32/bin/../lib/gcc/nios2-elf/4.1.2/../../../../nios2-elf/lib\libc.a(lib_a-fclose.o)
                0x00009a44                _fclose_r
                0x00009b54                fclose
 .text          0x00009b68       0x74 d:/modelsim_ase/quartus/quartus cyclone ii/nios2eds/bin/gnu/h-i686-mingw32/bin/../lib/gcc/nios2-elf/4.1.2/../../../../nios2-elf/lib\libc.a(lib_a-fstatr.o)
                0x00009b68                _fstat_r
 .text          0x00009bdc        0x0 d:/modelsim_ase/quartus/quartus cyclone ii/nios2eds/bin/gnu/h-i686-mingw32/bin/../lib/gcc/nios2-elf/4.1.2/../../../../nios2-elf/lib\libc.a(lib_a-int_errno.o)
 .text          0x00009bdc       0x70 d:/modelsim_ase/quartus/quartus cyclone ii/nios2eds/bin/gnu/h-i686-mingw32/bin/../lib/gcc/nios2-elf/4.1.2/../../../../nios2-elf/lib\libc.a(lib_a-isattyr.o)
                0x00009bdc                _isatty_r
 .text          0x00009c4c       0x78 d:/modelsim_ase/quartus/quartus cyclone ii/nios2eds/bin/gnu/h-i686-mingw32/bin/../lib/gcc/nios2-elf/4.1.2/../../../../nios2-elf/lib\libc.a(lib_a-lseekr.o)
                0x00009c4c                _lseek_r
 .text          0x00009cc4       0x78 d:/modelsim_ase/quartus/quartus cyclone ii/nios2eds/bin/gnu/h-i686-mingw32/bin/../lib/gcc/nios2-elf/4.1.2/../../../../nios2-elf/lib\libc.a(lib_a-readr.o)
                0x00009cc4                _read_r
 .text          0x00009d3c      0x5dc d:/modelsim_ase/quartus/quartus cyclone ii/nios2eds/bin/gnu/h-i686-mingw32/bin/../lib/gcc/nios2-elf/4.1.2\libgcc.a(_udivdi3.o)
                0x00009d3c                __udivdi3
 .text          0x0000a318      0x5b0 d:/modelsim_ase/quartus/quartus cyclone ii/nios2eds/bin/gnu/h-i686-mingw32/bin/../lib/gcc/nios2-elf/4.1.2\libgcc.a(_umoddi3.o)
                0x0000a318                __umoddi3
 .text          0x0000a8c8      0x504 d:/modelsim_ase/quartus/quartus cyclone ii/nios2eds/bin/gnu/h-i686-mingw32/bin/../lib/gcc/nios2-elf/4.1.2\libgcc.a(_addsub_df.o)
                0x0000acd8                __subdf3
                0x0000ad58                __adddf3
 .text          0x0000adcc      0x3c4 d:/modelsim_ase/quartus/quartus cyclone ii/nios2eds/bin/gnu/h-i686-mingw32/bin/../lib/gcc/nios2-elf/4.1.2\libgcc.a(_mul_df.o)
                0x0000adcc                __muldf3
 .text          0x0000b190      0x258 d:/modelsim_ase/quartus/quartus cyclone ii/nios2eds/bin/gnu/h-i686-mingw32/bin/../lib/gcc/nios2-elf/4.1.2\libgcc.a(_div_df.o)
                0x0000b190                __divdf3
 .text          0x0000b3e8       0x88 d:/modelsim_ase/quartus/quartus cyclone ii/nios2eds/bin/gnu/h-i686-mingw32/bin/../lib/gcc/nios2-elf/4.1.2\libgcc.a(_eq_df.o)
                0x0000b3e8                __eqdf2
 .text          0x0000b470       0x88 d:/modelsim_ase/quartus/quartus cyclone ii/nios2eds/bin/gnu/h-i686-mingw32/bin/../lib/gcc/nios2-elf/4.1.2\libgcc.a(_ne_df.o)
                0x0000b470                __nedf2
 .text          0x0000b4f8       0x88 d:/modelsim_ase/quartus/quartus cyclone ii/nios2eds/bin/gnu/h-i686-mingw32/bin/../lib/gcc/nios2-elf/4.1.2\libgcc.a(_gt_df.o)
                0x0000b4f8                __gtdf2
 .text          0x0000b580       0x88 d:/modelsim_ase/quartus/quartus cyclone ii/nios2eds/bin/gnu/h-i686-mingw32/bin/../lib/gcc/nios2-elf/4.1.2\libgcc.a(_ge_df.o)
                0x0000b580                __gedf2
 .text          0x0000b608       0x88 d:/modelsim_ase/quartus/quartus cyclone ii/nios2eds/bin/gnu/h-i686-mingw32/bin/../lib/gcc/nios2-elf/4.1.2\libgcc.a(_lt_df.o)
                0x0000b608                __ltdf2
 .text          0x0000b690       0xf8 d:/modelsim_ase/quartus/quartus cyclone ii/nios2eds/bin/gnu/h-i686-mingw32/bin/../lib/gcc/nios2-elf/4.1.2\libgcc.a(_si_to_df.o)
                0x0000b690                __floatsidf
 .text          0x0000b788       0xd8 d:/modelsim_ase/quartus/quartus cyclone ii/nios2eds/bin/gnu/h-i686-mingw32/bin/../lib/gcc/nios2-elf/4.1.2\libgcc.a(_df_to_si.o)
                0x0000b788                __fixdfsi
 .text          0x0000b860        0x0 d:/modelsim_ase/quartus/quartus cyclone ii/nios2eds/bin/gnu/h-i686-mingw32/bin/../lib/gcc/nios2-elf/4.1.2\libgcc.a(_thenan_df.o)
 .text          0x0000b860      0x194 d:/modelsim_ase/quartus/quartus cyclone ii/nios2eds/bin/gnu/h-i686-mingw32/bin/../lib/gcc/nios2-elf/4.1.2\libgcc.a(_usi_to_df.o)
                0x0000b860                __floatunsidf
 .text          0x0000b9f4      0x14c d:/modelsim_ase/quartus/quartus cyclone ii/nios2eds/bin/gnu/h-i686-mingw32/bin/../lib/gcc/nios2-elf/4.1.2\libgcc.a(lib2-divmod.o)
                0x0000ba70                __divsi3
                0x0000bad0                __modsi3
                0x0000bb30                __udivsi3
                0x0000bb38                __umodsi3
 .text          0x0000bb40       0x98 d:/modelsim_ase/quartus/quartus cyclone ii/nios2eds/bin/gnu/h-i686-mingw32/bin/../lib/gcc/nios2-elf/4.1.2\libgcc.a(_muldi3.o)
                0x0000bb40                __muldi3
 .text          0x0000bbd8      0x138 d:/modelsim_ase/quartus/quartus cyclone ii/nios2eds/bin/gnu/h-i686-mingw32/bin/../lib/gcc/nios2-elf/4.1.2\libgcc.a(_unpack_df.o)
                0x0000bbd8                __unpack_d
 .text          0x0000bd10       0xc8 d:/modelsim_ase/quartus/quartus cyclone ii/nios2eds/bin/gnu/h-i686-mingw32/bin/../lib/gcc/nios2-elf/4.1.2\libgcc.a(_fpcmp_parts_df.o)
                0x0000bd10                __fpcmp_parts_d
 .text          0x0000bdd8      0x15c ../FPGA_Lab3_bsp/\libhal_bsp.a(alt_close.o)
                0x0000bdd8                close
 .text          0x0000bf34       0x2c ../FPGA_Lab3_bsp/\libhal_bsp.a(alt_dev.o)
 .text          0x0000bf60        0x0 ../FPGA_Lab3_bsp/\libhal_bsp.a(alt_errno.o)
 .text          0x0000bf60      0x134 ../FPGA_Lab3_bsp/\libhal_bsp.a(alt_fstat.o)
                0x0000bf60                fstat
 .text          0x0000c094      0x1c0 ../FPGA_Lab3_bsp/\libhal_bsp.a(alt_irq_register.o)
                0x0000c094                alt_irq_register
 .text          0x0000c254        0x0 ../FPGA_Lab3_bsp/\libhal_bsp.a(alt_irq_vars.o)
 .text          0x0000c254      0x120 ../FPGA_Lab3_bsp/\libhal_bsp.a(alt_isatty.o)
                0x0000c254                isatty
 .text          0x0000c374       0xec ../FPGA_Lab3_bsp/\libhal_bsp.a(alt_load.o)
                0x0000c374                alt_load
 .text          0x0000c460      0x150 ../FPGA_Lab3_bsp/\libhal_bsp.a(alt_lseek.o)
                0x0000c460                lseek
 .text          0x0000c5b0       0x6c ../FPGA_Lab3_bsp/\libhal_bsp.a(alt_main.o)
                0x0000c5b0                alt_main
 .text          0x0000c61c       0x40 ../FPGA_Lab3_bsp/\libhal_bsp.a(alt_malloc_lock.o)
                0x0000c61c                __malloc_lock
                0x0000c63c                __malloc_unlock
 .text          0x0000c65c      0x258 ../FPGA_Lab3_bsp/\libhal_bsp.a(alt_printf.o)
                0x0000c65c                alt_printf
 .text          0x0000c8b4       0x40 ../FPGA_Lab3_bsp/\libhal_bsp.a(alt_putchar.o)
                0x0000c8b4                alt_putchar
 .text          0x0000c8f4      0x180 ../FPGA_Lab3_bsp/\libhal_bsp.a(alt_read.o)
                0x0000c8f4                read
 .text          0x0000ca74       0x60 ../FPGA_Lab3_bsp/\libhal_bsp.a(alt_release_fd.o)
                0x0000ca74                alt_release_fd
 .text          0x0000cad4       0xbc ../FPGA_Lab3_bsp/\libhal_bsp.a(alt_sbrk.o)
                0x0000cad4                sbrk
 .text          0x0000cb90      0x180 ../FPGA_Lab3_bsp/\libhal_bsp.a(alt_write.o)
                0x0000cb90                write
 .text          0x0000cd10       0xd8 ../FPGA_Lab3_bsp/\libhal_bsp.a(alt_sys_init.o)
                0x0000cd10                alt_irq_init
                0x0000cd44                alt_sys_init
 .text          0x0000cde8      0x148 ../FPGA_Lab3_bsp/\libhal_bsp.a(altera_avalon_jtag_uart_fd.o)
                0x0000cde8                altera_avalon_jtag_uart_read_fd
                0x0000ce40                altera_avalon_jtag_uart_write_fd
                0x0000ce98                altera_avalon_jtag_uart_close_fd
                0x0000cee0                altera_avalon_jtag_uart_ioctl_fd
 .text          0x0000cf30      0x40c ../FPGA_Lab3_bsp/\libhal_bsp.a(altera_avalon_jtag_uart_init.o)
                0x0000cf30                altera_avalon_jtag_uart_init
                0x0000d2c8                altera_avalon_jtag_uart_close
 .text          0x0000d33c       0xf4 ../FPGA_Lab3_bsp/\libhal_bsp.a(altera_avalon_jtag_uart_ioctl.o)
                0x0000d33c                altera_avalon_jtag_uart_ioctl
 .text          0x0000d430      0x224 ../FPGA_Lab3_bsp/\libhal_bsp.a(altera_avalon_jtag_uart_read.o)
                0x0000d430                altera_avalon_jtag_uart_read
 .text          0x0000d654      0x240 ../FPGA_Lab3_bsp/\libhal_bsp.a(altera_avalon_jtag_uart_write.o)
                0x0000d654                altera_avalon_jtag_uart_write
 .text          0x0000d894      0x168 ../FPGA_Lab3_bsp/\libhal_bsp.a(altera_avalon_timer_ts.o)
                0x0000d894                alt_timestamp_start
                0x0000d938                alt_timestamp
                0x0000d9d4                alt_timestamp_freq
 .text          0x0000d9fc        0x0 ../FPGA_Lab3_bsp/\libhal_bsp.a(altera_avalon_timer_vars.o)
 .text          0x0000d9fc      0x80c ../FPGA_Lab3_bsp/\libhal_bsp.a(altera_up_avalon_audio.o)
                0x0000d9fc                alt_up_audio_open_dev
                0x0000da3c                alt_up_audio_enable_read_interrupt
                0x0000da88                alt_up_audio_disable_read_interrupt
                0x0000dad8                alt_up_audio_enable_write_interrupt
                0x0000db24                alt_up_audio_disable_write_interrupt
                0x0000db74                alt_up_audio_read_interrupt_pending
                0x0000dbb0                alt_up_audio_write_interrupt_pending
                0x0000dbec                alt_up_audio_reset_audio_core
                0x0000dc74                alt_up_audio_read_fifo_avail
                0x0000dce4                alt_up_audio_record_r
                0x0000dd54                alt_up_audio_record_l
                0x0000ddc4                alt_up_audio_write_fifo_space
                0x0000de38                alt_up_audio_play_r
                0x0000dea8                alt_up_audio_play_l
                0x0000df18                alt_up_audio_read_fifo
                0x0000e01c                alt_up_audio_write_fifo
                0x0000e148                alt_up_audio_read_fifo_head
                0x0000e1a8                alt_up_audio_write_fifo_head
 .text          0x0000e208      0x530 ../FPGA_Lab3_bsp/\libhal_bsp.a(altera_up_avalon_character_lcd.o)
                0x0000e208                get_DDRAM_addr
                0x0000e284                alt_up_character_lcd_send_cmd
                0x0000e2b8                alt_up_character_lcd_init
                0x0000e2ec                alt_up_character_lcd_open_dev
                0x0000e32c                alt_up_character_lcd_write
                0x0000e3a4                alt_up_character_lcd_string
                0x0000e41c                alt_up_character_lcd_write_fd
                0x0000e468                alt_up_character_lcd_set_cursor_pos
                0x0000e4e0                alt_up_character_lcd_shift_cursor
                0x0000e590                alt_up_character_lcd_shift_display
                0x0000e640                alt_up_character_lcd_erase_pos
                0x0000e6d0                alt_up_character_lcd_cursor_off
                0x0000e704                alt_up_character_lcd_cursor_blink_on
 .text          0x0000e738       0x40 ../FPGA_Lab3_bsp/\libhal_bsp.a(altera_up_avalon_parallel_port.o)
                0x0000e738                alt_up_parallel_port_open_dev
 .text          0x0000e778      0x700 ../FPGA_Lab3_bsp/\libhal_bsp.a(altera_up_avalon_ps2.o)
                0x0000e778                read_RI_bit
                0x0000e7ac                read_RE_bit
                0x0000e7dc                read_CE_bit
                0x0000e810                read_num_bytes_available
                0x0000e844                read_data_valid
                0x0000e878                read_data_byte
                0x0000e8a4                alt_up_ps2_init
                0x0000e970                alt_up_ps2_enable_read_interrupt
                0x0000e9c4                alt_up_ps2_disable_read_interrupt
                0x0000ea1c                alt_up_ps2_write_data_byte
                0x0000ea94                alt_up_ps2_wait_for_ack
                0x0000eb04                alt_up_ps2_write_data_byte_with_ack
                0x0000eb70                alt_up_ps2_read_data_byte_timeout
                0x0000ec20                alt_up_ps2_read_data_byte
                0x0000ec9c                alt_up_ps2_clear_fifo
                0x0000ecf4                alt_up_ps2_read_fd
                0x0000ed90                alt_up_ps2_write_fd
                0x0000ee38                alt_up_ps2_open_dev
 .text          0x0000ee78      0x304 ../FPGA_Lab3_bsp/\libhal_bsp.a(altera_up_avalon_video_character_buffer_with_dma.o)
                0x0000ee78                alt_up_char_buffer_init
                0x0000eefc                alt_up_char_buffer_open_dev
                0x0000ef3c                alt_up_char_buffer_draw
                0x0000f00c                alt_up_char_buffer_string
                0x0000f120                alt_up_char_buffer_clear
 .text          0x0000f17c     0x156c ../FPGA_Lab3_bsp/\libhal_bsp.a(altera_up_avalon_video_pixel_buffer_dma.o)
                0x0000f17c                alt_up_pixel_buffer_dma_open_dev
                0x0000f1bc                alt_up_pixel_buffer_dma_draw
                0x0000f35c                alt_up_pixel_buffer_dma_change_back_buffer_address
                0x0000f3b4                alt_up_pixel_buffer_dma_swap_buffers
                0x0000f40c                alt_up_pixel_buffer_dma_check_swap_buffers_status
                0x0000f440                alt_up_pixel_buffer_dma_clear_screen
                0x0000f5a4                alt_up_pixel_buffer_dma_draw_box
                0x0000fa98                alt_up_pixel_buffer_dma_draw_hline
                0x0000fde8                alt_up_pixel_buffer_dma_draw_vline
                0x000101b8                alt_up_pixel_buffer_dma_draw_rectangle
                0x0001027c                helper_plot_pixel
                0x0001034c                alt_up_pixel_buffer_dma_draw_line
 .text          0x000106e8      0x154 ../FPGA_Lab3_bsp/\libhal_bsp.a(alt_alarm_start.o)
                0x000106e8                alt_alarm_start
 .text          0x0001083c       0x1c ../FPGA_Lab3_bsp/\libhal_bsp.a(alt_dcache_flush_all.o)
                0x0001083c                alt_dcache_flush_all
 .text          0x00010858      0x114 ../FPGA_Lab3_bsp/\libhal_bsp.a(alt_dev_llist_insert.o)
                0x00010858                alt_dev_llist_insert
 .text          0x0001096c       0x64 ../FPGA_Lab3_bsp/\libhal_bsp.a(alt_do_ctors.o)
                0x0001096c                _do_ctors
 .text          0x000109d0       0x64 ../FPGA_Lab3_bsp/\libhal_bsp.a(alt_do_dtors.o)
                0x000109d0                _do_dtors
 .text          0x00010a34       0x94 ../FPGA_Lab3_bsp/\libhal_bsp.a(alt_find_dev.o)
                0x00010a34                alt_find_dev
 .text          0x00010ac8       0x30 ../FPGA_Lab3_bsp/\libhal_bsp.a(alt_icache_flush_all.o)
                0x00010ac8                alt_icache_flush_all
 .text          0x00010af8      0x1d4 ../FPGA_Lab3_bsp/\libhal_bsp.a(alt_iic.o)
                0x00010af8                alt_ic_isr_register
                0x00010b48                alt_ic_irq_enable
                0x00010be4                alt_ic_irq_disable
                0x00010c84                alt_ic_irq_enabled
 .text          0x00010ccc       0xf8 ../FPGA_Lab3_bsp/\libhal_bsp.a(alt_iic_isr_register.o)
                0x00010ccc                alt_iic_isr_register
 .text          0x00010dc4      0x13c ../FPGA_Lab3_bsp/\libhal_bsp.a(alt_io_redirect.o)
                0x00010e88                alt_io_redirect
 .text          0x00010f00        0x0 ../FPGA_Lab3_bsp/\libhal_bsp.a(alt_irq_entry.o)
 .text          0x00010f00        0x0 ../FPGA_Lab3_bsp/\libhal_bsp.a(alt_irq_handler.o)
 .text          0x00010f00      0x2c4 ../FPGA_Lab3_bsp/\libhal_bsp.a(alt_open.o)
                0x00010fdc                open
 .text          0x000111c4      0x1a4 ../FPGA_Lab3_bsp/\libhal_bsp.a(alt_tick.o)
                0x000111c4                alt_alarm_stop
                0x0001125c                alt_tick
 .text          0x00011368       0x20 ../FPGA_Lab3_bsp/\libhal_bsp.a(altera_nios2_qsys_irq.o)
                0x00011368                altera_nios2_qsys_irq_init
 .text          0x00011388        0x0 ../FPGA_Lab3_bsp/\libhal_bsp.a(alt_exception_entry.o)
 .text          0x00011388      0x120 ../FPGA_Lab3_bsp/\libhal_bsp.a(alt_find_file.o)
                0x00011388                alt_find_file
 .text          0x000114a8       0xb8 ../FPGA_Lab3_bsp/\libhal_bsp.a(alt_get_fd.o)
                0x000114a8                alt_get_fd
 .text          0x00011560       0x90 ../FPGA_Lab3_bsp/\libhal_bsp.a(alt_icache_flush.o)
                0x00011560                alt_icache_flush
 .text          0x000115f0       0x14 d:/modelsim_ase/quartus/quartus cyclone ii/nios2eds/bin/gnu/h-i686-mingw32/bin/../lib/gcc/nios2-elf/4.1.2/../../../../nios2-elf/lib\libc.a(lib_a-atexit.o)
                0x000115f0                atexit
 .text          0x00011604       0x38 d:/modelsim_ase/quartus/quartus cyclone ii/nios2eds/bin/gnu/h-i686-mingw32/bin/../lib/gcc/nios2-elf/4.1.2/../../../../nios2-elf/lib\libc.a(lib_a-exit.o)
                0x00011604                exit
 .text          0x0001163c       0x74 d:/modelsim_ase/quartus/quartus cyclone ii/nios2eds/bin/gnu/h-i686-mingw32/bin/../lib/gcc/nios2-elf/4.1.2/../../../../nios2-elf/lib\libc.a(lib_a-memcmp.o)
                0x0001163c                memcmp
 .text          0x000116b0      0x1ec d:/modelsim_ase/quartus/quartus cyclone ii/nios2eds/bin/gnu/h-i686-mingw32/bin/../lib/gcc/nios2-elf/4.1.2/../../../../nios2-elf/lib\libc.a(lib_a-putc.o)
                0x000116b0                putc
                0x000117b4                _putc_r
 .text          0x0001189c      0x14c d:/modelsim_ase/quartus/quartus cyclone ii/nios2eds/bin/gnu/h-i686-mingw32/bin/../lib/gcc/nios2-elf/4.1.2/../../../../nios2-elf/lib\libc.a(lib_a-wbuf.o)
                0x0001189c                __swbuf_r
                0x000119cc                __swbuf
 .text          0x000119e8      0x134 d:/modelsim_ase/quartus/quartus cyclone ii/nios2eds/bin/gnu/h-i686-mingw32/bin/../lib/gcc/nios2-elf/4.1.2/../../../../nios2-elf/lib\libc.a(lib_a-__atexit.o)
                0x000119e8                __register_exitproc
 .text          0x00011b1c      0x1b4 d:/modelsim_ase/quartus/quartus cyclone ii/nios2eds/bin/gnu/h-i686-mingw32/bin/../lib/gcc/nios2-elf/4.1.2/../../../../nios2-elf/lib\libc.a(lib_a-__call_atexit.o)
                0x00011b20                __call_exitprocs
 .text          0x00011cd0       0x60 ../FPGA_Lab3_bsp/\libhal_bsp.a(alt_exit.o)
                0x00011d10                _exit
 *(.gnu.warning.*)
 *(.fini)
                0x00011d30                PROVIDE (__etext, ABSOLUTE (.))
                0x00011d30                PROVIDE (_etext, ABSOLUTE (.))
                0x00011d30                PROVIDE (etext, ABSOLUTE (.))
 *(.eh_frame_hdr)
                0x00011d30                . = ALIGN (0x4)
                0x00011d30                PROVIDE (__preinit_array_start, ABSOLUTE (.))
 *(.preinit_array)
                0x00011d30                PROVIDE (__preinit_array_end, ABSOLUTE (.))
                0x00011d30                PROVIDE (__init_array_start, ABSOLUTE (.))
 *(.init_array)
                0x00011d30                PROVIDE (__init_array_end, ABSOLUTE (.))
                0x00011d30                PROVIDE (__fini_array_start, ABSOLUTE (.))
 *(.fini_array)
                0x00011d30                PROVIDE (__fini_array_end, ABSOLUTE (.))
 *(.eh_frame)
 *(.gcc_except_table)
 *(.dynamic)
                0x00011d30                PROVIDE (__CTOR_LIST__, ABSOLUTE (.))
 *(.ctors)
 *(SORT(.ctors.*))
 .ctors.65535   0x00011d30        0x4 d:/modelsim_ase/quartus/quartus cyclone ii/nios2eds/bin/gnu/h-i686-mingw32/bin/../lib/gcc/nios2-elf/4.1.2/../../../../nios2-elf/lib\libc.a(lib_a-__call_atexit.o)
                0x00011d34                PROVIDE (__CTOR_END__, ABSOLUTE (.))
                0x00011d34                PROVIDE (__DTOR_LIST__, ABSOLUTE (.))
 *(.dtors)
 *(SORT(.dtors.*))
                0x00011d34                PROVIDE (__DTOR_END__, ABSOLUTE (.))
 *(.jcr)
                0x00011d34                . = ALIGN (0x4)

.rodata         0x00011d34      0x724
                0x00011d34                PROVIDE (__ram_rodata_start, ABSOLUTE (.))
                0x00011d34                . = ALIGN (0x4)
 *(.rodata .rodata.* .gnu.linkonce.r.*)
 .rodata        0x00011d34       0x10 obj/default/audio_ISR.o
 .rodata        0x00011d44      0x3c0 obj/default/media_interrupt_HAL.o
 .rodata        0x00012104      0x100 d:/modelsim_ase/quartus/quartus cyclone ii/nios2eds/bin/gnu/h-i686-mingw32/bin/../lib/gcc/nios2-elf/4.1.2\libgcc.a(_clz.o)
                0x00012104                __clz_tab
 .rodata.str1.4
                0x00012204       0x5e d:/modelsim_ase/quartus/quartus cyclone ii/nios2eds/bin/gnu/h-i686-mingw32/bin/../lib/gcc/nios2-elf/4.1.2/../../../../nios2-elf/lib\libc.a(lib_a-vfprintf.o)
                                 0x60 (size before relaxing)
 .rodata        0x00012262       0x20 d:/modelsim_ase/quartus/quartus cyclone ii/nios2eds/bin/gnu/h-i686-mingw32/bin/../lib/gcc/nios2-elf/4.1.2/../../../../nios2-elf/lib\libc.a(lib_a-vfprintf.o)
 *fill*         0x00012282        0x2 00
 .rodata.str1.4
                0x00012284       0x10 d:/modelsim_ase/quartus/quartus cyclone ii/nios2eds/bin/gnu/h-i686-mingw32/bin/../lib/gcc/nios2-elf/4.1.2/../../../../nios2-elf/lib\libc.a(lib_a-dtoa.o)
                                 0x14 (size before relaxing)
 .rodata.str1.4
                0x00012294        0x2 d:/modelsim_ase/quartus/quartus cyclone ii/nios2eds/bin/gnu/h-i686-mingw32/bin/../lib/gcc/nios2-elf/4.1.2/../../../../nios2-elf/lib\libc.a(lib_a-impure.o)
                                  0x4 (size before relaxing)
 *fill*         0x00012296        0x2 00
 .rodata.str1.4
                0x00012298       0x10 d:/modelsim_ase/quartus/quartus cyclone ii/nios2eds/bin/gnu/h-i686-mingw32/bin/../lib/gcc/nios2-elf/4.1.2/../../../../nios2-elf/lib\libc.a(lib_a-locale.o)
                                 0x18 (size before relaxing)
 .rodata        0x000122a8       0x30 d:/modelsim_ase/quartus/quartus cyclone ii/nios2eds/bin/gnu/h-i686-mingw32/bin/../lib/gcc/nios2-elf/4.1.2/../../../../nios2-elf/lib\libc.a(lib_a-locale.o)
 .rodata        0x000122d8      0x124 d:/modelsim_ase/quartus/quartus cyclone ii/nios2eds/bin/gnu/h-i686-mingw32/bin/../lib/gcc/nios2-elf/4.1.2/../../../../nios2-elf/lib\libc.a(lib_a-mprec.o)
                0x000122d8                __mprec_tens
                0x000123a0                __mprec_bigtens
                0x000123c8                __mprec_tinytens
 .rodata        0x000123fc       0x14 d:/modelsim_ase/quartus/quartus cyclone ii/nios2eds/bin/gnu/h-i686-mingw32/bin/../lib/gcc/nios2-elf/4.1.2\libgcc.a(_thenan_df.o)
                0x000123fc                __thenan_df
 .rodata        0x00012410        0xc ../FPGA_Lab3_bsp/\libhal_bsp.a(alt_dev.o)
 .rodata        0x0001241c       0x10 ../FPGA_Lab3_bsp/\libhal_bsp.a(alt_main.o)
 .rodata        0x0001242c       0x10 ../FPGA_Lab3_bsp/\libhal_bsp.a(alt_sys_init.o)
 .rodata        0x0001243c       0x1c ../FPGA_Lab3_bsp/\libhal_bsp.a(altera_up_avalon_video_character_buffer_with_dma.o)
 *(.rodata1)
                0x00012458                . = ALIGN (0x4)
                0x00012458                PROVIDE (__ram_rodata_end, ABSOLUTE (.))
                0x00011d34                PROVIDE (__flash_rodata_start, LOADADDR (.rodata))

.rwdata         0x00012458     0x1b60 load address 0x00013fb8
                0x00012458                PROVIDE (__ram_rwdata_start, ABSOLUTE (.))
                0x00012458                . = ALIGN (0x4)
 *(.got.plt)
 *(.got)
 *(.data1)
 *(.data .data.* .gnu.linkonce.d.*)
 .data          0x00012458        0x0 ../FPGA_Lab3_bsp//obj/HAL/src/crt0.o
 .data          0x00012458        0x0 obj/default/PS2_ISR.o
 .data          0x00012458        0x0 obj/default/audio_ISR.o
 .data          0x00012458        0x0 obj/default/globals.o
 .data          0x00012458        0x0 obj/default/interval_timer_ISR.o
 .data          0x00012458      0x100 obj/default/media_interrupt_HAL.o
                0x00012458                denoise_filter_coefficients
 .data          0x00012558        0x0 obj/default/pushbutton_ISR.o
 .data          0x00012558        0x0 d:/modelsim_ase/quartus/quartus cyclone ii/nios2eds/bin/gnu/h-i686-mingw32/bin/../lib/gcc/nios2-elf/4.1.2\libgcc.a(_si_to_sf.o)
 .data          0x00012558        0x0 d:/modelsim_ase/quartus/quartus cyclone ii/nios2eds/bin/gnu/h-i686-mingw32/bin/../lib/gcc/nios2-elf/4.1.2\libgcc.a(_sf_to_si.o)
 .data          0x00012558        0x0 d:/modelsim_ase/quartus/quartus cyclone ii/nios2eds/bin/gnu/h-i686-mingw32/bin/../lib/gcc/nios2-elf/4.1.2\libgcc.a(_sf_to_df.o)
 .data          0x00012558        0x0 d:/modelsim_ase/quartus/quartus cyclone ii/nios2eds/bin/gnu/h-i686-mingw32/bin/../lib/gcc/nios2-elf/4.1.2\libgcc.a(_usi_to_sf.o)
 .data          0x00012558        0x0 d:/modelsim_ase/quartus/quartus cyclone ii/nios2eds/bin/gnu/h-i686-mingw32/bin/../lib/gcc/nios2-elf/4.1.2\libgcc.a(_make_df.o)
 .data          0x00012558        0x0 d:/modelsim_ase/quartus/quartus cyclone ii/nios2eds/bin/gnu/h-i686-mingw32/bin/../lib/gcc/nios2-elf/4.1.2\libgcc.a(_clzsi2.o)
 .data          0x00012558        0x0 d:/modelsim_ase/quartus/quartus cyclone ii/nios2eds/bin/gnu/h-i686-mingw32/bin/../lib/gcc/nios2-elf/4.1.2\libgcc.a(_pack_sf.o)
 .data          0x00012558        0x0 d:/modelsim_ase/quartus/quartus cyclone ii/nios2eds/bin/gnu/h-i686-mingw32/bin/../lib/gcc/nios2-elf/4.1.2\libgcc.a(_unpack_sf.o)
 .data          0x00012558        0x0 d:/modelsim_ase/quartus/quartus cyclone ii/nios2eds/bin/gnu/h-i686-mingw32/bin/../lib/gcc/nios2-elf/4.1.2\libgcc.a(_pack_df.o)
 .data          0x00012558        0x0 d:/modelsim_ase/quartus/quartus cyclone ii/nios2eds/bin/gnu/h-i686-mingw32/bin/../lib/gcc/nios2-elf/4.1.2\libgcc.a(_clz.o)
 .data          0x00012558        0x0 d:/modelsim_ase/quartus/quartus cyclone ii/nios2eds/bin/gnu/h-i686-mingw32/bin/../lib/gcc/nios2-elf/4.1.2/../../../../nios2-elf/lib\libc.a(lib_a-memcpy.o)
 .data          0x00012558        0x0 d:/modelsim_ase/quartus/quartus cyclone ii/nios2eds/bin/gnu/h-i686-mingw32/bin/../lib/gcc/nios2-elf/4.1.2/../../../../nios2-elf/lib\libc.a(lib_a-memset.o)
 .data          0x00012558        0x0 d:/modelsim_ase/quartus/quartus cyclone ii/nios2eds/bin/gnu/h-i686-mingw32/bin/../lib/gcc/nios2-elf/4.1.2/../../../../nios2-elf/lib\libc.a(lib_a-printf.o)
 .data          0x00012558        0x0 d:/modelsim_ase/quartus/quartus cyclone ii/nios2eds/bin/gnu/h-i686-mingw32/bin/../lib/gcc/nios2-elf/4.1.2/../../../../nios2-elf/lib\libc.a(lib_a-vfprintf.o)
 .data          0x00012558        0x0 d:/modelsim_ase/quartus/quartus cyclone ii/nios2eds/bin/gnu/h-i686-mingw32/bin/../lib/gcc/nios2-elf/4.1.2/../../../../nios2-elf/lib\libc.a(lib_a-wsetup.o)
 .data          0x00012558        0x0 d:/modelsim_ase/quartus/quartus cyclone ii/nios2eds/bin/gnu/h-i686-mingw32/bin/../lib/gcc/nios2-elf/4.1.2/../../../../nios2-elf/lib\libc.a(lib_a-dtoa.o)
 .data          0x00012558        0x0 d:/modelsim_ase/quartus/quartus cyclone ii/nios2eds/bin/gnu/h-i686-mingw32/bin/../lib/gcc/nios2-elf/4.1.2/../../../../nios2-elf/lib\libc.a(lib_a-fflush.o)
 .data          0x00012558        0x0 d:/modelsim_ase/quartus/quartus cyclone ii/nios2eds/bin/gnu/h-i686-mingw32/bin/../lib/gcc/nios2-elf/4.1.2/../../../../nios2-elf/lib\libc.a(lib_a-findfp.o)
 .data          0x00012558        0x0 d:/modelsim_ase/quartus/quartus cyclone ii/nios2eds/bin/gnu/h-i686-mingw32/bin/../lib/gcc/nios2-elf/4.1.2/../../../../nios2-elf/lib\libc.a(lib_a-freer.o)
 .data          0x00012558        0x0 d:/modelsim_ase/quartus/quartus cyclone ii/nios2eds/bin/gnu/h-i686-mingw32/bin/../lib/gcc/nios2-elf/4.1.2/../../../../nios2-elf/lib\libc.a(lib_a-fvwrite.o)
 .data          0x00012558        0x0 d:/modelsim_ase/quartus/quartus cyclone ii/nios2eds/bin/gnu/h-i686-mingw32/bin/../lib/gcc/nios2-elf/4.1.2/../../../../nios2-elf/lib\libc.a(lib_a-fwalk.o)
 .data          0x00012558      0x400 d:/modelsim_ase/quartus/quartus cyclone ii/nios2eds/bin/gnu/h-i686-mingw32/bin/../lib/gcc/nios2-elf/4.1.2/../../../../nios2-elf/lib\libc.a(lib_a-impure.o)
 .data          0x00012958        0xc d:/modelsim_ase/quartus/quartus cyclone ii/nios2eds/bin/gnu/h-i686-mingw32/bin/../lib/gcc/nios2-elf/4.1.2/../../../../nios2-elf/lib\libc.a(lib_a-locale.o)
                0x00012958                __lc_ctype
 .data          0x00012964        0x0 d:/modelsim_ase/quartus/quartus cyclone ii/nios2eds/bin/gnu/h-i686-mingw32/bin/../lib/gcc/nios2-elf/4.1.2/../../../../nios2-elf/lib\libc.a(lib_a-makebuf.o)
 .data          0x00012964      0x408 d:/modelsim_ase/quartus/quartus cyclone ii/nios2eds/bin/gnu/h-i686-mingw32/bin/../lib/gcc/nios2-elf/4.1.2/../../../../nios2-elf/lib\libc.a(lib_a-mallocr.o)
                0x00012964                __malloc_av_
 .data          0x00012d6c        0x0 d:/modelsim_ase/quartus/quartus cyclone ii/nios2eds/bin/gnu/h-i686-mingw32/bin/../lib/gcc/nios2-elf/4.1.2/../../../../nios2-elf/lib\libc.a(lib_a-memchr.o)
 .data          0x00012d6c        0x0 d:/modelsim_ase/quartus/quartus cyclone ii/nios2eds/bin/gnu/h-i686-mingw32/bin/../lib/gcc/nios2-elf/4.1.2/../../../../nios2-elf/lib\libc.a(lib_a-memmove.o)
 .data          0x00012d6c        0x0 d:/modelsim_ase/quartus/quartus cyclone ii/nios2eds/bin/gnu/h-i686-mingw32/bin/../lib/gcc/nios2-elf/4.1.2/../../../../nios2-elf/lib\libc.a(lib_a-mprec.o)
 .data          0x00012d6c        0x0 d:/modelsim_ase/quartus/quartus cyclone ii/nios2eds/bin/gnu/h-i686-mingw32/bin/../lib/gcc/nios2-elf/4.1.2/../../../../nios2-elf/lib\libc.a(lib_a-reallocr.o)
 .data          0x00012d6c        0x0 d:/modelsim_ase/quartus/quartus cyclone ii/nios2eds/bin/gnu/h-i686-mingw32/bin/../lib/gcc/nios2-elf/4.1.2/../../../../nios2-elf/lib\libc.a(lib_a-s_isinfd.o)
 .data          0x00012d6c        0x0 d:/modelsim_ase/quartus/quartus cyclone ii/nios2eds/bin/gnu/h-i686-mingw32/bin/../lib/gcc/nios2-elf/4.1.2/../../../../nios2-elf/lib\libc.a(lib_a-s_isnand.o)
 .data          0x00012d6c        0x0 d:/modelsim_ase/quartus/quartus cyclone ii/nios2eds/bin/gnu/h-i686-mingw32/bin/../lib/gcc/nios2-elf/4.1.2/../../../../nios2-elf/lib\libc.a(lib_a-sbrkr.o)
 .data          0x00012d6c        0x0 d:/modelsim_ase/quartus/quartus cyclone ii/nios2eds/bin/gnu/h-i686-mingw32/bin/../lib/gcc/nios2-elf/4.1.2/../../../../nios2-elf/lib\libc.a(lib_a-stdio.o)
 .data          0x00012d6c        0x0 d:/modelsim_ase/quartus/quartus cyclone ii/nios2eds/bin/gnu/h-i686-mingw32/bin/../lib/gcc/nios2-elf/4.1.2/../../../../nios2-elf/lib\libc.a(lib_a-strcmp.o)
 .data          0x00012d6c        0x0 d:/modelsim_ase/quartus/quartus cyclone ii/nios2eds/bin/gnu/h-i686-mingw32/bin/../lib/gcc/nios2-elf/4.1.2/../../../../nios2-elf/lib\libc.a(lib_a-strlen.o)
 .data          0x00012d6c        0x0 d:/modelsim_ase/quartus/quartus cyclone ii/nios2eds/bin/gnu/h-i686-mingw32/bin/../lib/gcc/nios2-elf/4.1.2/../../../../nios2-elf/lib\libc.a(lib_a-writer.o)
 .data          0x00012d6c        0x0 d:/modelsim_ase/quartus/quartus cyclone ii/nios2eds/bin/gnu/h-i686-mingw32/bin/../lib/gcc/nios2-elf/4.1.2/../../../../nios2-elf/lib\libc.a(lib_a-callocr.o)
 .data          0x00012d6c        0x0 d:/modelsim_ase/quartus/quartus cyclone ii/nios2eds/bin/gnu/h-i686-mingw32/bin/../lib/gcc/nios2-elf/4.1.2/../../../../nios2-elf/lib\libc.a(lib_a-closer.o)
 .data          0x00012d6c        0x0 d:/modelsim_ase/quartus/quartus cyclone ii/nios2eds/bin/gnu/h-i686-mingw32/bin/../lib/gcc/nios2-elf/4.1.2/../../../../nios2-elf/lib\libc.a(lib_a-fclose.o)
 .data          0x00012d6c        0x0 d:/modelsim_ase/quartus/quartus cyclone ii/nios2eds/bin/gnu/h-i686-mingw32/bin/../lib/gcc/nios2-elf/4.1.2/../../../../nios2-elf/lib\libc.a(lib_a-fstatr.o)
 .data          0x00012d6c        0x0 d:/modelsim_ase/quartus/quartus cyclone ii/nios2eds/bin/gnu/h-i686-mingw32/bin/../lib/gcc/nios2-elf/4.1.2/../../../../nios2-elf/lib\libc.a(lib_a-int_errno.o)
 .data          0x00012d6c        0x0 d:/modelsim_ase/quartus/quartus cyclone ii/nios2eds/bin/gnu/h-i686-mingw32/bin/../lib/gcc/nios2-elf/4.1.2/../../../../nios2-elf/lib\libc.a(lib_a-isattyr.o)
 .data          0x00012d6c        0x0 d:/modelsim_ase/quartus/quartus cyclone ii/nios2eds/bin/gnu/h-i686-mingw32/bin/../lib/gcc/nios2-elf/4.1.2/../../../../nios2-elf/lib\libc.a(lib_a-lseekr.o)
 .data          0x00012d6c        0x0 d:/modelsim_ase/quartus/quartus cyclone ii/nios2eds/bin/gnu/h-i686-mingw32/bin/../lib/gcc/nios2-elf/4.1.2/../../../../nios2-elf/lib\libc.a(lib_a-readr.o)
 .data          0x00012d6c        0x0 d:/modelsim_ase/quartus/quartus cyclone ii/nios2eds/bin/gnu/h-i686-mingw32/bin/../lib/gcc/nios2-elf/4.1.2\libgcc.a(_udivdi3.o)
 .data          0x00012d6c        0x0 d:/modelsim_ase/quartus/quartus cyclone ii/nios2eds/bin/gnu/h-i686-mingw32/bin/../lib/gcc/nios2-elf/4.1.2\libgcc.a(_umoddi3.o)
 .data          0x00012d6c        0x0 d:/modelsim_ase/quartus/quartus cyclone ii/nios2eds/bin/gnu/h-i686-mingw32/bin/../lib/gcc/nios2-elf/4.1.2\libgcc.a(_addsub_df.o)
 .data          0x00012d6c        0x0 d:/modelsim_ase/quartus/quartus cyclone ii/nios2eds/bin/gnu/h-i686-mingw32/bin/../lib/gcc/nios2-elf/4.1.2\libgcc.a(_mul_df.o)
 .data          0x00012d6c        0x0 d:/modelsim_ase/quartus/quartus cyclone ii/nios2eds/bin/gnu/h-i686-mingw32/bin/../lib/gcc/nios2-elf/4.1.2\libgcc.a(_div_df.o)
 .data          0x00012d6c        0x0 d:/modelsim_ase/quartus/quartus cyclone ii/nios2eds/bin/gnu/h-i686-mingw32/bin/../lib/gcc/nios2-elf/4.1.2\libgcc.a(_eq_df.o)
 .data          0x00012d6c        0x0 d:/modelsim_ase/quartus/quartus cyclone ii/nios2eds/bin/gnu/h-i686-mingw32/bin/../lib/gcc/nios2-elf/4.1.2\libgcc.a(_ne_df.o)
 .data          0x00012d6c        0x0 d:/modelsim_ase/quartus/quartus cyclone ii/nios2eds/bin/gnu/h-i686-mingw32/bin/../lib/gcc/nios2-elf/4.1.2\libgcc.a(_gt_df.o)
 .data          0x00012d6c        0x0 d:/modelsim_ase/quartus/quartus cyclone ii/nios2eds/bin/gnu/h-i686-mingw32/bin/../lib/gcc/nios2-elf/4.1.2\libgcc.a(_ge_df.o)
 .data          0x00012d6c        0x0 d:/modelsim_ase/quartus/quartus cyclone ii/nios2eds/bin/gnu/h-i686-mingw32/bin/../lib/gcc/nios2-elf/4.1.2\libgcc.a(_lt_df.o)
 .data          0x00012d6c        0x0 d:/modelsim_ase/quartus/quartus cyclone ii/nios2eds/bin/gnu/h-i686-mingw32/bin/../lib/gcc/nios2-elf/4.1.2\libgcc.a(_si_to_df.o)
 .data          0x00012d6c        0x0 d:/modelsim_ase/quartus/quartus cyclone ii/nios2eds/bin/gnu/h-i686-mingw32/bin/../lib/gcc/nios2-elf/4.1.2\libgcc.a(_df_to_si.o)
 .data          0x00012d6c        0x0 d:/modelsim_ase/quartus/quartus cyclone ii/nios2eds/bin/gnu/h-i686-mingw32/bin/../lib/gcc/nios2-elf/4.1.2\libgcc.a(_thenan_df.o)
 .data          0x00012d6c        0x0 d:/modelsim_ase/quartus/quartus cyclone ii/nios2eds/bin/gnu/h-i686-mingw32/bin/../lib/gcc/nios2-elf/4.1.2\libgcc.a(_usi_to_df.o)
 .data          0x00012d6c        0x0 d:/modelsim_ase/quartus/quartus cyclone ii/nios2eds/bin/gnu/h-i686-mingw32/bin/../lib/gcc/nios2-elf/4.1.2\libgcc.a(lib2-divmod.o)
 .data          0x00012d6c        0x0 d:/modelsim_ase/quartus/quartus cyclone ii/nios2eds/bin/gnu/h-i686-mingw32/bin/../lib/gcc/nios2-elf/4.1.2\libgcc.a(_muldi3.o)
 .data          0x00012d6c        0x0 d:/modelsim_ase/quartus/quartus cyclone ii/nios2eds/bin/gnu/h-i686-mingw32/bin/../lib/gcc/nios2-elf/4.1.2\libgcc.a(_unpack_df.o)
 .data          0x00012d6c        0x0 d:/modelsim_ase/quartus/quartus cyclone ii/nios2eds/bin/gnu/h-i686-mingw32/bin/../lib/gcc/nios2-elf/4.1.2\libgcc.a(_fpcmp_parts_df.o)
 .data          0x00012d6c        0x0 ../FPGA_Lab3_bsp/\libhal_bsp.a(alt_close.o)
 .data          0x00012d6c      0x1a8 ../FPGA_Lab3_bsp/\libhal_bsp.a(alt_dev.o)
                0x00012d6c                alt_dev_null
                0x00012d94                alt_fd_list
 .data          0x00012f14        0x0 ../FPGA_Lab3_bsp/\libhal_bsp.a(alt_errno.o)
 .data          0x00012f14        0x0 ../FPGA_Lab3_bsp/\libhal_bsp.a(alt_fstat.o)
 .data          0x00012f14        0x0 ../FPGA_Lab3_bsp/\libhal_bsp.a(alt_irq_register.o)
 .data          0x00012f14        0x0 ../FPGA_Lab3_bsp/\libhal_bsp.a(alt_irq_vars.o)
 .data          0x00012f14        0x0 ../FPGA_Lab3_bsp/\libhal_bsp.a(alt_isatty.o)
 .data          0x00012f14        0x0 ../FPGA_Lab3_bsp/\libhal_bsp.a(alt_load.o)
 .data          0x00012f14        0x0 ../FPGA_Lab3_bsp/\libhal_bsp.a(alt_lseek.o)
 .data          0x00012f14        0x0 ../FPGA_Lab3_bsp/\libhal_bsp.a(alt_main.o)
 .data          0x00012f14        0x0 ../FPGA_Lab3_bsp/\libhal_bsp.a(alt_malloc_lock.o)
 .data          0x00012f14        0x0 ../FPGA_Lab3_bsp/\libhal_bsp.a(alt_printf.o)
 .data          0x00012f14        0x0 ../FPGA_Lab3_bsp/\libhal_bsp.a(alt_putchar.o)
 .data          0x00012f14        0x0 ../FPGA_Lab3_bsp/\libhal_bsp.a(alt_read.o)
 .data          0x00012f14        0x0 ../FPGA_Lab3_bsp/\libhal_bsp.a(alt_release_fd.o)
 .data          0x00012f14        0x0 ../FPGA_Lab3_bsp/\libhal_bsp.a(alt_sbrk.o)
 .data          0x00012f14        0x0 ../FPGA_Lab3_bsp/\libhal_bsp.a(alt_write.o)
 .data          0x00012f14     0x1060 ../FPGA_Lab3_bsp/\libhal_bsp.a(alt_sys_init.o)
 .data          0x00013f74        0x0 ../FPGA_Lab3_bsp/\libhal_bsp.a(altera_avalon_jtag_uart_fd.o)
 .data          0x00013f74        0x0 ../FPGA_Lab3_bsp/\libhal_bsp.a(altera_avalon_jtag_uart_init.o)
 .data          0x00013f74        0x0 ../FPGA_Lab3_bsp/\libhal_bsp.a(altera_avalon_jtag_uart_ioctl.o)
 .data          0x00013f74        0x0 ../FPGA_Lab3_bsp/\libhal_bsp.a(altera_avalon_jtag_uart_read.o)
 .data          0x00013f74        0x0 ../FPGA_Lab3_bsp/\libhal_bsp.a(altera_avalon_jtag_uart_write.o)
 .data          0x00013f74        0x0 ../FPGA_Lab3_bsp/\libhal_bsp.a(altera_avalon_timer_ts.o)
 .data          0x00013f74        0x0 ../FPGA_Lab3_bsp/\libhal_bsp.a(altera_avalon_timer_vars.o)
 .data          0x00013f74        0x0 ../FPGA_Lab3_bsp/\libhal_bsp.a(altera_up_avalon_audio.o)
 .data          0x00013f74        0x0 ../FPGA_Lab3_bsp/\libhal_bsp.a(altera_up_avalon_character_lcd.o)
 .data          0x00013f74        0x0 ../FPGA_Lab3_bsp/\libhal_bsp.a(altera_up_avalon_parallel_port.o)
 .data          0x00013f74        0x0 ../FPGA_Lab3_bsp/\libhal_bsp.a(altera_up_avalon_ps2.o)
 .data          0x00013f74        0x0 ../FPGA_Lab3_bsp/\libhal_bsp.a(altera_up_avalon_video_character_buffer_with_dma.o)
 .data          0x00013f74        0x0 ../FPGA_Lab3_bsp/\libhal_bsp.a(altera_up_avalon_video_pixel_buffer_dma.o)
 .data          0x00013f74        0x0 ../FPGA_Lab3_bsp/\libhal_bsp.a(alt_alarm_start.o)
 .data          0x00013f74        0x0 ../FPGA_Lab3_bsp/\libhal_bsp.a(alt_dcache_flush_all.o)
 .data          0x00013f74        0x0 ../FPGA_Lab3_bsp/\libhal_bsp.a(alt_dev_llist_insert.o)
 .data          0x00013f74        0x0 ../FPGA_Lab3_bsp/\libhal_bsp.a(alt_do_ctors.o)
 .data          0x00013f74        0x0 ../FPGA_Lab3_bsp/\libhal_bsp.a(alt_do_dtors.o)
 .data          0x00013f74        0x0 ../FPGA_Lab3_bsp/\libhal_bsp.a(alt_find_dev.o)
 .data          0x00013f74        0x0 ../FPGA_Lab3_bsp/\libhal_bsp.a(alt_icache_flush_all.o)
 .data          0x00013f74        0x0 ../FPGA_Lab3_bsp/\libhal_bsp.a(alt_iic.o)
 .data          0x00013f74        0x0 ../FPGA_Lab3_bsp/\libhal_bsp.a(alt_iic_isr_register.o)
 .data          0x00013f74        0x0 ../FPGA_Lab3_bsp/\libhal_bsp.a(alt_io_redirect.o)
 .data          0x00013f74        0x0 ../FPGA_Lab3_bsp/\libhal_bsp.a(alt_irq_entry.o)
 .data          0x00013f74        0x0 ../FPGA_Lab3_bsp/\libhal_bsp.a(alt_irq_handler.o)
 .data          0x00013f74        0x0 ../FPGA_Lab3_bsp/\libhal_bsp.a(alt_open.o)
 .data          0x00013f74        0x0 ../FPGA_Lab3_bsp/\libhal_bsp.a(alt_tick.o)
 .data          0x00013f74        0x0 ../FPGA_Lab3_bsp/\libhal_bsp.a(altera_nios2_qsys_irq.o)
 .data          0x00013f74        0x0 ../FPGA_Lab3_bsp/\libhal_bsp.a(alt_exception_entry.o)
 .data          0x00013f74        0x0 ../FPGA_Lab3_bsp/\libhal_bsp.a(alt_find_file.o)
 .data          0x00013f74        0x0 ../FPGA_Lab3_bsp/\libhal_bsp.a(alt_get_fd.o)
 .data          0x00013f74        0x0 ../FPGA_Lab3_bsp/\libhal_bsp.a(alt_icache_flush.o)
 .data          0x00013f74        0x0 d:/modelsim_ase/quartus/quartus cyclone ii/nios2eds/bin/gnu/h-i686-mingw32/bin/../lib/gcc/nios2-elf/4.1.2/../../../../nios2-elf/lib\libc.a(lib_a-atexit.o)
 .data          0x00013f74        0x0 d:/modelsim_ase/quartus/quartus cyclone ii/nios2eds/bin/gnu/h-i686-mingw32/bin/../lib/gcc/nios2-elf/4.1.2/../../../../nios2-elf/lib\libc.a(lib_a-exit.o)
 .data          0x00013f74        0x0 d:/modelsim_ase/quartus/quartus cyclone ii/nios2eds/bin/gnu/h-i686-mingw32/bin/../lib/gcc/nios2-elf/4.1.2/../../../../nios2-elf/lib\libc.a(lib_a-memcmp.o)
 .data          0x00013f74        0x0 d:/modelsim_ase/quartus/quartus cyclone ii/nios2eds/bin/gnu/h-i686-mingw32/bin/../lib/gcc/nios2-elf/4.1.2/../../../../nios2-elf/lib\libc.a(lib_a-putc.o)
 .data          0x00013f74        0x0 d:/modelsim_ase/quartus/quartus cyclone ii/nios2eds/bin/gnu/h-i686-mingw32/bin/../lib/gcc/nios2-elf/4.1.2/../../../../nios2-elf/lib\libc.a(lib_a-wbuf.o)
 .data          0x00013f74        0x0 d:/modelsim_ase/quartus/quartus cyclone ii/nios2eds/bin/gnu/h-i686-mingw32/bin/../lib/gcc/nios2-elf/4.1.2/../../../../nios2-elf/lib\libc.a(lib_a-__atexit.o)
 .data          0x00013f74        0x0 d:/modelsim_ase/quartus/quartus cyclone ii/nios2eds/bin/gnu/h-i686-mingw32/bin/../lib/gcc/nios2-elf/4.1.2/../../../../nios2-elf/lib\libc.a(lib_a-__call_atexit.o)
 .data          0x00013f74        0x0 ../FPGA_Lab3_bsp/\libhal_bsp.a(alt_exit.o)
                0x0001bf74                _gp = ABSOLUTE ((. + 0x8000))
                0x0001bf74                PROVIDE (gp, _gp)
 *(.rwdata .rwdata.*)
 *(.sdata .sdata.* .gnu.linkonce.s.*)
 .sdata         0x00013f74        0x4 obj/default/media_interrupt_HAL.o
                0x00013f74                number_of_coefficients
 .sdata         0x00013f78        0x8 d:/modelsim_ase/quartus/quartus cyclone ii/nios2eds/bin/gnu/h-i686-mingw32/bin/../lib/gcc/nios2-elf/4.1.2/../../../../nios2-elf/lib\libc.a(lib_a-impure.o)
                0x00013f78                _impure_ptr
                0x00013f7c                _global_impure_ptr
 .sdata         0x00013f80        0x8 d:/modelsim_ase/quartus/quartus cyclone ii/nios2eds/bin/gnu/h-i686-mingw32/bin/../lib/gcc/nios2-elf/4.1.2/../../../../nios2-elf/lib\libc.a(lib_a-locale.o)
                0x00013f80                __mb_cur_max
 .sdata         0x00013f88        0x8 d:/modelsim_ase/quartus/quartus cyclone ii/nios2eds/bin/gnu/h-i686-mingw32/bin/../lib/gcc/nios2-elf/4.1.2/../../../../nios2-elf/lib\libc.a(lib_a-mallocr.o)
                0x00013f88                __malloc_trim_threshold
                0x00013f8c                __malloc_sbrk_base
 .sdata         0x00013f90       0x14 ../FPGA_Lab3_bsp/\libhal_bsp.a(alt_dev.o)
                0x00013f90                alt_fs_list
                0x00013f98                alt_dev_list
                0x00013fa0                alt_max_fd
 .sdata         0x00013fa4        0x4 ../FPGA_Lab3_bsp/\libhal_bsp.a(alt_errno.o)
                0x00013fa4                alt_errno
 .sdata         0x00013fa8        0x4 ../FPGA_Lab3_bsp/\libhal_bsp.a(alt_irq_vars.o)
                0x00013fa8                alt_priority_mask
 .sdata         0x00013fac        0x4 ../FPGA_Lab3_bsp/\libhal_bsp.a(alt_sbrk.o)
 .sdata         0x00013fb0        0x8 ../FPGA_Lab3_bsp/\libhal_bsp.a(alt_tick.o)
                0x00013fb0                alt_alarm_list
 *(.sdata2 .sdata2.* .gnu.linkonce.s2.*)
                0x00013fb8                . = ALIGN (0x4)
                0x00013fb8                _edata = ABSOLUTE (.)
                0x00013fb8                PROVIDE (edata, ABSOLUTE (.))
                0x00013fb8                PROVIDE (__ram_rwdata_end, ABSOLUTE (.))
                0x00013fb8                PROVIDE (__flash_rwdata_start, LOADADDR (.rwdata))

.bss            0x00015b18   0x186d6c
                0x00015b18                __bss_start = ABSOLUTE (.)
                0x00015b18                PROVIDE (__sbss_start, ABSOLUTE (.))
                0x00015b18                PROVIDE (___sbss_start, ABSOLUTE (.))
 *(.dynsbss)
 *(.sbss .sbss.* .gnu.linkonce.sb.*)
 .sbss          0x00015b18        0x4 obj/default/PS2_ISR.o
                0x00015b18                count
 .sbss          0x00015b1c        0x4 obj/default/PS2_ISR.o
                0x00015b1c                flag
 .sbss          0x00015b20       0x14 obj/default/globals.o
                0x00015b20                byte2
                0x00015b21                byte3
                0x00015b22                copy_byte3
                0x00015b23                byte1
                0x00015b24                copy_byte1
                0x00015b25                copy_byte2
                0x00015b28                timeout
                0x00015b2c                buf_index_play
                0x00015b30                buf_index_record
 .sbss          0x00015b34       0x3c obj/default/media_interrupt_HAL.o
                0x00015b34                echo
                0x00015b38                mouse_width
                0x00015b3c                prev_y_mouse
                0x00015b40                y_mouse
                0x00015b44                prev_y_mouse_front
                0x00015b48                prev_y_mouse_back
                0x00015b4c                max_y_mouse
                0x00015b50                prev_x_mouse
                0x00015b54                max_x_mouse
                0x00015b58                right_button_click
                0x00015b5c                left_button_click
                0x00015b60                prev_x_mouse_back
                0x00015b64                x_mouse
                0x00015b68                middle_button_click
                0x00015b6c                prev_x_mouse_front
 .sbss          0x00015b70        0xc d:/modelsim_ase/quartus/quartus cyclone ii/nios2eds/bin/gnu/h-i686-mingw32/bin/../lib/gcc/nios2-elf/4.1.2/../../../../nios2-elf/lib\libc.a(lib_a-locale.o)
                0x00015b70                __nlocale_changed
                0x00015b74                __mlocale_changed
                0x00015b78                _PathLocale
 .sbss          0x00015b7c        0xc d:/modelsim_ase/quartus/quartus cyclone ii/nios2eds/bin/gnu/h-i686-mingw32/bin/../lib/gcc/nios2-elf/4.1.2/../../../../nios2-elf/lib\libc.a(lib_a-mallocr.o)
                0x00015b7c                __malloc_top_pad
                0x00015b80                __malloc_max_sbrked_mem
                0x00015b84                __malloc_max_total_mem
 .sbss          0x00015b88        0x4 d:/modelsim_ase/quartus/quartus cyclone ii/nios2eds/bin/gnu/h-i686-mingw32/bin/../lib/gcc/nios2-elf/4.1.2/../../../../nios2-elf/lib\libc.a(lib_a-int_errno.o)
                0x00015b88                errno
 .sbss          0x00015b8c        0x4 ../FPGA_Lab3_bsp/\libhal_bsp.a(alt_irq_vars.o)
                0x00015b8c                alt_irq_active
 .sbss          0x00015b90        0xc ../FPGA_Lab3_bsp/\libhal_bsp.a(alt_main.o)
                0x00015b90                alt_argc
                0x00015b94                alt_argv
                0x00015b98                alt_envp
 .sbss          0x00015b9c        0x8 ../FPGA_Lab3_bsp/\libhal_bsp.a(altera_avalon_timer_vars.o)
                0x00015b9c                altera_avalon_timer_ts_base
                0x00015ba0                altera_avalon_timer_ts_freq
 .sbss          0x00015ba4        0x8 ../FPGA_Lab3_bsp/\libhal_bsp.a(alt_tick.o)
                0x00015ba4                _alt_tick_rate
                0x00015ba8                _alt_nticks
 *(.sbss2 .sbss2.* .gnu.linkonce.sb2.*)
 *(.scommon)
                0x00015bac                PROVIDE (__sbss_end, ABSOLUTE (.))
                0x00015bac                PROVIDE (___sbss_end, ABSOLUTE (.))
 *(.dynbss)
 *(.bss .bss.* .gnu.linkonce.b.*)
 .bss           0x00015bac        0x0 ../FPGA_Lab3_bsp//obj/HAL/src/crt0.o
 .bss           0x00015bac        0x0 obj/default/PS2_ISR.o
 .bss           0x00015bac        0x0 obj/default/audio_ISR.o
 .bss           0x00015bac        0x0 obj/default/globals.o
 .bss           0x00015bac        0x0 obj/default/interval_timer_ISR.o
 .bss           0x00015bac        0x0 obj/default/media_interrupt_HAL.o
 .bss           0x00015bac        0x0 obj/default/pushbutton_ISR.o
 .bss           0x00015bac        0x0 d:/modelsim_ase/quartus/quartus cyclone ii/nios2eds/bin/gnu/h-i686-mingw32/bin/../lib/gcc/nios2-elf/4.1.2\libgcc.a(_si_to_sf.o)
 .bss           0x00015bac        0x0 d:/modelsim_ase/quartus/quartus cyclone ii/nios2eds/bin/gnu/h-i686-mingw32/bin/../lib/gcc/nios2-elf/4.1.2\libgcc.a(_sf_to_si.o)
 .bss           0x00015bac        0x0 d:/modelsim_ase/quartus/quartus cyclone ii/nios2eds/bin/gnu/h-i686-mingw32/bin/../lib/gcc/nios2-elf/4.1.2\libgcc.a(_sf_to_df.o)
 .bss           0x00015bac        0x0 d:/modelsim_ase/quartus/quartus cyclone ii/nios2eds/bin/gnu/h-i686-mingw32/bin/../lib/gcc/nios2-elf/4.1.2\libgcc.a(_usi_to_sf.o)
 .bss           0x00015bac        0x0 d:/modelsim_ase/quartus/quartus cyclone ii/nios2eds/bin/gnu/h-i686-mingw32/bin/../lib/gcc/nios2-elf/4.1.2\libgcc.a(_make_df.o)
 .bss           0x00015bac        0x0 d:/modelsim_ase/quartus/quartus cyclone ii/nios2eds/bin/gnu/h-i686-mingw32/bin/../lib/gcc/nios2-elf/4.1.2\libgcc.a(_clzsi2.o)
 .bss           0x00015bac        0x0 d:/modelsim_ase/quartus/quartus cyclone ii/nios2eds/bin/gnu/h-i686-mingw32/bin/../lib/gcc/nios2-elf/4.1.2\libgcc.a(_pack_sf.o)
 .bss           0x00015bac        0x0 d:/modelsim_ase/quartus/quartus cyclone ii/nios2eds/bin/gnu/h-i686-mingw32/bin/../lib/gcc/nios2-elf/4.1.2\libgcc.a(_unpack_sf.o)
 .bss           0x00015bac        0x0 d:/modelsim_ase/quartus/quartus cyclone ii/nios2eds/bin/gnu/h-i686-mingw32/bin/../lib/gcc/nios2-elf/4.1.2\libgcc.a(_pack_df.o)
 .bss           0x00015bac        0x0 d:/modelsim_ase/quartus/quartus cyclone ii/nios2eds/bin/gnu/h-i686-mingw32/bin/../lib/gcc/nios2-elf/4.1.2\libgcc.a(_clz.o)
 .bss           0x00015bac        0x0 d:/modelsim_ase/quartus/quartus cyclone ii/nios2eds/bin/gnu/h-i686-mingw32/bin/../lib/gcc/nios2-elf/4.1.2/../../../../nios2-elf/lib\libc.a(lib_a-memcpy.o)
 .bss           0x00015bac        0x0 d:/modelsim_ase/quartus/quartus cyclone ii/nios2eds/bin/gnu/h-i686-mingw32/bin/../lib/gcc/nios2-elf/4.1.2/../../../../nios2-elf/lib\libc.a(lib_a-memset.o)
 .bss           0x00015bac        0x0 d:/modelsim_ase/quartus/quartus cyclone ii/nios2eds/bin/gnu/h-i686-mingw32/bin/../lib/gcc/nios2-elf/4.1.2/../../../../nios2-elf/lib\libc.a(lib_a-printf.o)
 .bss           0x00015bac        0x0 d:/modelsim_ase/quartus/quartus cyclone ii/nios2eds/bin/gnu/h-i686-mingw32/bin/../lib/gcc/nios2-elf/4.1.2/../../../../nios2-elf/lib\libc.a(lib_a-vfprintf.o)
 .bss           0x00015bac        0x0 d:/modelsim_ase/quartus/quartus cyclone ii/nios2eds/bin/gnu/h-i686-mingw32/bin/../lib/gcc/nios2-elf/4.1.2/../../../../nios2-elf/lib\libc.a(lib_a-wsetup.o)
 .bss           0x00015bac        0x0 d:/modelsim_ase/quartus/quartus cyclone ii/nios2eds/bin/gnu/h-i686-mingw32/bin/../lib/gcc/nios2-elf/4.1.2/../../../../nios2-elf/lib\libc.a(lib_a-dtoa.o)
 .bss           0x00015bac        0x0 d:/modelsim_ase/quartus/quartus cyclone ii/nios2eds/bin/gnu/h-i686-mingw32/bin/../lib/gcc/nios2-elf/4.1.2/../../../../nios2-elf/lib\libc.a(lib_a-fflush.o)
 .bss           0x00015bac        0x0 d:/modelsim_ase/quartus/quartus cyclone ii/nios2eds/bin/gnu/h-i686-mingw32/bin/../lib/gcc/nios2-elf/4.1.2/../../../../nios2-elf/lib\libc.a(lib_a-findfp.o)
 .bss           0x00015bac        0x0 d:/modelsim_ase/quartus/quartus cyclone ii/nios2eds/bin/gnu/h-i686-mingw32/bin/../lib/gcc/nios2-elf/4.1.2/../../../../nios2-elf/lib\libc.a(lib_a-freer.o)
 .bss           0x00015bac        0x0 d:/modelsim_ase/quartus/quartus cyclone ii/nios2eds/bin/gnu/h-i686-mingw32/bin/../lib/gcc/nios2-elf/4.1.2/../../../../nios2-elf/lib\libc.a(lib_a-fvwrite.o)
 .bss           0x00015bac        0x0 d:/modelsim_ase/quartus/quartus cyclone ii/nios2eds/bin/gnu/h-i686-mingw32/bin/../lib/gcc/nios2-elf/4.1.2/../../../../nios2-elf/lib\libc.a(lib_a-fwalk.o)
 .bss           0x00015bac        0x0 d:/modelsim_ase/quartus/quartus cyclone ii/nios2eds/bin/gnu/h-i686-mingw32/bin/../lib/gcc/nios2-elf/4.1.2/../../../../nios2-elf/lib\libc.a(lib_a-impure.o)
 .bss           0x00015bac        0x0 d:/modelsim_ase/quartus/quartus cyclone ii/nios2eds/bin/gnu/h-i686-mingw32/bin/../lib/gcc/nios2-elf/4.1.2/../../../../nios2-elf/lib\libc.a(lib_a-locale.o)
 .bss           0x00015bac        0x0 d:/modelsim_ase/quartus/quartus cyclone ii/nios2eds/bin/gnu/h-i686-mingw32/bin/../lib/gcc/nios2-elf/4.1.2/../../../../nios2-elf/lib\libc.a(lib_a-makebuf.o)
 .bss           0x00015bac       0x28 d:/modelsim_ase/quartus/quartus cyclone ii/nios2eds/bin/gnu/h-i686-mingw32/bin/../lib/gcc/nios2-elf/4.1.2/../../../../nios2-elf/lib\libc.a(lib_a-mallocr.o)
                0x00015bac                __malloc_current_mallinfo
 .bss           0x00015bd4        0x0 d:/modelsim_ase/quartus/quartus cyclone ii/nios2eds/bin/gnu/h-i686-mingw32/bin/../lib/gcc/nios2-elf/4.1.2/../../../../nios2-elf/lib\libc.a(lib_a-memchr.o)
 .bss           0x00015bd4        0x0 d:/modelsim_ase/quartus/quartus cyclone ii/nios2eds/bin/gnu/h-i686-mingw32/bin/../lib/gcc/nios2-elf/4.1.2/../../../../nios2-elf/lib\libc.a(lib_a-memmove.o)
 .bss           0x00015bd4        0x0 d:/modelsim_ase/quartus/quartus cyclone ii/nios2eds/bin/gnu/h-i686-mingw32/bin/../lib/gcc/nios2-elf/4.1.2/../../../../nios2-elf/lib\libc.a(lib_a-mprec.o)
 .bss           0x00015bd4        0x0 d:/modelsim_ase/quartus/quartus cyclone ii/nios2eds/bin/gnu/h-i686-mingw32/bin/../lib/gcc/nios2-elf/4.1.2/../../../../nios2-elf/lib\libc.a(lib_a-reallocr.o)
 .bss           0x00015bd4        0x0 d:/modelsim_ase/quartus/quartus cyclone ii/nios2eds/bin/gnu/h-i686-mingw32/bin/../lib/gcc/nios2-elf/4.1.2/../../../../nios2-elf/lib\libc.a(lib_a-s_isinfd.o)
 .bss           0x00015bd4        0x0 d:/modelsim_ase/quartus/quartus cyclone ii/nios2eds/bin/gnu/h-i686-mingw32/bin/../lib/gcc/nios2-elf/4.1.2/../../../../nios2-elf/lib\libc.a(lib_a-s_isnand.o)
 .bss           0x00015bd4        0x0 d:/modelsim_ase/quartus/quartus cyclone ii/nios2eds/bin/gnu/h-i686-mingw32/bin/../lib/gcc/nios2-elf/4.1.2/../../../../nios2-elf/lib\libc.a(lib_a-sbrkr.o)
 .bss           0x00015bd4        0x0 d:/modelsim_ase/quartus/quartus cyclone ii/nios2eds/bin/gnu/h-i686-mingw32/bin/../lib/gcc/nios2-elf/4.1.2/../../../../nios2-elf/lib\libc.a(lib_a-stdio.o)
 .bss           0x00015bd4        0x0 d:/modelsim_ase/quartus/quartus cyclone ii/nios2eds/bin/gnu/h-i686-mingw32/bin/../lib/gcc/nios2-elf/4.1.2/../../../../nios2-elf/lib\libc.a(lib_a-strcmp.o)
 .bss           0x00015bd4        0x0 d:/modelsim_ase/quartus/quartus cyclone ii/nios2eds/bin/gnu/h-i686-mingw32/bin/../lib/gcc/nios2-elf/4.1.2/../../../../nios2-elf/lib\libc.a(lib_a-strlen.o)
 .bss           0x00015bd4        0x0 d:/modelsim_ase/quartus/quartus cyclone ii/nios2eds/bin/gnu/h-i686-mingw32/bin/../lib/gcc/nios2-elf/4.1.2/../../../../nios2-elf/lib\libc.a(lib_a-writer.o)
 .bss           0x00015bd4        0x0 d:/modelsim_ase/quartus/quartus cyclone ii/nios2eds/bin/gnu/h-i686-mingw32/bin/../lib/gcc/nios2-elf/4.1.2/../../../../nios2-elf/lib\libc.a(lib_a-callocr.o)
 .bss           0x00015bd4        0x0 d:/modelsim_ase/quartus/quartus cyclone ii/nios2eds/bin/gnu/h-i686-mingw32/bin/../lib/gcc/nios2-elf/4.1.2/../../../../nios2-elf/lib\libc.a(lib_a-closer.o)
 .bss           0x00015bd4        0x0 d:/modelsim_ase/quartus/quartus cyclone ii/nios2eds/bin/gnu/h-i686-mingw32/bin/../lib/gcc/nios2-elf/4.1.2/../../../../nios2-elf/lib\libc.a(lib_a-fclose.o)
 .bss           0x00015bd4        0x0 d:/modelsim_ase/quartus/quartus cyclone ii/nios2eds/bin/gnu/h-i686-mingw32/bin/../lib/gcc/nios2-elf/4.1.2/../../../../nios2-elf/lib\libc.a(lib_a-fstatr.o)
 .bss           0x00015bd4        0x0 d:/modelsim_ase/quartus/quartus cyclone ii/nios2eds/bin/gnu/h-i686-mingw32/bin/../lib/gcc/nios2-elf/4.1.2/../../../../nios2-elf/lib\libc.a(lib_a-int_errno.o)
 .bss           0x00015bd4        0x0 d:/modelsim_ase/quartus/quartus cyclone ii/nios2eds/bin/gnu/h-i686-mingw32/bin/../lib/gcc/nios2-elf/4.1.2/../../../../nios2-elf/lib\libc.a(lib_a-isattyr.o)
 .bss           0x00015bd4        0x0 d:/modelsim_ase/quartus/quartus cyclone ii/nios2eds/bin/gnu/h-i686-mingw32/bin/../lib/gcc/nios2-elf/4.1.2/../../../../nios2-elf/lib\libc.a(lib_a-lseekr.o)
 .bss           0x00015bd4        0x0 d:/modelsim_ase/quartus/quartus cyclone ii/nios2eds/bin/gnu/h-i686-mingw32/bin/../lib/gcc/nios2-elf/4.1.2/../../../../nios2-elf/lib\libc.a(lib_a-readr.o)
 .bss           0x00015bd4        0x0 d:/modelsim_ase/quartus/quartus cyclone ii/nios2eds/bin/gnu/h-i686-mingw32/bin/../lib/gcc/nios2-elf/4.1.2\libgcc.a(_udivdi3.o)
 .bss           0x00015bd4        0x0 d:/modelsim_ase/quartus/quartus cyclone ii/nios2eds/bin/gnu/h-i686-mingw32/bin/../lib/gcc/nios2-elf/4.1.2\libgcc.a(_umoddi3.o)
 .bss           0x00015bd4        0x0 d:/modelsim_ase/quartus/quartus cyclone ii/nios2eds/bin/gnu/h-i686-mingw32/bin/../lib/gcc/nios2-elf/4.1.2\libgcc.a(_addsub_df.o)
 .bss           0x00015bd4        0x0 d:/modelsim_ase/quartus/quartus cyclone ii/nios2eds/bin/gnu/h-i686-mingw32/bin/../lib/gcc/nios2-elf/4.1.2\libgcc.a(_mul_df.o)
 .bss           0x00015bd4        0x0 d:/modelsim_ase/quartus/quartus cyclone ii/nios2eds/bin/gnu/h-i686-mingw32/bin/../lib/gcc/nios2-elf/4.1.2\libgcc.a(_div_df.o)
 .bss           0x00015bd4        0x0 d:/modelsim_ase/quartus/quartus cyclone ii/nios2eds/bin/gnu/h-i686-mingw32/bin/../lib/gcc/nios2-elf/4.1.2\libgcc.a(_eq_df.o)
 .bss           0x00015bd4        0x0 d:/modelsim_ase/quartus/quartus cyclone ii/nios2eds/bin/gnu/h-i686-mingw32/bin/../lib/gcc/nios2-elf/4.1.2\libgcc.a(_ne_df.o)
 .bss           0x00015bd4        0x0 d:/modelsim_ase/quartus/quartus cyclone ii/nios2eds/bin/gnu/h-i686-mingw32/bin/../lib/gcc/nios2-elf/4.1.2\libgcc.a(_gt_df.o)
 .bss           0x00015bd4        0x0 d:/modelsim_ase/quartus/quartus cyclone ii/nios2eds/bin/gnu/h-i686-mingw32/bin/../lib/gcc/nios2-elf/4.1.2\libgcc.a(_ge_df.o)
 .bss           0x00015bd4        0x0 d:/modelsim_ase/quartus/quartus cyclone ii/nios2eds/bin/gnu/h-i686-mingw32/bin/../lib/gcc/nios2-elf/4.1.2\libgcc.a(_lt_df.o)
 .bss           0x00015bd4        0x0 d:/modelsim_ase/quartus/quartus cyclone ii/nios2eds/bin/gnu/h-i686-mingw32/bin/../lib/gcc/nios2-elf/4.1.2\libgcc.a(_si_to_df.o)
 .bss           0x00015bd4        0x0 d:/modelsim_ase/quartus/quartus cyclone ii/nios2eds/bin/gnu/h-i686-mingw32/bin/../lib/gcc/nios2-elf/4.1.2\libgcc.a(_df_to_si.o)
 .bss           0x00015bd4        0x0 d:/modelsim_ase/quartus/quartus cyclone ii/nios2eds/bin/gnu/h-i686-mingw32/bin/../lib/gcc/nios2-elf/4.1.2\libgcc.a(_thenan_df.o)
 .bss           0x00015bd4        0x0 d:/modelsim_ase/quartus/quartus cyclone ii/nios2eds/bin/gnu/h-i686-mingw32/bin/../lib/gcc/nios2-elf/4.1.2\libgcc.a(_usi_to_df.o)
 .bss           0x00015bd4        0x0 d:/modelsim_ase/quartus/quartus cyclone ii/nios2eds/bin/gnu/h-i686-mingw32/bin/../lib/gcc/nios2-elf/4.1.2\libgcc.a(lib2-divmod.o)
 .bss           0x00015bd4        0x0 d:/modelsim_ase/quartus/quartus cyclone ii/nios2eds/bin/gnu/h-i686-mingw32/bin/../lib/gcc/nios2-elf/4.1.2\libgcc.a(_muldi3.o)
 .bss           0x00015bd4        0x0 d:/modelsim_ase/quartus/quartus cyclone ii/nios2eds/bin/gnu/h-i686-mingw32/bin/../lib/gcc/nios2-elf/4.1.2\libgcc.a(_unpack_df.o)
 .bss           0x00015bd4        0x0 d:/modelsim_ase/quartus/quartus cyclone ii/nios2eds/bin/gnu/h-i686-mingw32/bin/../lib/gcc/nios2-elf/4.1.2\libgcc.a(_fpcmp_parts_df.o)
 .bss           0x00015bd4        0x0 ../FPGA_Lab3_bsp/\libhal_bsp.a(alt_close.o)
 .bss           0x00015bd4        0x0 ../FPGA_Lab3_bsp/\libhal_bsp.a(alt_dev.o)
 .bss           0x00015bd4        0x0 ../FPGA_Lab3_bsp/\libhal_bsp.a(alt_errno.o)
 .bss           0x00015bd4        0x0 ../FPGA_Lab3_bsp/\libhal_bsp.a(alt_fstat.o)
 .bss           0x00015bd4        0x0 ../FPGA_Lab3_bsp/\libhal_bsp.a(alt_irq_register.o)
 .bss           0x00015bd4        0x0 ../FPGA_Lab3_bsp/\libhal_bsp.a(alt_irq_vars.o)
 .bss           0x00015bd4        0x0 ../FPGA_Lab3_bsp/\libhal_bsp.a(alt_isatty.o)
 .bss           0x00015bd4        0x0 ../FPGA_Lab3_bsp/\libhal_bsp.a(alt_load.o)
 .bss           0x00015bd4        0x0 ../FPGA_Lab3_bsp/\libhal_bsp.a(alt_lseek.o)
 .bss           0x00015bd4        0x0 ../FPGA_Lab3_bsp/\libhal_bsp.a(alt_main.o)
 .bss           0x00015bd4        0x0 ../FPGA_Lab3_bsp/\libhal_bsp.a(alt_malloc_lock.o)
 .bss           0x00015bd4        0x0 ../FPGA_Lab3_bsp/\libhal_bsp.a(alt_printf.o)
 .bss           0x00015bd4        0x0 ../FPGA_Lab3_bsp/\libhal_bsp.a(alt_putchar.o)
 .bss           0x00015bd4        0x0 ../FPGA_Lab3_bsp/\libhal_bsp.a(alt_read.o)
 .bss           0x00015bd4        0x0 ../FPGA_Lab3_bsp/\libhal_bsp.a(alt_release_fd.o)
 .bss           0x00015bd4        0x0 ../FPGA_Lab3_bsp/\libhal_bsp.a(alt_sbrk.o)
 .bss           0x00015bd4        0x0 ../FPGA_Lab3_bsp/\libhal_bsp.a(alt_write.o)
 .bss           0x00015bd4        0x0 ../FPGA_Lab3_bsp/\libhal_bsp.a(alt_sys_init.o)
 .bss           0x00015bd4        0x0 ../FPGA_Lab3_bsp/\libhal_bsp.a(altera_avalon_jtag_uart_fd.o)
 .bss           0x00015bd4        0x0 ../FPGA_Lab3_bsp/\libhal_bsp.a(altera_avalon_jtag_uart_init.o)
 .bss           0x00015bd4        0x0 ../FPGA_Lab3_bsp/\libhal_bsp.a(altera_avalon_jtag_uart_ioctl.o)
 .bss           0x00015bd4        0x0 ../FPGA_Lab3_bsp/\libhal_bsp.a(altera_avalon_jtag_uart_read.o)
 .bss           0x00015bd4        0x0 ../FPGA_Lab3_bsp/\libhal_bsp.a(altera_avalon_jtag_uart_write.o)
 .bss           0x00015bd4        0x0 ../FPGA_Lab3_bsp/\libhal_bsp.a(altera_avalon_timer_ts.o)
 .bss           0x00015bd4        0x0 ../FPGA_Lab3_bsp/\libhal_bsp.a(altera_avalon_timer_vars.o)
 .bss           0x00015bd4        0x0 ../FPGA_Lab3_bsp/\libhal_bsp.a(altera_up_avalon_audio.o)
 .bss           0x00015bd4        0x0 ../FPGA_Lab3_bsp/\libhal_bsp.a(altera_up_avalon_character_lcd.o)
 .bss           0x00015bd4        0x0 ../FPGA_Lab3_bsp/\libhal_bsp.a(altera_up_avalon_parallel_port.o)
 .bss           0x00015bd4        0x0 ../FPGA_Lab3_bsp/\libhal_bsp.a(altera_up_avalon_ps2.o)
 .bss           0x00015bd4        0x0 ../FPGA_Lab3_bsp/\libhal_bsp.a(altera_up_avalon_video_character_buffer_with_dma.o)
 .bss           0x00015bd4        0x0 ../FPGA_Lab3_bsp/\libhal_bsp.a(altera_up_avalon_video_pixel_buffer_dma.o)
 .bss           0x00015bd4        0x0 ../FPGA_Lab3_bsp/\libhal_bsp.a(alt_alarm_start.o)
 .bss           0x00015bd4        0x0 ../FPGA_Lab3_bsp/\libhal_bsp.a(alt_dcache_flush_all.o)
 .bss           0x00015bd4        0x0 ../FPGA_Lab3_bsp/\libhal_bsp.a(alt_dev_llist_insert.o)
 .bss           0x00015bd4        0x0 ../FPGA_Lab3_bsp/\libhal_bsp.a(alt_do_ctors.o)
 .bss           0x00015bd4        0x0 ../FPGA_Lab3_bsp/\libhal_bsp.a(alt_do_dtors.o)
 .bss           0x00015bd4        0x0 ../FPGA_Lab3_bsp/\libhal_bsp.a(alt_find_dev.o)
 .bss           0x00015bd4        0x0 ../FPGA_Lab3_bsp/\libhal_bsp.a(alt_icache_flush_all.o)
 .bss           0x00015bd4        0x0 ../FPGA_Lab3_bsp/\libhal_bsp.a(alt_iic.o)
 .bss           0x00015bd4        0x0 ../FPGA_Lab3_bsp/\libhal_bsp.a(alt_iic_isr_register.o)
 .bss           0x00015bd4        0x0 ../FPGA_Lab3_bsp/\libhal_bsp.a(alt_io_redirect.o)
 .bss           0x00015bd4        0x0 ../FPGA_Lab3_bsp/\libhal_bsp.a(alt_irq_entry.o)
 .bss           0x00015bd4        0x0 ../FPGA_Lab3_bsp/\libhal_bsp.a(alt_irq_handler.o)
 .bss           0x00015bd4        0x0 ../FPGA_Lab3_bsp/\libhal_bsp.a(alt_open.o)
 .bss           0x00015bd4        0x0 ../FPGA_Lab3_bsp/\libhal_bsp.a(alt_tick.o)
 .bss           0x00015bd4        0x0 ../FPGA_Lab3_bsp/\libhal_bsp.a(altera_nios2_qsys_irq.o)
 .bss           0x00015bd4        0x0 ../FPGA_Lab3_bsp/\libhal_bsp.a(alt_exception_entry.o)
 .bss           0x00015bd4        0x0 ../FPGA_Lab3_bsp/\libhal_bsp.a(alt_find_file.o)
 .bss           0x00015bd4        0x0 ../FPGA_Lab3_bsp/\libhal_bsp.a(alt_get_fd.o)
 .bss           0x00015bd4        0x0 ../FPGA_Lab3_bsp/\libhal_bsp.a(alt_icache_flush.o)
 .bss           0x00015bd4        0x0 d:/modelsim_ase/quartus/quartus cyclone ii/nios2eds/bin/gnu/h-i686-mingw32/bin/../lib/gcc/nios2-elf/4.1.2/../../../../nios2-elf/lib\libc.a(lib_a-atexit.o)
 .bss           0x00015bd4        0x0 d:/modelsim_ase/quartus/quartus cyclone ii/nios2eds/bin/gnu/h-i686-mingw32/bin/../lib/gcc/nios2-elf/4.1.2/../../../../nios2-elf/lib\libc.a(lib_a-exit.o)
 .bss           0x00015bd4        0x0 d:/modelsim_ase/quartus/quartus cyclone ii/nios2eds/bin/gnu/h-i686-mingw32/bin/../lib/gcc/nios2-elf/4.1.2/../../../../nios2-elf/lib\libc.a(lib_a-memcmp.o)
 .bss           0x00015bd4        0x0 d:/modelsim_ase/quartus/quartus cyclone ii/nios2eds/bin/gnu/h-i686-mingw32/bin/../lib/gcc/nios2-elf/4.1.2/../../../../nios2-elf/lib\libc.a(lib_a-putc.o)
 .bss           0x00015bd4        0x0 d:/modelsim_ase/quartus/quartus cyclone ii/nios2eds/bin/gnu/h-i686-mingw32/bin/../lib/gcc/nios2-elf/4.1.2/../../../../nios2-elf/lib\libc.a(lib_a-wbuf.o)
 .bss           0x00015bd4        0x0 d:/modelsim_ase/quartus/quartus cyclone ii/nios2eds/bin/gnu/h-i686-mingw32/bin/../lib/gcc/nios2-elf/4.1.2/../../../../nios2-elf/lib\libc.a(lib_a-__atexit.o)
 .bss           0x00015bd4        0x0 d:/modelsim_ase/quartus/quartus cyclone ii/nios2eds/bin/gnu/h-i686-mingw32/bin/../lib/gcc/nios2-elf/4.1.2/../../../../nios2-elf/lib\libc.a(lib_a-__call_atexit.o)
 .bss           0x00015bd4        0x0 ../FPGA_Lab3_bsp/\libhal_bsp.a(alt_exit.o)
 *(COMMON)
 COMMON         0x00015bd4   0x186a00 obj/default/audio_ISR.o
                0x00015bd4                record_l_buf
                0x00077654                play_l_buf
                0x000d90d4                record_r_buf
                0x0013ab54                play_r_buf
 COMMON         0x0019c5d4       0x20 obj/default/globals.o
                0x0019c5d4                up_dev
 COMMON         0x0019c5f4      0x100 ../FPGA_Lab3_bsp/\libhal_bsp.a(alt_irq_handler.o)
                0x0019c5f4                alt_irq
 COMMON         0x0019c6f4      0x190 d:/modelsim_ase/quartus/quartus cyclone ii/nios2eds/bin/gnu/h-i686-mingw32/bin/../lib/gcc/nios2-elf/4.1.2/../../../../nios2-elf/lib\libc.a(lib_a-atexit.o)
                0x0019c6f4                _atexit0
                0x0019c884                . = ALIGN (0x4)
                0x0019c884                __bss_end = ABSOLUTE (.)

.SDRAM          0x0019c884        0x0
                0x0019c884                PROVIDE (_alt_partition_SDRAM_start, ABSOLUTE (.))
 *(.SDRAM. SDRAM.*)
                0x0019c884                . = ALIGN (0x4)
                0x0019c884                PROVIDE (_alt_partition_SDRAM_end, ABSOLUTE (.))
                0x0019c884                _end = ABSOLUTE (.)
                0x0019c884                end = ABSOLUTE (.)
                0x0019c884                __alt_stack_base = ABSOLUTE (.)
                0x0019c884                PROVIDE (_alt_partition_SDRAM_load_addr, LOADADDR (.SDRAM))

.Flash_flash_data
                0x0c000000        0x0 load address 0x0019c884
                0x0c000000                PROVIDE (_alt_partition_Flash_flash_data_start, ABSOLUTE (.))
 *(.Flash_flash_data. Flash_flash_data.*)
                0x0c000000                . = ALIGN (0x4)
                0x0c000000                PROVIDE (_alt_partition_Flash_flash_data_end, ABSOLUTE (.))
                0x0019c884                PROVIDE (_alt_partition_Flash_flash_data_load_addr, LOADADDR (.Flash_flash_data))

.stab
 *(.stab)

.stabstr
 *(.stabstr)

.stab.excl
 *(.stab.excl)

.stab.exclstr
 *(.stab.exclstr)

.stab.index
 *(.stab.index)

.stab.indexstr
 *(.stab.indexstr)

.comment        0x00000000       0x26
 *(.comment)
 .comment       0x00000000       0x26 obj/default/PS2_ISR.o
                                 0x27 (size before relaxing)
 .comment       0x00000000       0x27 obj/default/audio_ISR.o
 .comment       0x00000000       0x27 obj/default/globals.o
 .comment       0x00000000       0x27 obj/default/interval_timer_ISR.o
 .comment       0x00000000       0x27 obj/default/media_interrupt_HAL.o
 .comment       0x00000000       0x27 obj/default/pushbutton_ISR.o
 .comment       0x00000000       0x27 d:/modelsim_ase/quartus/quartus cyclone ii/nios2eds/bin/gnu/h-i686-mingw32/bin/../lib/gcc/nios2-elf/4.1.2\libgcc.a(_si_to_sf.o)
 .comment       0x00000000       0x27 d:/modelsim_ase/quartus/quartus cyclone ii/nios2eds/bin/gnu/h-i686-mingw32/bin/../lib/gcc/nios2-elf/4.1.2\libgcc.a(_sf_to_si.o)
 .comment       0x00000000       0x27 d:/modelsim_ase/quartus/quartus cyclone ii/nios2eds/bin/gnu/h-i686-mingw32/bin/../lib/gcc/nios2-elf/4.1.2\libgcc.a(_sf_to_df.o)
 .comment       0x00000000       0x27 d:/modelsim_ase/quartus/quartus cyclone ii/nios2eds/bin/gnu/h-i686-mingw32/bin/../lib/gcc/nios2-elf/4.1.2\libgcc.a(_usi_to_sf.o)
 .comment       0x00000000       0x27 d:/modelsim_ase/quartus/quartus cyclone ii/nios2eds/bin/gnu/h-i686-mingw32/bin/../lib/gcc/nios2-elf/4.1.2\libgcc.a(_make_df.o)
 .comment       0x00000000       0x27 d:/modelsim_ase/quartus/quartus cyclone ii/nios2eds/bin/gnu/h-i686-mingw32/bin/../lib/gcc/nios2-elf/4.1.2\libgcc.a(_clzsi2.o)
 .comment       0x00000000       0x27 d:/modelsim_ase/quartus/quartus cyclone ii/nios2eds/bin/gnu/h-i686-mingw32/bin/../lib/gcc/nios2-elf/4.1.2\libgcc.a(_pack_sf.o)
 .comment       0x00000000       0x27 d:/modelsim_ase/quartus/quartus cyclone ii/nios2eds/bin/gnu/h-i686-mingw32/bin/../lib/gcc/nios2-elf/4.1.2\libgcc.a(_unpack_sf.o)
 .comment       0x00000000       0x27 d:/modelsim_ase/quartus/quartus cyclone ii/nios2eds/bin/gnu/h-i686-mingw32/bin/../lib/gcc/nios2-elf/4.1.2\libgcc.a(_pack_df.o)
 .comment       0x00000000       0x27 d:/modelsim_ase/quartus/quartus cyclone ii/nios2eds/bin/gnu/h-i686-mingw32/bin/../lib/gcc/nios2-elf/4.1.2\libgcc.a(_clz.o)
 .comment       0x00000000       0x27 d:/modelsim_ase/quartus/quartus cyclone ii/nios2eds/bin/gnu/h-i686-mingw32/bin/../lib/gcc/nios2-elf/4.1.2/../../../../nios2-elf/lib\libc.a(lib_a-memcpy.o)
 .comment       0x00000000       0x27 d:/modelsim_ase/quartus/quartus cyclone ii/nios2eds/bin/gnu/h-i686-mingw32/bin/../lib/gcc/nios2-elf/4.1.2/../../../../nios2-elf/lib\libc.a(lib_a-memset.o)
 .comment       0x00000000       0x27 d:/modelsim_ase/quartus/quartus cyclone ii/nios2eds/bin/gnu/h-i686-mingw32/bin/../lib/gcc/nios2-elf/4.1.2/../../../../nios2-elf/lib\libc.a(lib_a-printf.o)
 .comment       0x00000000       0x27 d:/modelsim_ase/quartus/quartus cyclone ii/nios2eds/bin/gnu/h-i686-mingw32/bin/../lib/gcc/nios2-elf/4.1.2/../../../../nios2-elf/lib\libc.a(lib_a-vfprintf.o)
 .comment       0x00000000       0x27 d:/modelsim_ase/quartus/quartus cyclone ii/nios2eds/bin/gnu/h-i686-mingw32/bin/../lib/gcc/nios2-elf/4.1.2/../../../../nios2-elf/lib\libc.a(lib_a-wsetup.o)
 .comment       0x00000000       0x27 d:/modelsim_ase/quartus/quartus cyclone ii/nios2eds/bin/gnu/h-i686-mingw32/bin/../lib/gcc/nios2-elf/4.1.2/../../../../nios2-elf/lib\libc.a(lib_a-dtoa.o)
 .comment       0x00000000       0x27 d:/modelsim_ase/quartus/quartus cyclone ii/nios2eds/bin/gnu/h-i686-mingw32/bin/../lib/gcc/nios2-elf/4.1.2/../../../../nios2-elf/lib\libc.a(lib_a-fflush.o)
 .comment       0x00000000       0x27 d:/modelsim_ase/quartus/quartus cyclone ii/nios2eds/bin/gnu/h-i686-mingw32/bin/../lib/gcc/nios2-elf/4.1.2/../../../../nios2-elf/lib\libc.a(lib_a-findfp.o)
 .comment       0x00000000       0x27 d:/modelsim_ase/quartus/quartus cyclone ii/nios2eds/bin/gnu/h-i686-mingw32/bin/../lib/gcc/nios2-elf/4.1.2/../../../../nios2-elf/lib\libc.a(lib_a-freer.o)
 .comment       0x00000000       0x27 d:/modelsim_ase/quartus/quartus cyclone ii/nios2eds/bin/gnu/h-i686-mingw32/bin/../lib/gcc/nios2-elf/4.1.2/../../../../nios2-elf/lib\libc.a(lib_a-fvwrite.o)
 .comment       0x00000000       0x27 d:/modelsim_ase/quartus/quartus cyclone ii/nios2eds/bin/gnu/h-i686-mingw32/bin/../lib/gcc/nios2-elf/4.1.2/../../../../nios2-elf/lib\libc.a(lib_a-fwalk.o)
 .comment       0x00000000       0x27 d:/modelsim_ase/quartus/quartus cyclone ii/nios2eds/bin/gnu/h-i686-mingw32/bin/../lib/gcc/nios2-elf/4.1.2/../../../../nios2-elf/lib\libc.a(lib_a-impure.o)
 .comment       0x00000000       0x27 d:/modelsim_ase/quartus/quartus cyclone ii/nios2eds/bin/gnu/h-i686-mingw32/bin/../lib/gcc/nios2-elf/4.1.2/../../../../nios2-elf/lib\libc.a(lib_a-locale.o)
 .comment       0x00000000       0x27 d:/modelsim_ase/quartus/quartus cyclone ii/nios2eds/bin/gnu/h-i686-mingw32/bin/../lib/gcc/nios2-elf/4.1.2/../../../../nios2-elf/lib\libc.a(lib_a-makebuf.o)
 .comment       0x00000000       0x27 d:/modelsim_ase/quartus/quartus cyclone ii/nios2eds/bin/gnu/h-i686-mingw32/bin/../lib/gcc/nios2-elf/4.1.2/../../../../nios2-elf/lib\libc.a(lib_a-mallocr.o)
 .comment       0x00000000       0x27 d:/modelsim_ase/quartus/quartus cyclone ii/nios2eds/bin/gnu/h-i686-mingw32/bin/../lib/gcc/nios2-elf/4.1.2/../../../../nios2-elf/lib\libc.a(lib_a-memchr.o)
 .comment       0x00000000       0x27 d:/modelsim_ase/quartus/quartus cyclone ii/nios2eds/bin/gnu/h-i686-mingw32/bin/../lib/gcc/nios2-elf/4.1.2/../../../../nios2-elf/lib\libc.a(lib_a-memmove.o)
 .comment       0x00000000       0x27 d:/modelsim_ase/quartus/quartus cyclone ii/nios2eds/bin/gnu/h-i686-mingw32/bin/../lib/gcc/nios2-elf/4.1.2/../../../../nios2-elf/lib\libc.a(lib_a-mprec.o)
 .comment       0x00000000       0x27 d:/modelsim_ase/quartus/quartus cyclone ii/nios2eds/bin/gnu/h-i686-mingw32/bin/../lib/gcc/nios2-elf/4.1.2/../../../../nios2-elf/lib\libc.a(lib_a-reallocr.o)
 .comment       0x00000000       0x27 d:/modelsim_ase/quartus/quartus cyclone ii/nios2eds/bin/gnu/h-i686-mingw32/bin/../lib/gcc/nios2-elf/4.1.2/../../../../nios2-elf/lib\libc.a(lib_a-s_isinfd.o)
 .comment       0x00000000       0x27 d:/modelsim_ase/quartus/quartus cyclone ii/nios2eds/bin/gnu/h-i686-mingw32/bin/../lib/gcc/nios2-elf/4.1.2/../../../../nios2-elf/lib\libc.a(lib_a-s_isnand.o)
 .comment       0x00000000       0x27 d:/modelsim_ase/quartus/quartus cyclone ii/nios2eds/bin/gnu/h-i686-mingw32/bin/../lib/gcc/nios2-elf/4.1.2/../../../../nios2-elf/lib\libc.a(lib_a-sbrkr.o)
 .comment       0x00000000       0x27 d:/modelsim_ase/quartus/quartus cyclone ii/nios2eds/bin/gnu/h-i686-mingw32/bin/../lib/gcc/nios2-elf/4.1.2/../../../../nios2-elf/lib\libc.a(lib_a-stdio.o)
 .comment       0x00000000       0x27 d:/modelsim_ase/quartus/quartus cyclone ii/nios2eds/bin/gnu/h-i686-mingw32/bin/../lib/gcc/nios2-elf/4.1.2/../../../../nios2-elf/lib\libc.a(lib_a-strcmp.o)
 .comment       0x00000000       0x27 d:/modelsim_ase/quartus/quartus cyclone ii/nios2eds/bin/gnu/h-i686-mingw32/bin/../lib/gcc/nios2-elf/4.1.2/../../../../nios2-elf/lib\libc.a(lib_a-strlen.o)
 .comment       0x00000000       0x27 d:/modelsim_ase/quartus/quartus cyclone ii/nios2eds/bin/gnu/h-i686-mingw32/bin/../lib/gcc/nios2-elf/4.1.2/../../../../nios2-elf/lib\libc.a(lib_a-writer.o)
 .comment       0x00000000       0x27 d:/modelsim_ase/quartus/quartus cyclone ii/nios2eds/bin/gnu/h-i686-mingw32/bin/../lib/gcc/nios2-elf/4.1.2/../../../../nios2-elf/lib\libc.a(lib_a-callocr.o)
 .comment       0x00000000       0x27 d:/modelsim_ase/quartus/quartus cyclone ii/nios2eds/bin/gnu/h-i686-mingw32/bin/../lib/gcc/nios2-elf/4.1.2/../../../../nios2-elf/lib\libc.a(lib_a-closer.o)
 .comment       0x00000000       0x27 d:/modelsim_ase/quartus/quartus cyclone ii/nios2eds/bin/gnu/h-i686-mingw32/bin/../lib/gcc/nios2-elf/4.1.2/../../../../nios2-elf/lib\libc.a(lib_a-fclose.o)